Archive member included because of file (symbol)

D:\Home2021\ChroZen-LC\LC_AS\SoC\Ch_AS_SF2_FW-git\SoftConsole4-SF2\SF2_hw_platform\Debug\libSF2_hw_platform.a(mss_uart.o)
                              ./src/system.o (g_mss_uart0)
D:\Home2021\ChroZen-LC\LC_AS\SoC\Ch_AS_SF2_FW-git\SoftConsole4-SF2\SF2_hw_platform\Debug\libSF2_hw_platform.a(mss_nvm.o)
                              ./src/procotol.o (NVM_write)
D:\Home2021\ChroZen-LC\LC_AS\SoC\Ch_AS_SF2_FW-git\SoftConsole4-SF2\SF2_hw_platform\Debug\libSF2_hw_platform.a(system_m2sxxx.o)
                              D:/Home2021/ChroZen-LC/LC_AS/SoC/Ch_AS_SF2_FW-git/SoftConsole4-SF2/SF2_hw_platform/Debug/src/CMSIS/startup_gcc/startup_m2sxxx.o (SystemInit)
c:/microsemi/softconsole_v4.0/arm-none-eabi-gcc/bin/../lib/gcc/arm-none-eabi/4.9.3/../../../../arm-none-eabi/lib/armv7-m\libg.a(lib_a-ctype_.o)
                              ./src/util.o (__ctype_ptr__)
c:/microsemi/softconsole_v4.0/arm-none-eabi-gcc/bin/../lib/gcc/arm-none-eabi/4.9.3/../../../../arm-none-eabi/lib/armv7-m\libg.a(lib_a-errno.o)
                              D:/Home2021/ChroZen-LC/LC_AS/SoC/Ch_AS_SF2_FW-git/SoftConsole4-SF2/SF2_hw_platform/Debug/src/CMSIS/startup_gcc/newlib_stubs.o (__errno)
c:/microsemi/softconsole_v4.0/arm-none-eabi-gcc/bin/../lib/gcc/arm-none-eabi/4.9.3/../../../../arm-none-eabi/lib/armv7-m\libg.a(lib_a-exit.o)
                              c:/microsemi/softconsole_v4.0/arm-none-eabi-gcc/bin/../lib/gcc/arm-none-eabi/4.9.3/../../../../arm-none-eabi/lib/armv7-m/crt0.o (exit)
c:/microsemi/softconsole_v4.0/arm-none-eabi-gcc/bin/../lib/gcc/arm-none-eabi/4.9.3/../../../../arm-none-eabi/lib/armv7-m\libg.a(lib_a-impure.o)
                              c:/microsemi/softconsole_v4.0/arm-none-eabi-gcc/bin/../lib/gcc/arm-none-eabi/4.9.3/../../../../arm-none-eabi/lib/armv7-m\libg.a(lib_a-exit.o) (_global_impure_ptr)
c:/microsemi/softconsole_v4.0/arm-none-eabi-gcc/bin/../lib/gcc/arm-none-eabi/4.9.3/../../../../arm-none-eabi/lib/armv7-m\libg.a(lib_a-init.o)
                              c:/microsemi/softconsole_v4.0/arm-none-eabi-gcc/bin/../lib/gcc/arm-none-eabi/4.9.3/../../../../arm-none-eabi/lib/armv7-m/crt0.o (__libc_init_array)
c:/microsemi/softconsole_v4.0/arm-none-eabi-gcc/bin/../lib/gcc/arm-none-eabi/4.9.3/../../../../arm-none-eabi/lib/armv7-m\libg.a(lib_a-malloc.o)
                              ./src/queue.o (malloc)
c:/microsemi/softconsole_v4.0/arm-none-eabi-gcc/bin/../lib/gcc/arm-none-eabi/4.9.3/../../../../arm-none-eabi/lib/armv7-m\libg.a(lib_a-mallocr.o)
                              c:/microsemi/softconsole_v4.0/arm-none-eabi-gcc/bin/../lib/gcc/arm-none-eabi/4.9.3/../../../../arm-none-eabi/lib/armv7-m\libg.a(lib_a-malloc.o) (_malloc_r)
c:/microsemi/softconsole_v4.0/arm-none-eabi-gcc/bin/../lib/gcc/arm-none-eabi/4.9.3/../../../../arm-none-eabi/lib/armv7-m\libg.a(lib_a-memcpy.o)
                              ./src/procotol.o (memcpy)
c:/microsemi/softconsole_v4.0/arm-none-eabi-gcc/bin/../lib/gcc/arm-none-eabi/4.9.3/../../../../arm-none-eabi/lib/armv7-m\libg.a(lib_a-memset.o)
                              c:/microsemi/softconsole_v4.0/arm-none-eabi-gcc/bin/../lib/gcc/arm-none-eabi/4.9.3/../../../../arm-none-eabi/lib/armv7-m/crt0.o (memset)
c:/microsemi/softconsole_v4.0/arm-none-eabi-gcc/bin/../lib/gcc/arm-none-eabi/4.9.3/../../../../arm-none-eabi/lib/armv7-m\libg.a(lib_a-mlock.o)
                              c:/microsemi/softconsole_v4.0/arm-none-eabi-gcc/bin/../lib/gcc/arm-none-eabi/4.9.3/../../../../arm-none-eabi/lib/armv7-m\libg.a(lib_a-mallocr.o) (__malloc_lock)
c:/microsemi/softconsole_v4.0/arm-none-eabi-gcc/bin/../lib/gcc/arm-none-eabi/4.9.3/../../../../arm-none-eabi/lib/armv7-m\libg.a(lib_a-sbrkr.o)
                              c:/microsemi/softconsole_v4.0/arm-none-eabi-gcc/bin/../lib/gcc/arm-none-eabi/4.9.3/../../../../arm-none-eabi/lib/armv7-m\libg.a(lib_a-mallocr.o) (_sbrk_r)
c:/microsemi/softconsole_v4.0/arm-none-eabi-gcc/bin/../lib/gcc/arm-none-eabi/4.9.3/../../../../arm-none-eabi/lib/armv7-m\libg.a(lib_a-__call_atexit.o)
                              c:/microsemi/softconsole_v4.0/arm-none-eabi-gcc/bin/../lib/gcc/arm-none-eabi/4.9.3/../../../../arm-none-eabi/lib/armv7-m\libg.a(lib_a-exit.o) (__call_exitprocs)
c:/microsemi/softconsole_v4.0/arm-none-eabi-gcc/bin/../lib/gcc/arm-none-eabi/4.9.3/../../../../arm-none-eabi/lib/armv7-m\libg.a(lib_a-atexit.o)
                              c:/microsemi/softconsole_v4.0/arm-none-eabi-gcc/bin/../lib/gcc/arm-none-eabi/4.9.3/../../../../arm-none-eabi/lib/armv7-m\libg.a(lib_a-__call_atexit.o) (atexit)
c:/microsemi/softconsole_v4.0/arm-none-eabi-gcc/bin/../lib/gcc/arm-none-eabi/4.9.3/../../../../arm-none-eabi/lib/armv7-m\libg.a(lib_a-fini.o)
                              c:/microsemi/softconsole_v4.0/arm-none-eabi-gcc/bin/../lib/gcc/arm-none-eabi/4.9.3/../../../../arm-none-eabi/lib/armv7-m\libg.a(lib_a-__call_atexit.o) (__libc_fini_array)
[...]
Memory Configuration

Name             Origin             Length             Attributes
ram              0x20000000         0x00010000         xrw
*default*        0x00000000         0xffffffff

Linker script and memory map

LOAD c:/microsemi/softconsole_v4.0/arm-none-eabi-gcc/bin/../lib/gcc/arm-none-eabi/4.9.3/armv7-m/crti.o
LOAD c:/microsemi/softconsole_v4.0/arm-none-eabi-gcc/bin/../lib/gcc/arm-none-eabi/4.9.3/armv7-m/crtbegin.o
LOAD c:/microsemi/softconsole_v4.0/arm-none-eabi-gcc/bin/../lib/gcc/arm-none-eabi/4.9.3/../../../../arm-none-eabi/lib/armv7-m/crt0.o
LOAD ./src/Interrupt.o
LOAD ./src/main.o
LOAD ./src/procotol.o
LOAD ./src/queue.o
LOAD ./src/storage.o
LOAD ./src/system.o
LOAD ./src/timer.o
LOAD ./src/util.o
LOAD D:/Home2021/ChroZen-LC/LC_AS/SoC/Ch_AS_SF2_FW-git/SoftConsole4-SF2/SF2_hw_platform/Debug/src/CMSIS/startup_gcc/newlib_stubs.o
LOAD D:/Home2021/ChroZen-LC/LC_AS/SoC/Ch_AS_SF2_FW-git/SoftConsole4-SF2/SF2_hw_platform/Debug/src/CMSIS/startup_gcc/startup_m2sxxx.o
LOAD D:\Home2021\ChroZen-LC\LC_AS\SoC\Ch_AS_SF2_FW-git\SoftConsole4-SF2\SF2_hw_platform\Debug\libSF2_hw_platform.a
START GROUP
LOAD c:/microsemi/softconsole_v4.0/arm-none-eabi-gcc/bin/../lib/gcc/arm-none-eabi/4.9.3/armv7-m\libgcc.a
LOAD c:/microsemi/softconsole_v4.0/arm-none-eabi-gcc/bin/../lib/gcc/arm-none-eabi/4.9.3/../../../../arm-none-eabi/lib/armv7-m\libg.a
LOAD c:/microsemi/softconsole_v4.0/arm-none-eabi-gcc/bin/../lib/gcc/arm-none-eabi/4.9.3/../../../../arm-none-eabi/lib/armv7-m\libc.a
END GROUP
LOAD c:/microsemi/softconsole_v4.0/arm-none-eabi-gcc/bin/../lib/gcc/arm-none-eabi/4.9.3/armv7-m/crtend.o
LOAD c:/microsemi/softconsole_v4.0/arm-none-eabi-gcc/bin/../lib/gcc/arm-none-eabi/4.9.3/armv7-m/crtn.o
START GROUP
LOAD c:/microsemi/softconsole_v4.0/arm-none-eabi-gcc/bin/../lib/gcc/arm-none-eabi/4.9.3/../../../../arm-none-eabi/lib/armv7-m\libc.a
LOAD c:/microsemi/softconsole_v4.0/arm-none-eabi-gcc/bin/../lib/gcc/arm-none-eabi/4.9.3/armv7-m\libgcc.a
LOAD c:/microsemi/softconsole_v4.0/arm-none-eabi-gcc/bin/../lib/gcc/arm-none-eabi/4.9.3/../../../../arm-none-eabi/lib/armv7-m\libm.a
END GROUP
                0x00000000                __DYNAMIC = 0x0
                0x20000000                RAM_START_ADDRESS = 0x20000000
                0x00010000                RAM_SIZE = 0x10000
                0x00001000                MAIN_STACK_SIZE = 0x1000
                0x00001000                MIN_SIZE_HEAP = 0x1000
                0x20010000                PROVIDE (__main_stack_start, (RAM_START_ADDRESS + RAM_SIZE))
                0x20010000                PROVIDE (_estack, __main_stack_start)
                0x00000000                PROVIDE (__mirrored_nvm, 0x0)
                0x00000000                PROVIDE (__smartfusion2_memory_remap, 0x0)

.vector_table   0x20000000      0x2e4
                0x20000000                __vector_table_load = LOADADDR (.vector_table)
                0x20000000                __vector_table_start = .
                0x20000000                __vector_table_vma_base_address = .
 *(.isr_vector)
 .isr_vector    0x20000000      0x2e4 D:/Home2021/ChroZen-LC/LC_AS/SoC/Ch_AS_SF2_FW-git/SoftConsole4-SF2/SF2_hw_platform/Debug/src/CMSIS/startup_gcc/startup_m2sxxx.o
                0x20000000                g_pfnVectors
                0x20000188                Reset_Handler
                0x20000202                SVC_Handler
                0x20000204                DebugMon_Handler
                0x20000206                PendSV_Handler
                0x20000208                SysTick_Handler
                0x2000020c                RTC_Wakeup_IRQHandler
                0x2000020e                SPI0_IRQHandler
                0x20000210                SPI1_IRQHandler
                0x20000212                I2C0_IRQHandler
                0x20000214                I2C0_SMBAlert_IRQHandler
                0x20000216                I2C0_SMBus_IRQHandler
                0x20000218                I2C1_IRQHandler
                0x2000021a                I2C1_SMBAlert_IRQHandler
                0x2000021c                I2C1_SMBus_IRQHandler
                0x20000222                EthernetMAC_IRQHandler
                0x20000224                DMA_IRQHandler
                0x20000228                Timer2_IRQHandler
                0x2000022a                CAN_IRQHandler
                0x2000022c                ENVM0_IRQHandler
                0x2000022e                ENVM1_IRQHandler
                0x20000230                ComBlk_IRQHandler
                0x20000232                USB_IRQHandler
                0x20000234                USB_DMA_IRQHandler
                0x20000236                PLL_Lock_IRQHandler
                0x20000238                PLL_LockLost_IRQHandler
                0x2000023e                DDR_IRQHandler
                0x20000240                HPDMA_Complete_IRQHandler
                0x20000242                HPDMA_Error_IRQHandler
                0x20000246                MDDR_IOCalib_IRQHandler
                0x20000248                FAB_PLL_Lock_IRQHandler
                0x2000024a                FAB_PLL_LockLost_IRQHandler
                0x2000024c                FIC64_IRQHandler
                0x2000024e                FabricIrq0_IRQHandler
                0x20000250                FabricIrq1_IRQHandler
                0x20000252                FabricIrq2_IRQHandler
                0x20000254                FabricIrq3_IRQHandler
                0x20000256                FabricIrq4_IRQHandler
                0x20000258                FabricIrq5_IRQHandler
                0x2000025a                FabricIrq6_IRQHandler
                0x2000025c                FabricIrq7_IRQHandler
                0x2000025e                FabricIrq8_IRQHandler
                0x20000260                FabricIrq9_IRQHandler
                0x20000262                FabricIrq10_IRQHandler
                0x20000264                FabricIrq11_IRQHandler
                0x20000266                FabricIrq12_IRQHandler
                0x20000268                FabricIrq13_IRQHandler
                0x2000026a                FabricIrq14_IRQHandler
                0x2000026c                FabricIrq15_IRQHandler
                0x2000026e                GPIO0_IRQHandler
                0x20000270                GPIO1_IRQHandler
                0x20000272                GPIO2_IRQHandler
                0x20000274                GPIO3_IRQHandler
                0x20000276                GPIO4_IRQHandler
                0x20000278                GPIO5_IRQHandler
                0x2000027a                GPIO6_IRQHandler
                0x2000027c                GPIO7_IRQHandler
                0x2000027e                GPIO8_IRQHandler
                0x20000280                GPIO9_IRQHandler
                0x20000282                GPIO10_IRQHandler
                0x20000284                GPIO11_IRQHandler
                0x20000286                GPIO12_IRQHandler
                0x20000288                GPIO13_IRQHandler
                0x2000028a                GPIO14_IRQHandler
                0x2000028c                GPIO15_IRQHandler
                0x2000028e                GPIO16_IRQHandler
                0x20000290                GPIO17_IRQHandler
                0x20000292                GPIO18_IRQHandler
                0x20000294                GPIO19_IRQHandler
                0x20000296                GPIO20_IRQHandler
                0x20000298                GPIO21_IRQHandler
                0x2000029a                GPIO22_IRQHandler
                0x2000029c                GPIO23_IRQHandler
                0x2000029e                GPIO24_IRQHandler
                0x200002a0                GPIO25_IRQHandler
                0x200002a2                GPIO26_IRQHandler
                0x200002a4                GPIO27_IRQHandler
                0x200002a6                GPIO28_IRQHandler
                0x200002a8                GPIO29_IRQHandler
                0x200002aa                GPIO30_IRQHandler
                0x200002ac                GPIO31_IRQHandler
                0x200002ae                mscc_post_hw_cfg_init
                0x200002e4                . = ALIGN (0x4)
                0x200002e4                _evector_table = .

.boot_code      0x200002e4        0x0
 *(.boot_code)
                0x200002e4                . = ALIGN (0x4)

.text           0x200002e4     0x2e1c
 CREATE_OBJECT_SYMBOLS
                0x200002e4                __text_load = LOADADDR (.text)
                0x200002e4                __text_start = .
 *(.text .text.* .gnu.linkonce.t.*)
 .text          0x200002e4       0x5c c:/microsemi/softconsole_v4.0/arm-none-eabi-gcc/bin/../lib/gcc/arm-none-eabi/4.9.3/armv7-m/crtbegin.o
 .text.prvGetRegistersFromStack
                0x20000340       0x50 ./src/Interrupt.o
                0x20000340                prvGetRegistersFromStack
 .text.NMI_Handler
                0x20000390       0x10 ./src/Interrupt.o
                0x20000390                NMI_Handler
 .text.HardFault_Handler
                0x200003a0       0x20 ./src/Interrupt.o
                0x200003a0                HardFault_Handler
 .text.MemManage_Handler
                0x200003c0       0x10 ./src/Interrupt.o
                0x200003c0                MemManage_Handler
 .text.BusFault_Handler
                0x200003d0       0x10 ./src/Interrupt.o
                0x200003d0                BusFault_Handler
 .text.UsageFault_Handler
                0x200003e0       0x10 ./src/Interrupt.o
                0x200003e0                UsageFault_Handler
 .text.WdogWakeup_IRQHandler
                0x200003f0       0x10 ./src/Interrupt.o
                0x200003f0                WdogWakeup_IRQHandler
 .text.CommSwitchError_IRQHandler
                0x20000400       0x10 ./src/Interrupt.o
                0x20000400                CommSwitchError_IRQHandler
 .text.CacheError_IRQHandler
                0x20000410       0x10 ./src/Interrupt.o
                0x20000410                CacheError_IRQHandler
 .text.ECC_Error_IRQHandler
                0x20000420       0x10 ./src/Interrupt.o
                0x20000420                ECC_Error_IRQHandler
 .text.main     0x20000430       0x1c ./src/main.o
                0x20000430                main
 .text.NVIC_ClearPendingIRQ
                0x2000044c       0x34 ./src/procotol.o
 .text.uart0_rx_handler
                0x20000480       0x5c ./src/procotol.o
                0x20000480                uart0_rx_handler
 .text.GenPacket
                0x200004dc       0xec ./src/procotol.o
                0x200004dc                GenPacket
 .text.RecvData
                0x200005c8       0x94 ./src/procotol.o
                0x200005c8                RecvData
 .text.CalcChkSum
                0x2000065c       0x60 ./src/procotol.o
                0x2000065c                CalcChkSum
 .text.CheckPacket
                0x200006bc       0x5c ./src/procotol.o
                0x200006bc                CheckPacket
 .text.ParseUpdateData
                0x20000718      0x544 ./src/procotol.o
                0x20000718                ParseUpdateData
 .text.processFwUpdate
                0x20000c5c       0xa8 ./src/procotol.o
                0x20000c5c                processFwUpdate
 .text.post_update_ready
                0x20000d04       0x40 ./src/procotol.o
                0x20000d04                post_update_ready
 .text.init_queue
                0x20000d44       0x44 ./src/queue.o
                0x20000d44                init_queue
 .text.get_buffer_size
                0x20000d88       0x20 ./src/queue.o
                0x20000d88                get_buffer_size
 .text.get_available
                0x20000da8       0x4c ./src/queue.o
                0x20000da8                get_available
 .text.enqueue  0x20000df4       0xe4 ./src/queue.o
                0x20000df4                enqueue
 .text.dequeue  0x20000ed8       0xcc ./src/queue.o
                0x20000ed8                dequeue
 .text.peek     0x20000fa4       0xb0 ./src/queue.o
                0x20000fa4                peek
 .text.InitStorageInfo
                0x20001054       0x48 ./src/storage.o
                0x20001054                InitStorageInfo
 .text.GetStorageInfo
                0x2000109c       0x14 ./src/storage.o
                0x2000109c                GetStorageInfo
 .text.LoadStorageInfo
                0x200010b0       0x58 ./src/storage.o
                0x200010b0                LoadStorageInfo
 .text.SaveStorageInfo
                0x20001108       0xfc ./src/storage.o
                0x20001108                SaveStorageInfo
 .text.SaveStorageInfoALL
                0x20001204       0x9c ./src/storage.o
                0x20001204                SaveStorageInfoALL
 .text.GetBLVer
                0x200012a0       0x24 ./src/storage.o
                0x200012a0                GetBLVer
 .text.GetIAPVer
                0x200012c4       0x24 ./src/storage.o
                0x200012c4                GetIAPVer
 .text.SetIAPVer
                0x200012e8       0x1c ./src/storage.o
                0x200012e8                SetIAPVer
 .text.GetAPPVer
                0x20001304       0x24 ./src/storage.o
                0x20001304                GetAPPVer
 .text.GetFPGAVer
                0x20001328       0x24 ./src/storage.o
                0x20001328                GetFPGAVer
 .text.SetSerialNo
                0x2000134c       0x20 ./src/storage.o
                0x2000134c                SetSerialNo
 .text.NVIC_EnableIRQ
                0x2000136c       0x30 ./src/system.o
 .text.NVIC_DisableIRQ
                0x2000139c       0x34 ./src/system.o
 .text.NVIC_SystemReset
                0x200013d0       0x28 ./src/system.o
 .text.get_uart
                0x200013f8       0x14 ./src/system.o
                0x200013f8                get_uart
 .text.MSS_UART0_enable_intr
                0x2000140c        0xc ./src/system.o
                0x2000140c                MSS_UART0_enable_intr
 .text.MSS_UART0_disable_intr
                0x20001418        0xc ./src/system.o
                0x20001418                MSS_UART0_disable_intr
 .text.init_system
                0x20001424       0x64 ./src/system.o
                0x20001424                init_system
 .text.reset_system
                0x20001488        0xc ./src/system.o
                0x20001488                reset_system
 .text.NVIC_EnableIRQ
                0x20001494       0x30 ./src/timer.o
 .text.NVIC_DisableIRQ
                0x200014c4       0x34 ./src/timer.o
 .text.NVIC_ClearPendingIRQ
                0x200014f8       0x34 ./src/timer.o
 .text.MSS_TIM1_init
                0x2000152c       0x58 ./src/timer.o
 .text.MSS_TIM1_start
                0x20001584       0x18 ./src/timer.o
 .text.MSS_TIM1_load_immediate
                0x2000159c       0x1c ./src/timer.o
 .text.MSS_TIM1_enable_irq
                0x200015b8       0x18 ./src/timer.o
 .text.MSS_TIM1_clear_irq
                0x200015d0       0x18 ./src/timer.o
 .text.Timer1_IRQHandler
                0x200015e8       0x28 ./src/timer.o
                0x200015e8                Timer1_IRQHandler
 .text.init_timer_1
                0x20001610       0x28 ./src/timer.o
                0x20001610                init_timer_1
 .text.get_mili_time
                0x20001638       0x18 ./src/timer.o
                0x20001638                get_mili_time
 .text.diff_mili_time
                0x20001650       0x3c ./src/timer.o
                0x20001650                diff_mili_time
 .text.delay_us
                0x2000168c       0x44 ./src/util.o
                0x2000168c                delay_us
 .text.delay_ms
                0x200016d0       0x2c ./src/util.o
                0x200016d0                delay_ms
 .text._write_r
                0x200016fc       0x30 D:/Home2021/ChroZen-LC/LC_AS/SoC/Ch_AS_SF2_FW-git/SoftConsole4-SF2/SF2_hw_platform/Debug/src/CMSIS/startup_gcc/newlib_stubs.o
                0x200016fc                _write_r
 .text._sbrk    0x2000172c       0x3c D:/Home2021/ChroZen-LC/LC_AS/SoC/Ch_AS_SF2_FW-git/SoftConsole4-SF2/SF2_hw_platform/Debug/src/CMSIS/startup_gcc/newlib_stubs.o
                0x2000172c                _sbrk
 .text.NVIC_EnableIRQ
                0x20001768       0x18 D:\Home2021\ChroZen-LC\LC_AS\SoC\Ch_AS_SF2_FW-git\SoftConsole4-SF2\SF2_hw_platform\Debug\libSF2_hw_platform.a(mss_uart.o)
 .text.NVIC_ClearPendingIRQ
                0x20001780       0x18 D:\Home2021\ChroZen-LC\LC_AS\SoC\Ch_AS_SF2_FW-git\SoftConsole4-SF2\SF2_hw_platform\Debug\libSF2_hw_platform.a(mss_uart.o)
 .text.set_bit_reg8
                0x20001798       0x18 D:\Home2021\ChroZen-LC\LC_AS\SoC\Ch_AS_SF2_FW-git\SoftConsole4-SF2\SF2_hw_platform\Debug\libSF2_hw_platform.a(mss_uart.o)
 .text.clear_bit_reg8
                0x200017b0       0x18 D:\Home2021\ChroZen-LC\LC_AS\SoC\Ch_AS_SF2_FW-git\SoftConsole4-SF2\SF2_hw_platform\Debug\libSF2_hw_platform.a(mss_uart.o)
 .text.read_bit_reg8
                0x200017c8       0x18 D:\Home2021\ChroZen-LC\LC_AS\SoC\Ch_AS_SF2_FW-git\SoftConsole4-SF2\SF2_hw_platform\Debug\libSF2_hw_platform.a(mss_uart.o)
 .text.default_tx_handler
                0x200017e0       0x84 D:\Home2021\ChroZen-LC\LC_AS\SoC\Ch_AS_SF2_FW-git\SoftConsole4-SF2\SF2_hw_platform\Debug\libSF2_hw_platform.a(mss_uart.o)
 .text.MSS_UART_isr.part.0
                0x20001864       0xac D:\Home2021\ChroZen-LC\LC_AS\SoC\Ch_AS_SF2_FW-git\SoftConsole4-SF2\SF2_hw_platform\Debug\libSF2_hw_platform.a(mss_uart.o)
 .text.global_init
                0x20001910      0x1e8 D:\Home2021\ChroZen-LC\LC_AS\SoC\Ch_AS_SF2_FW-git\SoftConsole4-SF2\SF2_hw_platform\Debug\libSF2_hw_platform.a(mss_uart.o)
 .text.MSS_UART_init
                0x20001af8       0x48 D:\Home2021\ChroZen-LC\LC_AS\SoC\Ch_AS_SF2_FW-git\SoftConsole4-SF2\SF2_hw_platform\Debug\libSF2_hw_platform.a(mss_uart.o)
                0x20001af8                MSS_UART_init
 .text.MSS_UART_polled_tx
                0x20001b40       0x68 D:\Home2021\ChroZen-LC\LC_AS\SoC\Ch_AS_SF2_FW-git\SoftConsole4-SF2\SF2_hw_platform\Debug\libSF2_hw_platform.a(mss_uart.o)
                0x20001b40                MSS_UART_polled_tx
 .text.MSS_UART_get_rx
                0x20001ba8       0x6c D:\Home2021\ChroZen-LC\LC_AS\SoC\Ch_AS_SF2_FW-git\SoftConsole4-SF2\SF2_hw_platform\Debug\libSF2_hw_platform.a(mss_uart.o)
                0x20001ba8                MSS_UART_get_rx
 .text.MSS_UART_set_rx_handler
                0x20001c14       0x64 D:\Home2021\ChroZen-LC\LC_AS\SoC\Ch_AS_SF2_FW-git\SoftConsole4-SF2\SF2_hw_platform\Debug\libSF2_hw_platform.a(mss_uart.o)
                0x20001c14                MSS_UART_set_rx_handler
 .text.UART0_IRQHandler
                0x20001c78       0x1c D:\Home2021\ChroZen-LC\LC_AS\SoC\Ch_AS_SF2_FW-git\SoftConsole4-SF2\SF2_hw_platform\Debug\libSF2_hw_platform.a(mss_uart.o)
                0x20001c78                UART0_IRQHandler
 .text.UART1_IRQHandler
                0x20001c94       0x1c D:\Home2021\ChroZen-LC\LC_AS\SoC\Ch_AS_SF2_FW-git\SoftConsole4-SF2\SF2_hw_platform\Debug\libSF2_hw_platform.a(mss_uart.o)
                0x20001c94                UART1_IRQHandler
 .text.request_nvm_access
                0x20001cb0       0x4c D:\Home2021\ChroZen-LC\LC_AS\SoC\Ch_AS_SF2_FW-git\SoftConsole4-SF2\SF2_hw_platform\Debug\libSF2_hw_platform.a(mss_nvm.o)
 .text.release_ctrl_access
                0x20001cfc       0x40 D:\Home2021\ChroZen-LC\LC_AS\SoC\Ch_AS_SF2_FW-git\SoftConsole4-SF2\SF2_hw_platform\Debug\libSF2_hw_platform.a(mss_nvm.o)
 .text.wait_nvm_ready
                0x20001d3c       0x2c D:\Home2021\ChroZen-LC\LC_AS\SoC\Ch_AS_SF2_FW-git\SoftConsole4-SF2\SF2_hw_platform\Debug\libSF2_hw_platform.a(mss_nvm.o)
 .text.fill_wd_buffer
                0x20001d68       0x9c D:\Home2021\ChroZen-LC\LC_AS\SoC\Ch_AS_SF2_FW-git\SoftConsole4-SF2\SF2_hw_platform\Debug\libSF2_hw_platform.a(mss_nvm.o)
 .text.check_protection_reserved_nvm
                0x20001e04      0x2bc D:\Home2021\ChroZen-LC\LC_AS\SoC\Ch_AS_SF2_FW-git\SoftConsole4-SF2\SF2_hw_platform\Debug\libSF2_hw_platform.a(mss_nvm.o)
 .text.get_error_code
                0x200020c0       0x26 D:\Home2021\ChroZen-LC\LC_AS\SoC\Ch_AS_SF2_FW-git\SoftConsole4-SF2\SF2_hw_platform\Debug\libSF2_hw_platform.a(mss_nvm.o)
 *fill*         0x200020e6        0x2 
 .text.get_ctrl_access
                0x200020e8       0x44 D:\Home2021\ChroZen-LC\LC_AS\SoC\Ch_AS_SF2_FW-git\SoftConsole4-SF2\SF2_hw_platform\Debug\libSF2_hw_platform.a(mss_nvm.o)
 .text.NVM_write
                0x2000212c      0x1e8 D:\Home2021\ChroZen-LC\LC_AS\SoC\Ch_AS_SF2_FW-git\SoftConsole4-SF2\SF2_hw_platform\Debug\libSF2_hw_platform.a(mss_nvm.o)
                0x2000212c                NVM_write
 .text.NVM_unlock
                0x20002314      0x110 D:\Home2021\ChroZen-LC\LC_AS\SoC\Ch_AS_SF2_FW-git\SoftConsole4-SF2\SF2_hw_platform\Debug\libSF2_hw_platform.a(mss_nvm.o)
                0x20002314                NVM_unlock
 .text.MSS_NVM_read
                0x20002424       0x30 D:\Home2021\ChroZen-LC\LC_AS\SoC\Ch_AS_SF2_FW-git\SoftConsole4-SF2\SF2_hw_platform\Debug\libSF2_hw_platform.a(mss_nvm.o)
                0x20002424                MSS_NVM_read
 .text.NVM_verify
                0x20002454       0xb8 D:\Home2021\ChroZen-LC\LC_AS\SoC\Ch_AS_SF2_FW-git\SoftConsole4-SF2\SF2_hw_platform\Debug\libSF2_hw_platform.a(mss_nvm.o)
                0x20002454                NVM_verify
 .text.set_clock_frequency_globals
                0x2000250c       0x40 D:\Home2021\ChroZen-LC\LC_AS\SoC\Ch_AS_SF2_FW-git\SoftConsole4-SF2\SF2_hw_platform\Debug\libSF2_hw_platform.a(system_m2sxxx.o)
 .text.SystemInit
                0x2000254c       0x40 D:\Home2021\ChroZen-LC\LC_AS\SoC\Ch_AS_SF2_FW-git\SoftConsole4-SF2\SF2_hw_platform\Debug\libSF2_hw_platform.a(system_m2sxxx.o)
                0x2000254c                SystemInit
 .text.SystemCoreClockUpdate
                0x2000258c       0xb8 D:\Home2021\ChroZen-LC\LC_AS\SoC\Ch_AS_SF2_FW-git\SoftConsole4-SF2\SF2_hw_platform\Debug\libSF2_hw_platform.a(system_m2sxxx.o)
                0x2000258c                SystemCoreClockUpdate
 .text.__libc_init_array
                0x20002644       0x50 c:/microsemi/softconsole_v4.0/arm-none-eabi-gcc/bin/../lib/gcc/arm-none-eabi/4.9.3/../../../../arm-none-eabi/lib/armv7-m\libg.a(lib_a-init.o)
                0x20002644                __libc_init_array
 .text.malloc   0x20002694       0x10 c:/microsemi/softconsole_v4.0/arm-none-eabi-gcc/bin/../lib/gcc/arm-none-eabi/4.9.3/../../../../arm-none-eabi/lib/armv7-m\libg.a(lib_a-malloc.o)
                0x20002694                malloc
 .text._malloc_r
                0x200026a4      0x50c c:/microsemi/softconsole_v4.0/arm-none-eabi-gcc/bin/../lib/gcc/arm-none-eabi/4.9.3/../../../../arm-none-eabi/lib/armv7-m\libg.a(lib_a-mallocr.o)
                0x200026a4                _malloc_r
 .text          0x20002bb0       0xec c:/microsemi/softconsole_v4.0/arm-none-eabi-gcc/bin/../lib/gcc/arm-none-eabi/4.9.3/../../../../arm-none-eabi/lib/armv7-m\libg.a(lib_a-memcpy.o)
                0x20002bb0                memcpy
 .text.memset   0x20002c9c       0x9c c:/microsemi/softconsole_v4.0/arm-none-eabi-gcc/bin/../lib/gcc/arm-none-eabi/4.9.3/../../../../arm-none-eabi/lib/armv7-m\libg.a(lib_a-memset.o)
                0x20002c9c                memset
 .text.__malloc_lock
                0x20002d38        0x4 c:/microsemi/softconsole_v4.0/arm-none-eabi-gcc/bin/../lib/gcc/arm-none-eabi/4.9.3/../../../../arm-none-eabi/lib/armv7-m\libg.a(lib_a-mlock.o)
                0x20002d38                __malloc_lock
 .text.__malloc_unlock
                0x20002d3c        0x4 c:/microsemi/softconsole_v4.0/arm-none-eabi-gcc/bin/../lib/gcc/arm-none-eabi/4.9.3/../../../../arm-none-eabi/lib/armv7-m\libg.a(lib_a-mlock.o)
                0x20002d3c                __malloc_unlock
 .text._sbrk_r  0x20002d40       0x24 c:/microsemi/softconsole_v4.0/arm-none-eabi-gcc/bin/../lib/gcc/arm-none-eabi/4.9.3/../../../../arm-none-eabi/lib/armv7-m\libg.a(lib_a-sbrkr.o)
                0x20002d40                _sbrk_r
 .text.startup.register_fini
                0x20002d64       0x14 c:/microsemi/softconsole_v4.0/arm-none-eabi-gcc/bin/../lib/gcc/arm-none-eabi/4.9.3/../../../../arm-none-eabi/lib/armv7-m\libg.a(lib_a-__call_atexit.o)
 .text.atexit   0x20002d78        0xc c:/microsemi/softconsole_v4.0/arm-none-eabi-gcc/bin/../lib/gcc/arm-none-eabi/4.9.3/../../../../arm-none-eabi/lib/armv7-m\libg.a(lib_a-atexit.o)
                0x20002d78                atexit
 .text.__libc_fini_array
                0x20002d84       0x2c c:/microsemi/softconsole_v4.0/arm-none-eabi-gcc/bin/../lib/gcc/arm-none-eabi/4.9.3/../../../../arm-none-eabi/lib/armv7-m\libg.a(lib_a-fini.o)
                0x20002d84                __libc_fini_array
 .text._malloc_trim_r
                0x20002db0       0x9c c:/microsemi/softconsole_v4.0/arm-none-eabi-gcc/bin/../lib/gcc/arm-none-eabi/4.9.3/../../../../arm-none-eabi/lib/armv7-m\libg.a(lib_a-freer.o)
                0x20002db0                _malloc_trim_r
 .text._free_r  0x20002e4c      0x1b0 c:/microsemi/softconsole_v4.0/arm-none-eabi-gcc/bin/../lib/gcc/arm-none-eabi/4.9.3/../../../../arm-none-eabi/lib/armv7-m\libg.a(lib_a-freer.o)
                0x20002e4c                _free_r
 .text.__register_exitproc
                0x20002ffc       0xa4 c:/microsemi/softconsole_v4.0/arm-none-eabi-gcc/bin/../lib/gcc/arm-none-eabi/4.9.3/../../../../arm-none-eabi/lib/armv7-m\libg.a(lib_a-__atexit.o)
                0x20002ffc                __register_exitproc
 *(.plt)
 *(.gnu.warning)
 *(.glue_7t)
 .glue_7t       0x00000000        0x0 linker stubs
 *(.glue_7)
 .glue_7        0x00000000        0x0 linker stubs
 *(.vfp11_veneer)
 .vfp11_veneer  0x00000000        0x0 linker stubs
                0x200030a0                . = ALIGN (0x4)
 *crtbegin.o(.ctors)
 *(EXCLUDE_FILE(*crtend.o) .ctors)
 *(SORT(.ctors.*))
 *crtend.o(.ctors)
 *crtbegin.o(.dtors)
 *(EXCLUDE_FILE(*crtend.o) .dtors)
 *(SORT(.dtors.*))
 *crtend.o(.dtors)
 *(.rodata .rodata.* .gnu.linkonce.r.*)
 .rodata.str1.1
                0x200030a0       0x1a D:/Home2021/ChroZen-LC/LC_AS/SoC/Ch_AS_SF2_FW-git/SoftConsole4-SF2/SF2_hw_platform/Debug/src/CMSIS/startup_gcc/newlib_stubs.o
 *fill*         0x200030ba        0x2 
 .rodata.g_nvm  0x200030bc        0x8 D:\Home2021\ChroZen-LC\LC_AS\SoC\Ch_AS_SF2_FW-git\SoftConsole4-SF2\SF2_hw_platform\Debug\libSF2_hw_platform.a(mss_nvm.o)
 .rodata.g_nvm32
                0x200030c4        0x8 D:\Home2021\ChroZen-LC\LC_AS\SoC\Ch_AS_SF2_FW-git\SoftConsole4-SF2\SF2_hw_platform\Debug\libSF2_hw_platform.a(mss_nvm.o)
 .rodata        0x200030cc        0x8 D:\Home2021\ChroZen-LC\LC_AS\SoC\Ch_AS_SF2_FW-git\SoftConsole4-SF2\SF2_hw_platform\Debug\libSF2_hw_platform.a(system_m2sxxx.o)
 .rodata.str1.4
                0x200030d4        0x4 c:/microsemi/softconsole_v4.0/arm-none-eabi-gcc/bin/../lib/gcc/arm-none-eabi/4.9.3/../../../../arm-none-eabi/lib/armv7-m\libg.a(lib_a-impure.o)
                                  0x2 (size before relaxing)
 .rodata._global_impure_ptr
                0x200030d8        0x4 c:/microsemi/softconsole_v4.0/arm-none-eabi-gcc/bin/../lib/gcc/arm-none-eabi/4.9.3/../../../../arm-none-eabi/lib/armv7-m\libg.a(lib_a-impure.o)
                0x200030d8                _global_impure_ptr
 *(.ARM.extab* .gnu.linkonce.armextab.*)
 *(.gcc_except_table)
 *(.eh_frame_hdr)
 *(.eh_frame)
 .eh_frame      0x200030dc        0x0 c:/microsemi/softconsole_v4.0/arm-none-eabi-gcc/bin/../lib/gcc/arm-none-eabi/4.9.3/armv7-m/crtbegin.o
 *(.vector_table)
 *(.init)
 .init          0x200030dc        0x4 c:/microsemi/softconsole_v4.0/arm-none-eabi-gcc/bin/../lib/gcc/arm-none-eabi/4.9.3/armv7-m/crti.o
                0x200030dc                _init
 .init          0x200030e0        0x8 c:/microsemi/softconsole_v4.0/arm-none-eabi-gcc/bin/../lib/gcc/arm-none-eabi/4.9.3/armv7-m/crtn.o
 *(.fini)
 .fini          0x200030e8        0x4 c:/microsemi/softconsole_v4.0/arm-none-eabi-gcc/bin/../lib/gcc/arm-none-eabi/4.9.3/armv7-m/crti.o
                0x200030e8                _fini
 .fini          0x200030ec        0x8 c:/microsemi/softconsole_v4.0/arm-none-eabi-gcc/bin/../lib/gcc/arm-none-eabi/4.9.3/armv7-m/crtn.o
                0x200030f4                PROVIDE (__preinit_array_start, .)
 *(.preinit_array)
                0x200030f4                PROVIDE (__preinit_array_end, .)
                0x200030f4                PROVIDE (__init_array_start, .)
 *(SORT(.init_array.*))
 .init_array.00000
                0x200030f4        0x4 c:/microsemi/softconsole_v4.0/arm-none-eabi-gcc/bin/../lib/gcc/arm-none-eabi/4.9.3/../../../../arm-none-eabi/lib/armv7-m\libg.a(lib_a-__call_atexit.o)
 *(.init_array)
 .init_array    0x200030f8        0x4 c:/microsemi/softconsole_v4.0/arm-none-eabi-gcc/bin/../lib/gcc/arm-none-eabi/4.9.3/armv7-m/crtbegin.o
                0x200030fc                PROVIDE (__init_array_end, .)
                0x200030fc                PROVIDE (__fini_array_start, .)
 *(.fini_array)
 .fini_array    0x200030fc        0x4 c:/microsemi/softconsole_v4.0/arm-none-eabi-gcc/bin/../lib/gcc/arm-none-eabi/4.9.3/armv7-m/crtbegin.o
 *(SORT(.fini_array.*))
                0x20003100                PROVIDE (__fini_array_end, .)
                0x20003100                . = ALIGN (0x4)
                0x20003100                __exidx_start = .

.v4_bx          0x20003100        0x0
 .v4_bx         0x00000000        0x0 linker stubs

.iplt           0x20003100        0x0
 .iplt          0x00000000        0x0 c:/microsemi/softconsole_v4.0/arm-none-eabi-gcc/bin/../lib/gcc/arm-none-eabi/4.9.3/armv7-m/crtbegin.o

.rel.dyn        0x20003100        0x0
 .rel.iplt      0x00000000        0x0 c:/microsemi/softconsole_v4.0/arm-none-eabi-gcc/bin/../lib/gcc/arm-none-eabi/4.9.3/armv7-m/crtbegin.o

.ARM.exidx
 *(.ARM.exidx* .gnu.linkonce.armexidx.*)
                0x20003100                __exidx_end = .
                0x20003100                _etext = .
                0x20003100                PROVIDE (__text_end, .)

.data           0x20003100      0x864
                0x20003100                __data_load = LOADADDR (.data)
                0x20003100                _sidata = LOADADDR (.data)
                0x20003100                __data_start = .
                0x20003100                _sdata = .
 *(.jcr)
 .jcr           0x20003100        0x0 c:/microsemi/softconsole_v4.0/arm-none-eabi-gcc/bin/../lib/gcc/arm-none-eabi/4.9.3/armv7-m/crtbegin.o
 .jcr           0x20003100        0x4 c:/microsemi/softconsole_v4.0/arm-none-eabi-gcc/bin/../lib/gcc/arm-none-eabi/4.9.3/armv7-m/crtend.o
 *(.got.plt)
 *(.got)
 *(.shdata)
 *(.data .data.* .gnu.linkonce.d.*)
 .data.baseAddress.8434
                0x20003104        0x4 ./src/procotol.o
 .data.g_FrequencyFIC64
                0x20003108        0x4 D:\Home2021\ChroZen-LC\LC_AS\SoC\Ch_AS_SF2_FW-git\SoftConsole4-SF2\SF2_hw_platform\Debug\libSF2_hw_platform.a(system_m2sxxx.o)
                0x20003108                g_FrequencyFIC64
 .data.g_FrequencyPCLK2
                0x2000310c        0x4 D:\Home2021\ChroZen-LC\LC_AS\SoC\Ch_AS_SF2_FW-git\SoftConsole4-SF2\SF2_hw_platform\Debug\libSF2_hw_platform.a(system_m2sxxx.o)
                0x2000310c                g_FrequencyPCLK2
 .data.g_FrequencyFIC0
                0x20003110        0x4 D:\Home2021\ChroZen-LC\LC_AS\SoC\Ch_AS_SF2_FW-git\SoftConsole4-SF2\SF2_hw_platform\Debug\libSF2_hw_platform.a(system_m2sxxx.o)
                0x20003110                g_FrequencyFIC0
 .data.g_FrequencyFIC1
                0x20003114        0x4 D:\Home2021\ChroZen-LC\LC_AS\SoC\Ch_AS_SF2_FW-git\SoftConsole4-SF2\SF2_hw_platform\Debug\libSF2_hw_platform.a(system_m2sxxx.o)
                0x20003114                g_FrequencyFIC1
 .data.g_FrequencyPCLK0
                0x20003118        0x4 D:\Home2021\ChroZen-LC\LC_AS\SoC\Ch_AS_SF2_FW-git\SoftConsole4-SF2\SF2_hw_platform\Debug\libSF2_hw_platform.a(system_m2sxxx.o)
                0x20003118                g_FrequencyPCLK0
 .data.g_FrequencyPCLK1
                0x2000311c        0x4 D:\Home2021\ChroZen-LC\LC_AS\SoC\Ch_AS_SF2_FW-git\SoftConsole4-SF2\SF2_hw_platform\Debug\libSF2_hw_platform.a(system_m2sxxx.o)
                0x2000311c                g_FrequencyPCLK1
 .data.SystemCoreClock
                0x20003120        0x4 D:\Home2021\ChroZen-LC\LC_AS\SoC\Ch_AS_SF2_FW-git\SoftConsole4-SF2\SF2_hw_platform\Debug\libSF2_hw_platform.a(system_m2sxxx.o)
                0x20003120                SystemCoreClock
 *fill*         0x20003124        0x4 
 .data.impure_data
                0x20003128      0x428 c:/microsemi/softconsole_v4.0/arm-none-eabi-gcc/bin/../lib/gcc/arm-none-eabi/4.9.3/../../../../arm-none-eabi/lib/armv7-m\libg.a(lib_a-impure.o)
 .data._impure_ptr
                0x20003550        0x4 c:/microsemi/softconsole_v4.0/arm-none-eabi-gcc/bin/../lib/gcc/arm-none-eabi/4.9.3/../../../../arm-none-eabi/lib/armv7-m\libg.a(lib_a-impure.o)
                0x20003550                _impure_ptr
 .data.__malloc_av_
                0x20003554      0x408 c:/microsemi/softconsole_v4.0/arm-none-eabi-gcc/bin/../lib/gcc/arm-none-eabi/4.9.3/../../../../arm-none-eabi/lib/armv7-m\libg.a(lib_a-mallocr.o)
                0x20003554                __malloc_av_
 .data.__malloc_trim_threshold
                0x2000395c        0x4 c:/microsemi/softconsole_v4.0/arm-none-eabi-gcc/bin/../lib/gcc/arm-none-eabi/4.9.3/../../../../arm-none-eabi/lib/armv7-m\libg.a(lib_a-mallocr.o)
                0x2000395c                __malloc_trim_threshold
 .data.__malloc_sbrk_base
                0x20003960        0x4 c:/microsemi/softconsole_v4.0/arm-none-eabi-gcc/bin/../lib/gcc/arm-none-eabi/4.9.3/../../../../arm-none-eabi/lib/armv7-m\libg.a(lib_a-mallocr.o)
                0x20003960                __malloc_sbrk_base
                0x20003964                . = ALIGN (0x4)
                0x20003964                _edata = .

.igot.plt       0x20003964        0x0
 .igot.plt      0x00000000        0x0 c:/microsemi/softconsole_v4.0/arm-none-eabi-gcc/bin/../lib/gcc/arm-none-eabi/4.9.3/armv7-m/crtbegin.o

.bss            0x20003964      0x1f8
                0x20003964                __bss_start__ = .
                0x20003964                _sbss = .
 *(.shbss)
 *(.bss .bss.* .gnu.linkonce.b.*)
 .bss           0x20003964       0x1c c:/microsemi/softconsole_v4.0/arm-none-eabi-gcc/bin/../lib/gcc/arm-none-eabi/4.9.3/armv7-m/crtbegin.o
 .bss.offset.8435
                0x20003980        0x4 ./src/procotol.o
 .bss.address.8433
                0x20003984        0x4 ./src/procotol.o
 .bss.g_tQueue  0x20003988        0xc ./src/queue.o
 .bss.Time1mS   0x20003994        0x4 ./src/timer.o
                0x20003994                Time1mS
 .bss.g_stdio_uart_init_done
                0x20003998        0x4 D:/Home2021/ChroZen-LC/LC_AS/SoC/Ch_AS_SF2_FW-git/SoftConsole4-SF2/SF2_hw_platform/Debug/src/CMSIS/startup_gcc/newlib_stubs.o
 .bss.heap_end.7280
                0x2000399c        0x4 D:/Home2021/ChroZen-LC/LC_AS/SoC/Ch_AS_SF2_FW-git/SoftConsole4-SF2/SF2_hw_platform/Debug/src/CMSIS/startup_gcc/newlib_stubs.o
 .bss.g_do_not_lock_page
                0x200039a0        0x1 D:\Home2021\ChroZen-LC\LC_AS\SoC\Ch_AS_SF2_FW-git\SoftConsole4-SF2\SF2_hw_platform\Debug\libSF2_hw_platform.a(mss_nvm.o)
 .bss.g_envm_ctrl_locks
                0x200039a1        0x1 D:\Home2021\ChroZen-LC\LC_AS\SoC\Ch_AS_SF2_FW-git\SoftConsole4-SF2\SF2_hw_platform\Debug\libSF2_hw_platform.a(mss_nvm.o)
 *fill*         0x200039a2        0x2 
 .bss.__malloc_max_total_mem
                0x200039a4        0x4 c:/microsemi/softconsole_v4.0/arm-none-eabi-gcc/bin/../lib/gcc/arm-none-eabi/4.9.3/../../../../arm-none-eabi/lib/armv7-m\libg.a(lib_a-mallocr.o)
                0x200039a4                __malloc_max_total_mem
 .bss.__malloc_max_sbrked_mem
                0x200039a8        0x4 c:/microsemi/softconsole_v4.0/arm-none-eabi-gcc/bin/../lib/gcc/arm-none-eabi/4.9.3/../../../../arm-none-eabi/lib/armv7-m\libg.a(lib_a-mallocr.o)
                0x200039a8                __malloc_max_sbrked_mem
 .bss.__malloc_top_pad
                0x200039ac        0x4 c:/microsemi/softconsole_v4.0/arm-none-eabi-gcc/bin/../lib/gcc/arm-none-eabi/4.9.3/../../../../arm-none-eabi/lib/armv7-m\libg.a(lib_a-mallocr.o)
                0x200039ac                __malloc_top_pad
 .bss.__malloc_current_mallinfo
                0x200039b0       0x28 c:/microsemi/softconsole_v4.0/arm-none-eabi-gcc/bin/../lib/gcc/arm-none-eabi/4.9.3/../../../../arm-none-eabi/lib/armv7-m\libg.a(lib_a-mallocr.o)
                0x200039b0                __malloc_current_mallinfo
 *(COMMON)
 COMMON         0x200039d8      0x100 ./src/storage.o
                0x200039d8                g_tStorageInfo
 COMMON         0x20003ad8       0x80 D:\Home2021\ChroZen-LC\LC_AS\SoC\Ch_AS_SF2_FW-git\SoftConsole4-SF2\SF2_hw_platform\Debug\libSF2_hw_platform.a(mss_uart.o)
                0x20003ad8                g_mss_uart1
                0x20003b18                g_mss_uart0
 COMMON         0x20003b58        0x4 c:/microsemi/softconsole_v4.0/arm-none-eabi-gcc/bin/../lib/gcc/arm-none-eabi/4.9.3/../../../../arm-none-eabi/lib/armv7-m\libg.a(lib_a-reent.o)
                0x20003b58                errno
                0x20003b5c                . = ALIGN (0x4)
                0x20003b5c                __bss_end__ = .
                0x20003b5c                _end = .
                0x20003b5c                __end = _end
                0x20003b5c                _ebss = .
                0x20003b5c                PROVIDE (end, .)

.heap           0x20003b5c     0xb4a4
                0x20003b5c                __heap_start__ = .
                0x20004b5c                . = (. + MIN_SIZE_HEAP)
 *fill*         0x20003b5c     0x1000 
                0x2000f000                . = (. + (((ABSOLUTE (RAM_START_ADDRESS) + RAM_SIZE) - MAIN_STACK_SIZE) - .))
 *fill*         0x20004b5c     0xa4a4 
                0x2000f000                _eheap = .

.stack          0x2000f000     0x1000
                0x2000f000                __stack_start__ = .
                0x20010000                . = (. + MAIN_STACK_SIZE)
 *fill*         0x2000f000     0x1000 
                0x20010000                _estack = .

.stab
 *(.stab)

.stabstr
 *(.stabstr)

.debug
 *(.debug)

.line
 *(.line)

.debug_srcinfo
 *(.debug_srcinfo)

.debug_sfnames
 *(.debug_sfnames)

.debug_aranges  0x00000000      0x6f8
 *(.debug_aranges)
 .debug_aranges
                0x00000000       0x68 ./src/Interrupt.o
 .debug_aranges
                0x00000068       0x20 ./src/main.o
 .debug_aranges
                0x00000088       0x70 ./src/procotol.o
 .debug_aranges
                0x000000f8       0x80 ./src/queue.o
 .debug_aranges
                0x00000178      0x138 ./src/storage.o
 .debug_aranges
                0x000002b0       0x60 ./src/system.o
 .debug_aranges
                0x00000310       0x78 ./src/timer.o
 .debug_aranges
                0x00000388       0x40 ./src/util.o
 .debug_aranges
                0x000003c8       0xa8 D:/Home2021/ChroZen-LC/LC_AS/SoC/Ch_AS_SF2_FW-git/SoftConsole4-SF2/SF2_hw_platform/Debug/src/CMSIS/startup_gcc/newlib_stubs.o
 .debug_aranges
                0x00000470       0x20 D:/Home2021/ChroZen-LC/LC_AS/SoC/Ch_AS_SF2_FW-git/SoftConsole4-SF2/SF2_hw_platform/Debug/src/CMSIS/startup_gcc/startup_m2sxxx.o
 .debug_aranges
                0x00000490      0x1c0 D:\Home2021\ChroZen-LC\LC_AS\SoC\Ch_AS_SF2_FW-git\SoftConsole4-SF2\SF2_hw_platform\Debug\libSF2_hw_platform.a(mss_uart.o)
 .debug_aranges
                0x00000650       0x78 D:\Home2021\ChroZen-LC\LC_AS\SoC\Ch_AS_SF2_FW-git\SoftConsole4-SF2\SF2_hw_platform\Debug\libSF2_hw_platform.a(mss_nvm.o)
 .debug_aranges
                0x000006c8       0x30 D:\Home2021\ChroZen-LC\LC_AS\SoC\Ch_AS_SF2_FW-git\SoftConsole4-SF2\SF2_hw_platform\Debug\libSF2_hw_platform.a(system_m2sxxx.o)

.debug_pubnames
 *(.debug_pubnames)

.debug_info     0x00000000     0x9fd1
 *(.debug_info .gnu.linkonce.wi.*)
 .debug_info    0x00000000      0x1fb ./src/Interrupt.o
 .debug_info    0x000001fb       0xdb ./src/main.o
 .debug_info    0x000002d6     0x145e ./src/procotol.o
 .debug_info    0x00001734      0x3ce ./src/queue.o
 .debug_info    0x00001b02      0xabb ./src/storage.o
 .debug_info    0x000025bd     0x1115 ./src/system.o
 .debug_info    0x000036d2     0x100d ./src/timer.o
 .debug_info    0x000046df      0x23b ./src/util.o
 .debug_info    0x0000491a      0xd6e D:/Home2021/ChroZen-LC/LC_AS/SoC/Ch_AS_SF2_FW-git/SoftConsole4-SF2/SF2_hw_platform/Debug/src/CMSIS/startup_gcc/newlib_stubs.o
 .debug_info    0x00005688       0xab D:/Home2021/ChroZen-LC/LC_AS/SoC/Ch_AS_SF2_FW-git/SoftConsole4-SF2/SF2_hw_platform/Debug/src/CMSIS/startup_gcc/startup_m2sxxx.o
 .debug_info    0x00005733     0x24c7 D:\Home2021\ChroZen-LC\LC_AS\SoC\Ch_AS_SF2_FW-git\SoftConsole4-SF2\SF2_hw_platform\Debug\libSF2_hw_platform.a(mss_uart.o)
 .debug_info    0x00007bfa     0x18c2 D:\Home2021\ChroZen-LC\LC_AS\SoC\Ch_AS_SF2_FW-git\SoftConsole4-SF2\SF2_hw_platform\Debug\libSF2_hw_platform.a(mss_nvm.o)
 .debug_info    0x000094bc      0xb15 D:\Home2021\ChroZen-LC\LC_AS\SoC\Ch_AS_SF2_FW-git\SoftConsole4-SF2\SF2_hw_platform\Debug\libSF2_hw_platform.a(system_m2sxxx.o)

.debug_abbrev   0x00000000     0x180b
 *(.debug_abbrev)
 .debug_abbrev  0x00000000       0xab ./src/Interrupt.o
 .debug_abbrev  0x000000ab       0x7b ./src/main.o
 .debug_abbrev  0x00000126      0x27e ./src/procotol.o
 .debug_abbrev  0x000003a4      0x143 ./src/queue.o
 .debug_abbrev  0x000004e7      0x233 ./src/storage.o
 .debug_abbrev  0x0000071a      0x1ff ./src/system.o
 .debug_abbrev  0x00000919      0x20c ./src/timer.o
 .debug_abbrev  0x00000b25      0x124 ./src/util.o
 .debug_abbrev  0x00000c49      0x2d4 D:/Home2021/ChroZen-LC/LC_AS/SoC/Ch_AS_SF2_FW-git/SoftConsole4-SF2/SF2_hw_platform/Debug/src/CMSIS/startup_gcc/newlib_stubs.o
 .debug_abbrev  0x00000f1d       0x14 D:/Home2021/ChroZen-LC/LC_AS/SoC/Ch_AS_SF2_FW-git/SoftConsole4-SF2/SF2_hw_platform/Debug/src/CMSIS/startup_gcc/startup_m2sxxx.o
 .debug_abbrev  0x00000f31      0x3d0 D:\Home2021\ChroZen-LC\LC_AS\SoC\Ch_AS_SF2_FW-git\SoftConsole4-SF2\SF2_hw_platform\Debug\libSF2_hw_platform.a(mss_uart.o)
 .debug_abbrev  0x00001301      0x319 D:\Home2021\ChroZen-LC\LC_AS\SoC\Ch_AS_SF2_FW-git\SoftConsole4-SF2\SF2_hw_platform\Debug\libSF2_hw_platform.a(mss_nvm.o)
 .debug_abbrev  0x0000161a      0x1f1 D:\Home2021\ChroZen-LC\LC_AS\SoC\Ch_AS_SF2_FW-git\SoftConsole4-SF2\SF2_hw_platform\Debug\libSF2_hw_platform.a(system_m2sxxx.o)

.debug_line     0x00000000     0x6626
 *(.debug_line)
 .debug_line    0x00000000      0x8a3 ./src/Interrupt.o
 .debug_line    0x000008a3      0x7e0 ./src/main.o
 .debug_line    0x00001083      0x9a5 ./src/procotol.o
 .debug_line    0x00001a28      0x943 ./src/queue.o
 .debug_line    0x0000236b      0xb0d ./src/storage.o
 .debug_line    0x00002e78      0x8a3 ./src/system.o
 .debug_line    0x0000371b      0x8ba ./src/timer.o
 .debug_line    0x00003fd5      0x875 ./src/util.o
 .debug_line    0x0000484a      0x51e D:/Home2021/ChroZen-LC/LC_AS/SoC/Ch_AS_SF2_FW-git/SoftConsole4-SF2/SF2_hw_platform/Debug/src/CMSIS/startup_gcc/newlib_stubs.o
 .debug_line    0x00004d68       0xf8 D:/Home2021/ChroZen-LC/LC_AS/SoC/Ch_AS_SF2_FW-git/SoftConsole4-SF2/SF2_hw_platform/Debug/src/CMSIS/startup_gcc/startup_m2sxxx.o
 .debug_line    0x00004e60      0xdb9 D:\Home2021\ChroZen-LC\LC_AS\SoC\Ch_AS_SF2_FW-git\SoftConsole4-SF2\SF2_hw_platform\Debug\libSF2_hw_platform.a(mss_uart.o)
 .debug_line    0x00005c19      0x6f4 D:\Home2021\ChroZen-LC\LC_AS\SoC\Ch_AS_SF2_FW-git\SoftConsole4-SF2\SF2_hw_platform\Debug\libSF2_hw_platform.a(mss_nvm.o)
 .debug_line    0x0000630d      0x319 D:\Home2021\ChroZen-LC\LC_AS\SoC\Ch_AS_SF2_FW-git\SoftConsole4-SF2\SF2_hw_platform\Debug\libSF2_hw_platform.a(system_m2sxxx.o)

.debug_frame    0x00000000     0x1b20
 *(.debug_frame)
 .debug_frame   0x00000000      0x158 ./src/Interrupt.o
 .debug_frame   0x00000158       0x30 ./src/main.o
 .debug_frame   0x00000188      0x1cc ./src/procotol.o
 .debug_frame   0x00000354      0x218 ./src/queue.o
 .debug_frame   0x0000056c      0x594 ./src/storage.o
 .debug_frame   0x00000b00      0x12c ./src/system.o
 .debug_frame   0x00000c2c      0x1e4 ./src/timer.o
 .debug_frame   0x00000e10       0xd8 ./src/util.o
 .debug_frame   0x00000ee8      0x194 D:/Home2021/ChroZen-LC/LC_AS/SoC/Ch_AS_SF2_FW-git/SoftConsole4-SF2/SF2_hw_platform/Debug/src/CMSIS/startup_gcc/newlib_stubs.o
 .debug_frame   0x0000107c      0x56c D:\Home2021\ChroZen-LC\LC_AS\SoC\Ch_AS_SF2_FW-git\SoftConsole4-SF2\SF2_hw_platform\Debug\libSF2_hw_platform.a(mss_uart.o)
 .debug_frame   0x000015e8      0x1bc D:\Home2021\ChroZen-LC\LC_AS\SoC\Ch_AS_SF2_FW-git\SoftConsole4-SF2\SF2_hw_platform\Debug\libSF2_hw_platform.a(mss_nvm.o)
 .debug_frame   0x000017a4       0x50 D:\Home2021\ChroZen-LC\LC_AS\SoC\Ch_AS_SF2_FW-git\SoftConsole4-SF2\SF2_hw_platform\Debug\libSF2_hw_platform.a(system_m2sxxx.o)
 .debug_frame   0x000017f4       0x20 c:/microsemi/softconsole_v4.0/arm-none-eabi-gcc/bin/../lib/gcc/arm-none-eabi/4.9.3/../../../../arm-none-eabi/lib/armv7-m\libg.a(lib_a-errno.o)
 .debug_frame   0x00001814       0x28 c:/microsemi/softconsole_v4.0/arm-none-eabi-gcc/bin/../lib/gcc/arm-none-eabi/4.9.3/../../../../arm-none-eabi/lib/armv7-m\libg.a(lib_a-exit.o)
 .debug_frame   0x0000183c       0x2c c:/microsemi/softconsole_v4.0/arm-none-eabi-gcc/bin/../lib/gcc/arm-none-eabi/4.9.3/../../../../arm-none-eabi/lib/armv7-m\libg.a(lib_a-init.o)
 .debug_frame   0x00001868       0x30 c:/microsemi/softconsole_v4.0/arm-none-eabi-gcc/bin/../lib/gcc/arm-none-eabi/4.9.3/../../../../arm-none-eabi/lib/armv7-m\libg.a(lib_a-malloc.o)
 .debug_frame   0x00001898       0x54 c:/microsemi/softconsole_v4.0/arm-none-eabi-gcc/bin/../lib/gcc/arm-none-eabi/4.9.3/../../../../arm-none-eabi/lib/armv7-m\libg.a(lib_a-mallocr.o)
 .debug_frame   0x000018ec       0x34 c:/microsemi/softconsole_v4.0/arm-none-eabi-gcc/bin/../lib/gcc/arm-none-eabi/4.9.3/../../../../arm-none-eabi/lib/armv7-m\libg.a(lib_a-memset.o)
 .debug_frame   0x00001920       0x30 c:/microsemi/softconsole_v4.0/arm-none-eabi-gcc/bin/../lib/gcc/arm-none-eabi/4.9.3/../../../../arm-none-eabi/lib/armv7-m\libg.a(lib_a-mlock.o)
 .debug_frame   0x00001950       0x2c c:/microsemi/softconsole_v4.0/arm-none-eabi-gcc/bin/../lib/gcc/arm-none-eabi/4.9.3/../../../../arm-none-eabi/lib/armv7-m\libg.a(lib_a-sbrkr.o)
 .debug_frame   0x0000197c       0x50 c:/microsemi/softconsole_v4.0/arm-none-eabi-gcc/bin/../lib/gcc/arm-none-eabi/4.9.3/../../../../arm-none-eabi/lib/armv7-m\libg.a(lib_a-__call_atexit.o)
 .debug_frame   0x000019cc       0x20 c:/microsemi/softconsole_v4.0/arm-none-eabi-gcc/bin/../lib/gcc/arm-none-eabi/4.9.3/../../../../arm-none-eabi/lib/armv7-m\libg.a(lib_a-atexit.o)
 .debug_frame   0x000019ec       0x34 c:/microsemi/softconsole_v4.0/arm-none-eabi-gcc/bin/../lib/gcc/arm-none-eabi/4.9.3/../../../../arm-none-eabi/lib/armv7-m\libg.a(lib_a-fini.o)
 .debug_frame   0x00001a20       0x74 c:/microsemi/softconsole_v4.0/arm-none-eabi-gcc/bin/../lib/gcc/arm-none-eabi/4.9.3/../../../../arm-none-eabi/lib/armv7-m\libg.a(lib_a-freer.o)
 .debug_frame   0x00001a94       0x58 c:/microsemi/softconsole_v4.0/arm-none-eabi-gcc/bin/../lib/gcc/arm-none-eabi/4.9.3/../../../../arm-none-eabi/lib/armv7-m\libg.a(lib_a-reent.o)
 .debug_frame   0x00001aec       0x34 c:/microsemi/softconsole_v4.0/arm-none-eabi-gcc/bin/../lib/gcc/arm-none-eabi/4.9.3/../../../../arm-none-eabi/lib/armv7-m\libg.a(lib_a-__atexit.o)

.debug_str      0x00000000    0x1353b
 *(.debug_str)
 .debug_str     0x00000000     0xdd84 ./src/Interrupt.o
                               0xe013 (size before relaxing)
 .debug_str     0x0000dd84       0x13 ./src/main.o
                               0xdf26 (size before relaxing)
 .debug_str     0x0000dd97      0xd3f ./src/procotol.o
                               0xedc0 (size before relaxing)
 .debug_str     0x0000ead6       0xc8 ./src/queue.o
                               0xdffa (size before relaxing)
 .debug_str     0x0000eb9e      0x236 ./src/storage.o
                               0xe3e1 (size before relaxing)
 .debug_str     0x0000edd4      0x876 ./src/system.o
                               0xeecb (size before relaxing)
 .debug_str     0x0000f64a      0x31d ./src/timer.o
                               0xeef4 (size before relaxing)
 .debug_str     0x0000f967       0x66 ./src/util.o
                               0xdf98 (size before relaxing)
 .debug_str     0x0000f9cd     0x1c1a D:/Home2021/ChroZen-LC/LC_AS/SoC/Ch_AS_SF2_FW-git/SoftConsole4-SF2/SF2_hw_platform/Debug/src/CMSIS/startup_gcc/newlib_stubs.o
                               0xd632 (size before relaxing)
 .debug_str     0x000115e7      0xded D:\Home2021\ChroZen-LC\LC_AS\SoC\Ch_AS_SF2_FW-git\SoftConsole4-SF2\SF2_hw_platform\Debug\libSF2_hw_platform.a(mss_uart.o)
                               0xb10b (size before relaxing)
 .debug_str     0x000123d4      0xc37 D:\Home2021\ChroZen-LC\LC_AS\SoC\Ch_AS_SF2_FW-git\SoftConsole4-SF2\SF2_hw_platform\Debug\libSF2_hw_platform.a(mss_nvm.o)
                               0x9efb (size before relaxing)
 .debug_str     0x0001300b      0x530 D:\Home2021\ChroZen-LC\LC_AS\SoC\Ch_AS_SF2_FW-git\SoftConsole4-SF2\SF2_hw_platform\Debug\libSF2_hw_platform.a(system_m2sxxx.o)
                               0x9430 (size before relaxing)

.debug_loc      0x00000000     0x2e0b
 *(.debug_loc)
 .debug_loc     0x00000000      0x32f D:/Home2021/ChroZen-LC/LC_AS/SoC/Ch_AS_SF2_FW-git/SoftConsole4-SF2/SF2_hw_platform/Debug/src/CMSIS/startup_gcc/newlib_stubs.o
 .debug_loc     0x0000032f     0x145a D:\Home2021\ChroZen-LC\LC_AS\SoC\Ch_AS_SF2_FW-git\SoftConsole4-SF2\SF2_hw_platform\Debug\libSF2_hw_platform.a(mss_uart.o)
 .debug_loc     0x00001789     0x15d0 D:\Home2021\ChroZen-LC\LC_AS\SoC\Ch_AS_SF2_FW-git\SoftConsole4-SF2\SF2_hw_platform\Debug\libSF2_hw_platform.a(mss_nvm.o)
 .debug_loc     0x00002d59       0xb2 D:\Home2021\ChroZen-LC\LC_AS\SoC\Ch_AS_SF2_FW-git\SoftConsole4-SF2\SF2_hw_platform\Debug\libSF2_hw_platform.a(system_m2sxxx.o)

.debug_macinfo
 *(.debug_macinfo)

.debug_weaknames
 *(.debug_weaknames)

.debug_funcnames
 *(.debug_funcnames)

.debug_typenames
 *(.debug_typenames)

.debug_varnames
 *(.debug_varnames)

.note.gnu.arm.ident
 *(.note.gnu.arm.ident)

.ARM.attributes
                0x00000000       0x29
 *(.ARM.attributes)
 .ARM.attributes
                0x00000000       0x1d c:/microsemi/softconsole_v4.0/arm-none-eabi-gcc/bin/../lib/gcc/arm-none-eabi/4.9.3/armv7-m/crti.o
 .ARM.attributes
                0x0000001d       0x2d c:/microsemi/softconsole_v4.0/arm-none-eabi-gcc/bin/../lib/gcc/arm-none-eabi/4.9.3/armv7-m/crtbegin.o
 .ARM.attributes
                0x0000004a       0x1b c:/microsemi/softconsole_v4.0/arm-none-eabi-gcc/bin/../lib/gcc/arm-none-eabi/4.9.3/../../../../arm-none-eabi/lib/armv7-m/crt0.o
 .ARM.attributes
                0x00000065       0x33 ./src/Interrupt.o
 .ARM.attributes
                0x00000098       0x33 ./src/main.o
 .ARM.attributes
                0x000000cb       0x33 ./src/procotol.o
 .ARM.attributes
                0x000000fe       0x33 ./src/queue.o
 .ARM.attributes
                0x00000131       0x33 ./src/storage.o
 .ARM.attributes
                0x00000164       0x33 ./src/system.o
 .ARM.attributes
                0x00000197       0x33 ./src/timer.o
 .ARM.attributes
                0x000001ca       0x33 ./src/util.o
 .ARM.attributes
                0x000001fd       0x33 D:/Home2021/ChroZen-LC/LC_AS/SoC/Ch_AS_SF2_FW-git/SoftConsole4-SF2/SF2_hw_platform/Debug/src/CMSIS/startup_gcc/newlib_stubs.o
 .ARM.attributes
                0x00000230       0x21 D:/Home2021/ChroZen-LC/LC_AS/SoC/Ch_AS_SF2_FW-git/SoftConsole4-SF2/SF2_hw_platform/Debug/src/CMSIS/startup_gcc/startup_m2sxxx.o
 .ARM.attributes
                0x00000251       0x33 D:\Home2021\ChroZen-LC\LC_AS\SoC\Ch_AS_SF2_FW-git\SoftConsole4-SF2\SF2_hw_platform\Debug\libSF2_hw_platform.a(mss_uart.o)
 .ARM.attributes
                0x00000284       0x33 D:\Home2021\ChroZen-LC\LC_AS\SoC\Ch_AS_SF2_FW-git\SoftConsole4-SF2\SF2_hw_platform\Debug\libSF2_hw_platform.a(mss_nvm.o)
 .ARM.attributes
                0x000002b7       0x33 D:\Home2021\ChroZen-LC\LC_AS\SoC\Ch_AS_SF2_FW-git\SoftConsole4-SF2\SF2_hw_platform\Debug\libSF2_hw_platform.a(system_m2sxxx.o)
 .ARM.attributes
                0x000002ea       0x2d c:/microsemi/softconsole_v4.0/arm-none-eabi-gcc/bin/../lib/gcc/arm-none-eabi/4.9.3/../../../../arm-none-eabi/lib/armv7-m\libg.a(lib_a-ctype_.o)
 .ARM.attributes
                0x00000317       0x2d c:/microsemi/softconsole_v4.0/arm-none-eabi-gcc/bin/../lib/gcc/arm-none-eabi/4.9.3/../../../../arm-none-eabi/lib/armv7-m\libg.a(lib_a-errno.o)
 .ARM.attributes
                0x00000344       0x2d c:/microsemi/softconsole_v4.0/arm-none-eabi-gcc/bin/../lib/gcc/arm-none-eabi/4.9.3/../../../../arm-none-eabi/lib/armv7-m\libg.a(lib_a-exit.o)
 .ARM.attributes
                0x00000371       0x2d c:/microsemi/softconsole_v4.0/arm-none-eabi-gcc/bin/../lib/gcc/arm-none-eabi/4.9.3/../../../../arm-none-eabi/lib/armv7-m\libg.a(lib_a-impure.o)
 .ARM.attributes
                0x0000039e       0x2d c:/microsemi/softconsole_v4.0/arm-none-eabi-gcc/bin/../lib/gcc/arm-none-eabi/4.9.3/../../../../arm-none-eabi/lib/armv7-m\libg.a(lib_a-init.o)
 .ARM.attributes
                0x000003cb       0x2d c:/microsemi/softconsole_v4.0/arm-none-eabi-gcc/bin/../lib/gcc/arm-none-eabi/4.9.3/../../../../arm-none-eabi/lib/armv7-m\libg.a(lib_a-malloc.o)
 .ARM.attributes
                0x000003f8       0x2d c:/microsemi/softconsole_v4.0/arm-none-eabi-gcc/bin/../lib/gcc/arm-none-eabi/4.9.3/../../../../arm-none-eabi/lib/armv7-m\libg.a(lib_a-mallocr.o)
 .ARM.attributes
                0x00000425       0x1b c:/microsemi/softconsole_v4.0/arm-none-eabi-gcc/bin/../lib/gcc/arm-none-eabi/4.9.3/../../../../arm-none-eabi/lib/armv7-m\libg.a(lib_a-memcpy.o)
 .ARM.attributes
                0x00000440       0x2d c:/microsemi/softconsole_v4.0/arm-none-eabi-gcc/bin/../lib/gcc/arm-none-eabi/4.9.3/../../../../arm-none-eabi/lib/armv7-m\libg.a(lib_a-memset.o)
 .ARM.attributes
                0x0000046d       0x2d c:/microsemi/softconsole_v4.0/arm-none-eabi-gcc/bin/../lib/gcc/arm-none-eabi/4.9.3/../../../../arm-none-eabi/lib/armv7-m\libg.a(lib_a-mlock.o)
 .ARM.attributes
                0x0000049a       0x2d c:/microsemi/softconsole_v4.0/arm-none-eabi-gcc/bin/../lib/gcc/arm-none-eabi/4.9.3/../../../../arm-none-eabi/lib/armv7-m\libg.a(lib_a-sbrkr.o)
 .ARM.attributes
                0x000004c7       0x2d c:/microsemi/softconsole_v4.0/arm-none-eabi-gcc/bin/../lib/gcc/arm-none-eabi/4.9.3/../../../../arm-none-eabi/lib/armv7-m\libg.a(lib_a-__call_atexit.o)
 .ARM.attributes
                0x000004f4       0x2d c:/microsemi/softconsole_v4.0/arm-none-eabi-gcc/bin/../lib/gcc/arm-none-eabi/4.9.3/../../../../arm-none-eabi/lib/armv7-m\libg.a(lib_a-atexit.o)
 .ARM.attributes
                0x00000521       0x2d c:/microsemi/softconsole_v4.0/arm-none-eabi-gcc/bin/../lib/gcc/arm-none-eabi/4.9.3/../../../../arm-none-eabi/lib/armv7-m\libg.a(lib_a-fini.o)
 .ARM.attributes
                0x0000054e       0x2d c:/microsemi/softconsole_v4.0/arm-none-eabi-gcc/bin/../lib/gcc/arm-none-eabi/4.9.3/../../../../arm-none-eabi/lib/armv7-m\libg.a(lib_a-freer.o)
 .ARM.attributes
                0x0000057b       0x2d c:/microsemi/softconsole_v4.0/arm-none-eabi-gcc/bin/../lib/gcc/arm-none-eabi/4.9.3/../../../../arm-none-eabi/lib/armv7-m\libg.a(lib_a-reent.o)
 .ARM.attributes
                0x000005a8       0x2d c:/microsemi/softconsole_v4.0/arm-none-eabi-gcc/bin/../lib/gcc/arm-none-eabi/4.9.3/../../../../arm-none-eabi/lib/armv7-m\libg.a(lib_a-__atexit.o)
 .ARM.attributes
                0x000005d5       0x2d c:/microsemi/softconsole_v4.0/arm-none-eabi-gcc/bin/../lib/gcc/arm-none-eabi/4.9.3/armv7-m/crtend.o
 .ARM.attributes
                0x00000602       0x1d c:/microsemi/softconsole_v4.0/arm-none-eabi-gcc/bin/../lib/gcc/arm-none-eabi/4.9.3/armv7-m/crtn.o

/DISCARD/
 *(.note.GNU-stack)
 *(.isr_vector)
OUTPUT(SF2_IAP.elf elf32-littlearm)

.debug_ranges   0x00000000      0x6f0
 .debug_ranges  0x00000000       0x58 ./src/Interrupt.o
 .debug_ranges  0x00000058       0x10 ./src/main.o
 .debug_ranges  0x00000068       0x60 ./src/procotol.o
 .debug_ranges  0x000000c8       0x70 ./src/queue.o
 .debug_ranges  0x00000138      0x128 ./src/storage.o
 .debug_ranges  0x00000260       0x50 ./src/system.o
 .debug_ranges  0x000002b0       0x68 ./src/timer.o
 .debug_ranges  0x00000318       0x30 ./src/util.o
 .debug_ranges  0x00000348       0x98 D:/Home2021/ChroZen-LC/LC_AS/SoC/Ch_AS_SF2_FW-git/SoftConsole4-SF2/SF2_hw_platform/Debug/src/CMSIS/startup_gcc/newlib_stubs.o
 .debug_ranges  0x000003e0      0x1f8 D:\Home2021\ChroZen-LC\LC_AS\SoC\Ch_AS_SF2_FW-git\SoftConsole4-SF2\SF2_hw_platform\Debug\libSF2_hw_platform.a(mss_uart.o)
 .debug_ranges  0x000005d8       0xb0 D:\Home2021\ChroZen-LC\LC_AS\SoC\Ch_AS_SF2_FW-git\SoftConsole4-SF2\SF2_hw_platform\Debug\libSF2_hw_platform.a(mss_nvm.o)
 .debug_ranges  0x00000688       0x68 D:\Home2021\ChroZen-LC\LC_AS\SoC\Ch_AS_SF2_FW-git\SoftConsole4-SF2\SF2_hw_platform\Debug\libSF2_hw_platform.a(system_m2sxxx.o)

.debug_macro    0x00000000     0x62fc
 .debug_macro   0x00000000      0x2e1 ./src/Interrupt.o
 .debug_macro   0x000002e1      0x862 ./src/Interrupt.o
 .debug_macro   0x00000b43       0x58 ./src/Interrupt.o
 .debug_macro   0x00000b9b       0x22 ./src/Interrupt.o
 .debug_macro   0x00000bbd       0x35 ./src/Interrupt.o
 .debug_macro   0x00000bf2       0x9c ./src/Interrupt.o
 .debug_macro   0x00000c8e       0xa6 ./src/Interrupt.o
 .debug_macro   0x00000d34       0x58 ./src/Interrupt.o
 .debug_macro   0x00000d8c       0x1c ./src/Interrupt.o
 .debug_macro   0x00000da8       0x4a ./src/Interrupt.o
 .debug_macro   0x00000df2       0x97 ./src/Interrupt.o
 .debug_macro   0x00000e89      0x27a ./src/Interrupt.o
 .debug_macro   0x00001103       0xf6 ./src/Interrupt.o
 .debug_macro   0x000011f9       0x52 ./src/Interrupt.o
 .debug_macro   0x0000124b       0x16 ./src/Interrupt.o
 .debug_macro   0x00001261       0x43 ./src/Interrupt.o
 .debug_macro   0x000012a4      0x180 ./src/Interrupt.o
 .debug_macro   0x00001424       0x10 ./src/Interrupt.o
 .debug_macro   0x00001434       0x22 ./src/Interrupt.o
 .debug_macro   0x00001456       0x22 ./src/Interrupt.o
 .debug_macro   0x00001478       0xbe ./src/Interrupt.o
 .debug_macro   0x00001536       0x16 ./src/Interrupt.o
 .debug_macro   0x0000154c      0x197 ./src/Interrupt.o
 .debug_macro   0x000016e3       0x16 ./src/Interrupt.o
 .debug_macro   0x000016f9       0x35 ./src/Interrupt.o
 .debug_macro   0x0000172e       0x16 ./src/Interrupt.o
 .debug_macro   0x00001744       0x29 ./src/Interrupt.o
 .debug_macro   0x0000176d       0x16 ./src/Interrupt.o
 .debug_macro   0x00001783       0x58 ./src/Interrupt.o
 .debug_macro   0x000017db      0x1df ./src/Interrupt.o
 .debug_macro   0x000019ba       0x2b ./src/Interrupt.o
 .debug_macro   0x000019e5      0x118 ./src/Interrupt.o
 .debug_macro   0x00001afd       0x22 ./src/Interrupt.o
 .debug_macro   0x00001b1f       0x26 ./src/Interrupt.o
 .debug_macro   0x00001b45       0x3a ./src/Interrupt.o
 .debug_macro   0x00001b7f       0x34 ./src/Interrupt.o
 .debug_macro   0x00001bb3      0xc83 ./src/Interrupt.o
 .debug_macro   0x00002836      0x265 ./src/Interrupt.o
 .debug_macro   0x00002a9b       0x3a ./src/Interrupt.o
 .debug_macro   0x00002ad5       0x34 ./src/Interrupt.o
 .debug_macro   0x00002b09      0x177 ./src/Interrupt.o
 .debug_macro   0x00002c80       0x1c ./src/Interrupt.o
 .debug_macro   0x00002c9c       0x27 ./src/Interrupt.o
 .debug_macro   0x00002cc3       0x1d ./src/Interrupt.o
 .debug_macro   0x00002ce0      0x2f8 ./src/Interrupt.o
 .debug_macro   0x00002fd8       0x2e ./src/Interrupt.o
 .debug_macro   0x00003006       0x3a ./src/Interrupt.o
 .debug_macro   0x00003040       0x34 ./src/Interrupt.o
 .debug_macro   0x00003074       0x4c ./src/Interrupt.o
 .debug_macro   0x000030c0      0x2e1 ./src/main.o
 .debug_macro   0x000033a1      0x32b ./src/procotol.o
 .debug_macro   0x000036cc       0x16 ./src/procotol.o
 .debug_macro   0x000036e2       0x10 ./src/procotol.o
 .debug_macro   0x000036f2       0xac ./src/procotol.o
 .debug_macro   0x0000379e       0x52 ./src/procotol.o
 .debug_macro   0x000037f0      0x2e7 ./src/queue.o
 .debug_macro   0x00003ad7      0x2e7 ./src/storage.o
 .debug_macro   0x00003dbe      0x2e1 ./src/system.o
 .debug_macro   0x0000409f      0x2e1 ./src/timer.o
 .debug_macro   0x00004380      0x2e1 ./src/util.o
 .debug_macro   0x00004661      0x1fd D:/Home2021/ChroZen-LC/LC_AS/SoC/Ch_AS_SF2_FW-git/SoftConsole4-SF2/SF2_hw_platform/Debug/src/CMSIS/startup_gcc/newlib_stubs.o
 .debug_macro   0x0000485e      0x874 D:/Home2021/ChroZen-LC/LC_AS/SoC/Ch_AS_SF2_FW-git/SoftConsole4-SF2/SF2_hw_platform/Debug/src/CMSIS/startup_gcc/newlib_stubs.o
 .debug_macro   0x000050d2      0x10e D:/Home2021/ChroZen-LC/LC_AS/SoC/Ch_AS_SF2_FW-git/SoftConsole4-SF2/SF2_hw_platform/Debug/src/CMSIS/startup_gcc/newlib_stubs.o
 .debug_macro   0x000051e0       0x86 D:/Home2021/ChroZen-LC/LC_AS/SoC/Ch_AS_SF2_FW-git/SoftConsole4-SF2/SF2_hw_platform/Debug/src/CMSIS/startup_gcc/newlib_stubs.o
 .debug_macro   0x00005266       0x16 D:/Home2021/ChroZen-LC/LC_AS/SoC/Ch_AS_SF2_FW-git/SoftConsole4-SF2/SF2_hw_platform/Debug/src/CMSIS/startup_gcc/newlib_stubs.o
 .debug_macro   0x0000527c      0x48e D:/Home2021/ChroZen-LC/LC_AS/SoC/Ch_AS_SF2_FW-git/SoftConsole4-SF2/SF2_hw_platform/Debug/src/CMSIS/startup_gcc/newlib_stubs.o
 .debug_macro   0x0000570a       0x16 D:/Home2021/ChroZen-LC/LC_AS/SoC/Ch_AS_SF2_FW-git/SoftConsole4-SF2/SF2_hw_platform/Debug/src/CMSIS/startup_gcc/newlib_stubs.o
 .debug_macro   0x00005720       0x10 D:/Home2021/ChroZen-LC/LC_AS/SoC/Ch_AS_SF2_FW-git/SoftConsole4-SF2/SF2_hw_platform/Debug/src/CMSIS/startup_gcc/newlib_stubs.o
 .debug_macro   0x00005730       0x10 D:/Home2021/ChroZen-LC/LC_AS/SoC/Ch_AS_SF2_FW-git/SoftConsole4-SF2/SF2_hw_platform/Debug/src/CMSIS/startup_gcc/newlib_stubs.o
 .debug_macro   0x00005740       0x10 D:/Home2021/ChroZen-LC/LC_AS/SoC/Ch_AS_SF2_FW-git/SoftConsole4-SF2/SF2_hw_platform/Debug/src/CMSIS/startup_gcc/newlib_stubs.o
 .debug_macro   0x00005750       0x35 D:/Home2021/ChroZen-LC/LC_AS/SoC/Ch_AS_SF2_FW-git/SoftConsole4-SF2/SF2_hw_platform/Debug/src/CMSIS/startup_gcc/newlib_stubs.o
 .debug_macro   0x00005785      0x122 D:/Home2021/ChroZen-LC/LC_AS/SoC/Ch_AS_SF2_FW-git/SoftConsole4-SF2/SF2_hw_platform/Debug/src/CMSIS/startup_gcc/newlib_stubs.o
 .debug_macro   0x000058a7       0x10 D:/Home2021/ChroZen-LC/LC_AS/SoC/Ch_AS_SF2_FW-git/SoftConsole4-SF2/SF2_hw_platform/Debug/src/CMSIS/startup_gcc/newlib_stubs.o
 .debug_macro   0x000058b7      0x241 D:/Home2021/ChroZen-LC/LC_AS/SoC/Ch_AS_SF2_FW-git/SoftConsole4-SF2/SF2_hw_platform/Debug/src/CMSIS/startup_gcc/newlib_stubs.o
 .debug_macro   0x00005af8      0x168 D:\Home2021\ChroZen-LC\LC_AS\SoC\Ch_AS_SF2_FW-git\SoftConsole4-SF2\SF2_hw_platform\Debug\libSF2_hw_platform.a(mss_uart.o)
 .debug_macro   0x00005c60       0x44 D:\Home2021\ChroZen-LC\LC_AS\SoC\Ch_AS_SF2_FW-git\SoftConsole4-SF2\SF2_hw_platform\Debug\libSF2_hw_platform.a(mss_uart.o)
 .debug_macro   0x00005ca4      0x16d D:\Home2021\ChroZen-LC\LC_AS\SoC\Ch_AS_SF2_FW-git\SoftConsole4-SF2\SF2_hw_platform\Debug\libSF2_hw_platform.a(mss_uart.o)
 .debug_macro   0x00005e11       0xe2 D:\Home2021\ChroZen-LC\LC_AS\SoC\Ch_AS_SF2_FW-git\SoftConsole4-SF2\SF2_hw_platform\Debug\libSF2_hw_platform.a(mss_uart.o)
 .debug_macro   0x00005ef3       0x22 D:\Home2021\ChroZen-LC\LC_AS\SoC\Ch_AS_SF2_FW-git\SoftConsole4-SF2\SF2_hw_platform\Debug\libSF2_hw_platform.a(mss_uart.o)
 .debug_macro   0x00005f15      0x292 D:\Home2021\ChroZen-LC\LC_AS\SoC\Ch_AS_SF2_FW-git\SoftConsole4-SF2\SF2_hw_platform\Debug\libSF2_hw_platform.a(mss_nvm.o)
 .debug_macro   0x000061a7      0x155 D:\Home2021\ChroZen-LC\LC_AS\SoC\Ch_AS_SF2_FW-git\SoftConsole4-SF2\SF2_hw_platform\Debug\libSF2_hw_platform.a(system_m2sxxx.o)

.comment        0x00000000       0x70
 .comment       0x00000000       0x70 ./src/Interrupt.o
                                 0x71 (size before relaxing)
 .comment       0x00000000       0x71 ./src/main.o
 .comment       0x00000000       0x71 ./src/procotol.o
 .comment       0x00000000       0x71 ./src/queue.o
 .comment       0x00000000       0x71 ./src/storage.o
 .comment       0x00000000       0x71 ./src/system.o
 .comment       0x00000000       0x71 ./src/timer.o
 .comment       0x00000000       0x71 ./src/util.o
 .comment       0x00000000       0x71 D:/Home2021/ChroZen-LC/LC_AS/SoC/Ch_AS_SF2_FW-git/SoftConsole4-SF2/SF2_hw_platform/Debug/src/CMSIS/startup_gcc/newlib_stubs.o
 .comment       0x00000000       0x71 D:\Home2021\ChroZen-LC\LC_AS\SoC\Ch_AS_SF2_FW-git\SoftConsole4-SF2\SF2_hw_platform\Debug\libSF2_hw_platform.a(mss_uart.o)
 .comment       0x00000000       0x71 D:\Home2021\ChroZen-LC\LC_AS\SoC\Ch_AS_SF2_FW-git\SoftConsole4-SF2\SF2_hw_platform\Debug\libSF2_hw_platform.a(mss_nvm.o)
 .comment       0x00000000       0x71 D:\Home2021\ChroZen-LC\LC_AS\SoC\Ch_AS_SF2_FW-git\SoftConsole4-SF2\SF2_hw_platform\Debug\libSF2_hw_platform.a(system_m2sxxx.o)
