   1              		.syntax unified
   2              		.cpu cortex-m3
   3              		.fpu softvfp
   4              		.eabi_attribute 20, 1
   5              		.eabi_attribute 21, 1
   6              		.eabi_attribute 23, 3
   7              		.eabi_attribute 24, 1
   8              		.eabi_attribute 25, 1
   9              		.eabi_attribute 26, 1
  10              		.eabi_attribute 30, 4
  11              		.eabi_attribute 34, 1
  12              		.eabi_attribute 18, 4
  13              		.thumb
  14              		.file	"sys_config.c"
  15              		.text
  16              	.Ltext0:
  17              		.cfi_sections	.debug_frame
  18              	.Letext0:
  19              		.file 1 "c:\\microsemi\\softconsole_v4.0\\arm-none-eabi-gcc\\arm-none-eabi\\include\\machine\\_def
  20              		.file 2 "c:\\microsemi\\softconsole_v4.0\\arm-none-eabi-gcc\\arm-none-eabi\\include\\sys\\_stdint.
  21              		.file 3 "C:\\Microsemi\\SoftConsole_v4.0\\CMSIS\\V4.3\\Include/core_cm3.h"
DEFINED SYMBOLS
                            *ABS*:00000000 sys_config.c
                           .group:00000000 wm4.0.dc60c94ad21b0a47fa3b55ee8062ac89
                           .group:00000000 wm4.m2sxxx.h.14.987ea2aeaafde240411e8c56d47721f7
                           .group:00000000 wm4.core_cm3.h.43.614605f47657df9251f3b3f57590a49a
                           .group:00000000 wm4.features.h.22.2e382148a0560adabf236cddd4e880f4
                           .group:00000000 wm4._default_types.h.15.933e8edd27a65e0b69af4a865eb623d2
                           .group:00000000 wm4._intsup.h.10.b2832a532eae49c14d45880be6d4ca65
                           .group:00000000 wm4._stdint.h.10.f76354baea1c7088202064e6f3d4f5e3
                           .group:00000000 wm4.stdint.h.23.373a9d32a9e4c2e88fd347156532d281
                           .group:00000000 wm4.core_cmInstr.h.39.addda81f1f3453ba31dd54fc5b6fcee8
                           .group:00000000 wm4.core_cm3.h.160.4f087d7d2b17fc46469486aedc40cf5c
                           .group:00000000 wm4.m2sxxx.h.2709.9eef8620912489dbc5c26e98701cdac3
                           .group:00000000 wm4.sys_config_mss_clocks.h.10.c7f4d81ec72bcea6cafb9cc9c2acf4ab
                           .group:00000000 wm4.sys_config.h.25.1448a2ceceaa3c2e8913533fa4e42cee

NO UNDEFINED SYMBOLS
