Archive member included because of file (symbol)

D:\Home2021\ChroZen-LC\LC_AS\SoC\Ch_AS_SF2_FW\ChAS-git\SF2_hw_platform\Release\libSF2_hw_platform.a(mss_uart.o)
                              ./src/system.o (g_mss_uart0)
D:\Home2021\ChroZen-LC\LC_AS\SoC\Ch_AS_SF2_FW\ChAS-git\SF2_hw_platform\Release\libSF2_hw_platform.a(mss_nvm.o)
                              ./src/storage.o (NVM_write)
D:\Home2021\ChroZen-LC\LC_AS\SoC\Ch_AS_SF2_FW\ChAS-git\SF2_hw_platform\Release\libSF2_hw_platform.a(system_m2sxxx.o)
                              D:/Home2021/ChroZen-LC/LC_AS/SoC/Ch_AS_SF2_FW/ChAS-git/SF2_hw_platform/Release/src/CMSIS/startup_gcc/startup_m2sxxx.o (SystemInit)
c:/microsemi/softconsole_v4.0/arm-none-eabi-gcc/bin/../lib/gcc/arm-none-eabi/4.9.3/../../../../arm-none-eabi/lib/armv7-m\libc.a(lib_a-ctype_.o)
                              ./src/util.o (__ctype_ptr__)
c:/microsemi/softconsole_v4.0/arm-none-eabi-gcc/bin/../lib/gcc/arm-none-eabi/4.9.3/../../../../arm-none-eabi/lib/armv7-m\libc.a(lib_a-errno.o)
                              D:/Home2021/ChroZen-LC/LC_AS/SoC/Ch_AS_SF2_FW/ChAS-git/SF2_hw_platform/Release/src/CMSIS/startup_gcc/newlib_stubs.o (__errno)
c:/microsemi/softconsole_v4.0/arm-none-eabi-gcc/bin/../lib/gcc/arm-none-eabi/4.9.3/../../../../arm-none-eabi/lib/armv7-m\libc.a(lib_a-exit.o)
                              c:/microsemi/softconsole_v4.0/arm-none-eabi-gcc/bin/../lib/gcc/arm-none-eabi/4.9.3/../../../../arm-none-eabi/lib/armv7-m/crt0.o (exit)
c:/microsemi/softconsole_v4.0/arm-none-eabi-gcc/bin/../lib/gcc/arm-none-eabi/4.9.3/../../../../arm-none-eabi/lib/armv7-m\libc.a(lib_a-impure.o)
                              c:/microsemi/softconsole_v4.0/arm-none-eabi-gcc/bin/../lib/gcc/arm-none-eabi/4.9.3/../../../../arm-none-eabi/lib/armv7-m\libc.a(lib_a-exit.o) (_global_impure_ptr)
c:/microsemi/softconsole_v4.0/arm-none-eabi-gcc/bin/../lib/gcc/arm-none-eabi/4.9.3/../../../../arm-none-eabi/lib/armv7-m\libc.a(lib_a-init.o)
                              c:/microsemi/softconsole_v4.0/arm-none-eabi-gcc/bin/../lib/gcc/arm-none-eabi/4.9.3/../../../../arm-none-eabi/lib/armv7-m/crt0.o (__libc_init_array)
c:/microsemi/softconsole_v4.0/arm-none-eabi-gcc/bin/../lib/gcc/arm-none-eabi/4.9.3/../../../../arm-none-eabi/lib/armv7-m\libc.a(lib_a-memcpy.o)
                              ./src/procotol.o (memcpy)
c:/microsemi/softconsole_v4.0/arm-none-eabi-gcc/bin/../lib/gcc/arm-none-eabi/4.9.3/../../../../arm-none-eabi/lib/armv7-m\libc.a(lib_a-memset.o)
                              c:/microsemi/softconsole_v4.0/arm-none-eabi-gcc/bin/../lib/gcc/arm-none-eabi/4.9.3/../../../../arm-none-eabi/lib/armv7-m/crt0.o (memset)
c:/microsemi/softconsole_v4.0/arm-none-eabi-gcc/bin/../lib/gcc/arm-none-eabi/4.9.3/../../../../arm-none-eabi/lib/armv7-m\libc.a(lib_a-__call_atexit.o)
                              c:/microsemi/softconsole_v4.0/arm-none-eabi-gcc/bin/../lib/gcc/arm-none-eabi/4.9.3/../../../../arm-none-eabi/lib/armv7-m\libc.a(lib_a-exit.o) (__call_exitprocs)
c:/microsemi/softconsole_v4.0/arm-none-eabi-gcc/bin/../lib/gcc/arm-none-eabi/4.9.3/../../../../arm-none-eabi/lib/armv7-m\libc.a(lib_a-atexit.o)
                              c:/microsemi/softconsole_v4.0/arm-none-eabi-gcc/bin/../lib/gcc/arm-none-eabi/4.9.3/../../../../arm-none-eabi/lib/armv7-m\libc.a(lib_a-__call_atexit.o) (atexit)
c:/microsemi/softconsole_v4.0/arm-none-eabi-gcc/bin/../lib/gcc/arm-none-eabi/4.9.3/../../../../arm-none-eabi/lib/armv7-m\libc.a(lib_a-fini.o)
                              c:/microsemi/softconsole_v4.0/arm-none-eabi-gcc/bin/../lib/gcc/arm-none-eabi/4.9.3/../../../../arm-none-eabi/lib/armv7-m\libc.a(lib_a-__call_atexit.o) (__libc_fini_array)
c:/microsemi/softconsole_v4.0/arm-none-eabi-gcc/bin/../lib/gcc/arm-none-eabi/4.9.3/../../../../arm-none-eabi/lib/armv7-m\libc.a(lib_a-__atexit.o)
                              c:/microsemi/softconsole_v4.0/arm-none-eabi-gcc/bin/../lib/gcc/arm-none-eabi/4.9.3/../../../../arm-none-eabi/lib/armv7-m\libc.a(lib_a-atexit.o) (__register_exitproc)

Allocating common symbols
Common symbol       size              file

g_tStorageInfo      0x100             ./src/storage.o
g_mss_uart1         0x40              D:\Home2021\ChroZen-LC\LC_AS\SoC\Ch_AS_SF2_FW\ChAS-git\SF2_hw_platform\Release\libSF2_hw_platform.a(mss_uart.o)
g_mss_uart0         0x40              D:\Home2021\ChroZen-LC\LC_AS\SoC\Ch_AS_SF2_FW\ChAS-git\SF2_hw_platform\Release\libSF2_hw_platform.a(mss_uart.o)

Discarded input sections

 .text          0x00000000        0x0 c:/microsemi/softconsole_v4.0/arm-none-eabi-gcc/bin/../lib/gcc/arm-none-eabi/4.9.3/armv7-m/crti.o
 .data          0x00000000        0x0 c:/microsemi/softconsole_v4.0/arm-none-eabi-gcc/bin/../lib/gcc/arm-none-eabi/4.9.3/armv7-m/crti.o
 .bss           0x00000000        0x0 c:/microsemi/softconsole_v4.0/arm-none-eabi-gcc/bin/../lib/gcc/arm-none-eabi/4.9.3/armv7-m/crti.o
 .data          0x00000000        0x4 c:/microsemi/softconsole_v4.0/arm-none-eabi-gcc/bin/../lib/gcc/arm-none-eabi/4.9.3/armv7-m/crtbegin.o
 .text          0x00000000       0x74 c:/microsemi/softconsole_v4.0/arm-none-eabi-gcc/bin/../lib/gcc/arm-none-eabi/4.9.3/../../../../arm-none-eabi/lib/armv7-m/crt0.o
 .data          0x00000000        0x0 c:/microsemi/softconsole_v4.0/arm-none-eabi-gcc/bin/../lib/gcc/arm-none-eabi/4.9.3/../../../../arm-none-eabi/lib/armv7-m/crt0.o
 .bss           0x00000000        0x0 c:/microsemi/softconsole_v4.0/arm-none-eabi-gcc/bin/../lib/gcc/arm-none-eabi/4.9.3/../../../../arm-none-eabi/lib/armv7-m/crt0.o
 .ARM.extab     0x00000000        0x0 c:/microsemi/softconsole_v4.0/arm-none-eabi-gcc/bin/../lib/gcc/arm-none-eabi/4.9.3/../../../../arm-none-eabi/lib/armv7-m/crt0.o
 .ARM.exidx     0x00000000        0x8 c:/microsemi/softconsole_v4.0/arm-none-eabi-gcc/bin/../lib/gcc/arm-none-eabi/4.9.3/../../../../arm-none-eabi/lib/armv7-m/crt0.o
 .text          0x00000000        0x0 ./src/main.o
 .data          0x00000000        0x0 ./src/main.o
 .bss           0x00000000        0x0 ./src/main.o
 .text          0x00000000        0x0 ./src/procotol.o
 .data          0x00000000        0x0 ./src/procotol.o
 .bss           0x00000000        0x0 ./src/procotol.o
 .text.GenHeaderPacket
                0x00000000       0x30 ./src/procotol.o
 .text.CalcChkSum
                0x00000000       0x24 ./src/procotol.o
 .text.CheckPacket
                0x00000000       0x10 ./src/procotol.o
 .text.post_prog_run
                0x00000000       0x3c ./src/procotol.o
 .rodata.str1.4
                0x00000000        0x5 ./src/procotol.o
 .text          0x00000000        0x0 ./src/run_program.o
 .data          0x00000000        0x0 ./src/run_program.o
 .bss           0x00000000        0x0 ./src/run_program.o
 .text.copy_image_to_esram
                0x00000000       0x20 ./src/run_program.o
 .text          0x00000000        0x0 ./src/storage.o
 .data          0x00000000        0x0 ./src/storage.o
 .bss           0x00000000        0x0 ./src/storage.o
 .text.GetStorageInfo
                0x00000000        0x8 ./src/storage.o
 .text.SaveStorageInfoALL
                0x00000000       0x50 ./src/storage.o
 .text.SaveStorageInfoALL_Param
                0x00000000       0x50 ./src/storage.o
 .text.GetIAPVer
                0x00000000        0xc ./src/storage.o
 .text.SetIAPVer
                0x00000000        0xc ./src/storage.o
 .text.GetAPPVer
                0x00000000        0xc ./src/storage.o
 .text.SetAPPVer
                0x00000000        0xc ./src/storage.o
 .text.GetFPGAVer
                0x00000000        0xc ./src/storage.o
 .text.SetFPGAVer
                0x00000000        0xc ./src/storage.o
 .text.GetSerialNo
                0x00000000       0x34 ./src/storage.o
 .text.SetSerialNo
                0x00000000       0x10 ./src/storage.o
 .text.GetIPAddress
                0x00000000       0x10 ./src/storage.o
 .text.SetIPAddress
                0x00000000       0x10 ./src/storage.o
 .text.GetGateway
                0x00000000       0x10 ./src/storage.o
 .text.SetGateway
                0x00000000       0x10 ./src/storage.o
 .text.GetMacAddress
                0x00000000       0x18 ./src/storage.o
 .text.SetMacAddress
                0x00000000       0x10 ./src/storage.o
 .text.GetModelName
                0x00000000       0x34 ./src/storage.o
 .text.SetModelName
                0x00000000       0x10 ./src/storage.o
 .text.GetD2LampTime
                0x00000000        0xc ./src/storage.o
 .text.SetD2LampTime
                0x00000000        0xc ./src/storage.o
 .text.GetWLampTime
                0x00000000        0xc ./src/storage.o
 .text.SetWLampTime
                0x00000000        0xc ./src/storage.o
 .text.GetLampTime
                0x00000000       0x2c ./src/storage.o
 .text.SetLampTime
                0x00000000       0x10 ./src/storage.o
 .text.ClearLampTime
                0x00000000       0x10 ./src/storage.o
 .text.GetWaveInfo
                0x00000000       0x2c ./src/storage.o
 .text.SetWaveInfo
                0x00000000       0x10 ./src/storage.o
 .text.ClearWaveInfo
                0x00000000       0x10 ./src/storage.o
 .text.GetUseStorageENVM
                0x00000000        0xc ./src/storage.o
 .text.SetUseStorageENVM
                0x00000000        0xc ./src/storage.o
 .text          0x00000000        0x0 ./src/system.o
 .data          0x00000000        0x0 ./src/system.o
 .bss           0x00000000        0x0 ./src/system.o
 .text.MSS_UART0_enable_intr
                0x00000000       0x10 ./src/system.o
 .text.MSS_UART0_disable_intr
                0x00000000       0x10 ./src/system.o
 .text.reset_system
                0x00000000       0x24 ./src/system.o
 .text          0x00000000        0x0 ./src/timer.o
 .data          0x00000000        0x0 ./src/timer.o
 .bss           0x00000000        0x0 ./src/timer.o
 .text          0x00000000        0x0 ./src/util.o
 .data          0x00000000        0x0 ./src/util.o
 .bss           0x00000000        0x0 ./src/util.o
 .text.delay_us
                0x00000000       0x10 ./src/util.o
 .text.delay_ms
                0x00000000       0x1c ./src/util.o
 .text.AsciiToHex
                0x00000000       0x30 ./src/util.o
 .text.HexStringToByte
                0x00000000       0x1c ./src/util.o
 .text.HexStringToShort
                0x00000000       0x1c ./src/util.o
 .text          0x00000000        0x0 D:/Home2021/ChroZen-LC/LC_AS/SoC/Ch_AS_SF2_FW/ChAS-git/SF2_hw_platform/Release/src/CMSIS/startup_gcc/newlib_stubs.o
 .data          0x00000000        0x0 D:/Home2021/ChroZen-LC/LC_AS/SoC/Ch_AS_SF2_FW/ChAS-git/SF2_hw_platform/Release/src/CMSIS/startup_gcc/newlib_stubs.o
 .bss           0x00000000        0x0 D:/Home2021/ChroZen-LC/LC_AS/SoC/Ch_AS_SF2_FW/ChAS-git/SF2_hw_platform/Release/src/CMSIS/startup_gcc/newlib_stubs.o
 .text._close   0x00000000        0x8 D:/Home2021/ChroZen-LC/LC_AS/SoC/Ch_AS_SF2_FW/ChAS-git/SF2_hw_platform/Release/src/CMSIS/startup_gcc/newlib_stubs.o
 .text._execve  0x00000000       0x10 D:/Home2021/ChroZen-LC/LC_AS/SoC/Ch_AS_SF2_FW/ChAS-git/SF2_hw_platform/Release/src/CMSIS/startup_gcc/newlib_stubs.o
 .text._exit    0x00000000        0x4 D:/Home2021/ChroZen-LC/LC_AS/SoC/Ch_AS_SF2_FW/ChAS-git/SF2_hw_platform/Release/src/CMSIS/startup_gcc/newlib_stubs.o
 .text._fork    0x00000000       0x10 D:/Home2021/ChroZen-LC/LC_AS/SoC/Ch_AS_SF2_FW/ChAS-git/SF2_hw_platform/Release/src/CMSIS/startup_gcc/newlib_stubs.o
 .text._fstat   0x00000000        0xc D:/Home2021/ChroZen-LC/LC_AS/SoC/Ch_AS_SF2_FW/ChAS-git/SF2_hw_platform/Release/src/CMSIS/startup_gcc/newlib_stubs.o
 .text._getpid  0x00000000        0x4 D:/Home2021/ChroZen-LC/LC_AS/SoC/Ch_AS_SF2_FW/ChAS-git/SF2_hw_platform/Release/src/CMSIS/startup_gcc/newlib_stubs.o
 .text._isatty  0x00000000        0x4 D:/Home2021/ChroZen-LC/LC_AS/SoC/Ch_AS_SF2_FW/ChAS-git/SF2_hw_platform/Release/src/CMSIS/startup_gcc/newlib_stubs.o
 .text._kill    0x00000000       0x10 D:/Home2021/ChroZen-LC/LC_AS/SoC/Ch_AS_SF2_FW/ChAS-git/SF2_hw_platform/Release/src/CMSIS/startup_gcc/newlib_stubs.o
 .text._link    0x00000000       0x10 D:/Home2021/ChroZen-LC/LC_AS/SoC/Ch_AS_SF2_FW/ChAS-git/SF2_hw_platform/Release/src/CMSIS/startup_gcc/newlib_stubs.o
 .text._lseek   0x00000000        0x4 D:/Home2021/ChroZen-LC/LC_AS/SoC/Ch_AS_SF2_FW/ChAS-git/SF2_hw_platform/Release/src/CMSIS/startup_gcc/newlib_stubs.o
 .text._open    0x00000000        0x8 D:/Home2021/ChroZen-LC/LC_AS/SoC/Ch_AS_SF2_FW/ChAS-git/SF2_hw_platform/Release/src/CMSIS/startup_gcc/newlib_stubs.o
 .text._read    0x00000000        0x4 D:/Home2021/ChroZen-LC/LC_AS/SoC/Ch_AS_SF2_FW/ChAS-git/SF2_hw_platform/Release/src/CMSIS/startup_gcc/newlib_stubs.o
 .text._write_r
                0x00000000        0x4 D:/Home2021/ChroZen-LC/LC_AS/SoC/Ch_AS_SF2_FW/ChAS-git/SF2_hw_platform/Release/src/CMSIS/startup_gcc/newlib_stubs.o
 .text._sbrk    0x00000000       0x2c D:/Home2021/ChroZen-LC/LC_AS/SoC/Ch_AS_SF2_FW/ChAS-git/SF2_hw_platform/Release/src/CMSIS/startup_gcc/newlib_stubs.o
 .text._stat    0x00000000        0xc D:/Home2021/ChroZen-LC/LC_AS/SoC/Ch_AS_SF2_FW/ChAS-git/SF2_hw_platform/Release/src/CMSIS/startup_gcc/newlib_stubs.o
 .text._times   0x00000000        0x8 D:/Home2021/ChroZen-LC/LC_AS/SoC/Ch_AS_SF2_FW/ChAS-git/SF2_hw_platform/Release/src/CMSIS/startup_gcc/newlib_stubs.o
 .text._unlink  0x00000000       0x10 D:/Home2021/ChroZen-LC/LC_AS/SoC/Ch_AS_SF2_FW/ChAS-git/SF2_hw_platform/Release/src/CMSIS/startup_gcc/newlib_stubs.o
 .text._wait    0x00000000       0x10 D:/Home2021/ChroZen-LC/LC_AS/SoC/Ch_AS_SF2_FW/ChAS-git/SF2_hw_platform/Release/src/CMSIS/startup_gcc/newlib_stubs.o
 .data.environ  0x00000000        0x4 D:/Home2021/ChroZen-LC/LC_AS/SoC/Ch_AS_SF2_FW/ChAS-git/SF2_hw_platform/Release/src/CMSIS/startup_gcc/newlib_stubs.o
 .bss.__env     0x00000000        0x4 D:/Home2021/ChroZen-LC/LC_AS/SoC/Ch_AS_SF2_FW/ChAS-git/SF2_hw_platform/Release/src/CMSIS/startup_gcc/newlib_stubs.o
 .bss.heap_end.5162
                0x00000000        0x4 D:/Home2021/ChroZen-LC/LC_AS/SoC/Ch_AS_SF2_FW/ChAS-git/SF2_hw_platform/Release/src/CMSIS/startup_gcc/newlib_stubs.o
 .text          0x00000000        0x0 D:/Home2021/ChroZen-LC/LC_AS/SoC/Ch_AS_SF2_FW/ChAS-git/SF2_hw_platform/Release/src/CMSIS/startup_gcc/startup_m2sxxx.o
 .data          0x00000000        0x0 D:/Home2021/ChroZen-LC/LC_AS/SoC/Ch_AS_SF2_FW/ChAS-git/SF2_hw_platform/Release/src/CMSIS/startup_gcc/startup_m2sxxx.o
 .bss           0x00000000        0x0 D:/Home2021/ChroZen-LC/LC_AS/SoC/Ch_AS_SF2_FW/ChAS-git/SF2_hw_platform/Release/src/CMSIS/startup_gcc/startup_m2sxxx.o
 .text          0x00000000        0x0 D:\Home2021\ChroZen-LC\LC_AS\SoC\Ch_AS_SF2_FW\ChAS-git\SF2_hw_platform\Release\libSF2_hw_platform.a(mss_uart.o)
 .data          0x00000000        0x0 D:\Home2021\ChroZen-LC\LC_AS\SoC\Ch_AS_SF2_FW\ChAS-git\SF2_hw_platform\Release\libSF2_hw_platform.a(mss_uart.o)
 .bss           0x00000000        0x0 D:\Home2021\ChroZen-LC\LC_AS\SoC\Ch_AS_SF2_FW\ChAS-git\SF2_hw_platform\Release\libSF2_hw_platform.a(mss_uart.o)
 .text.MSS_UART_lin_init
                0x00000000       0x50 D:\Home2021\ChroZen-LC\LC_AS\SoC\Ch_AS_SF2_FW\ChAS-git\SF2_hw_platform\Release\libSF2_hw_platform.a(mss_uart.o)
 .text.MSS_UART_irda_init
                0x00000000       0x7c D:\Home2021\ChroZen-LC\LC_AS\SoC\Ch_AS_SF2_FW\ChAS-git\SF2_hw_platform\Release\libSF2_hw_platform.a(mss_uart.o)
 .text.MSS_UART_smartcard_init
                0x00000000       0x5c D:\Home2021\ChroZen-LC\LC_AS\SoC\Ch_AS_SF2_FW\ChAS-git\SF2_hw_platform\Release\libSF2_hw_platform.a(mss_uart.o)
 .text.MSS_UART_polled_tx_string
                0x00000000       0x50 D:\Home2021\ChroZen-LC\LC_AS\SoC\Ch_AS_SF2_FW\ChAS-git\SF2_hw_platform\Release\libSF2_hw_platform.a(mss_uart.o)
 .text.MSS_UART_irq_tx
                0x00000000       0x70 D:\Home2021\ChroZen-LC\LC_AS\SoC\Ch_AS_SF2_FW\ChAS-git\SF2_hw_platform\Release\libSF2_hw_platform.a(mss_uart.o)
 .text.MSS_UART_tx_complete
                0x00000000       0x30 D:\Home2021\ChroZen-LC\LC_AS\SoC\Ch_AS_SF2_FW\ChAS-git\SF2_hw_platform\Release\libSF2_hw_platform.a(mss_uart.o)
 .text.MSS_UART_get_rx
                0x00000000       0x5c D:\Home2021\ChroZen-LC\LC_AS\SoC\Ch_AS_SF2_FW\ChAS-git\SF2_hw_platform\Release\libSF2_hw_platform.a(mss_uart.o)
 .text.MSS_UART_enable_irq
                0x00000000       0x6c D:\Home2021\ChroZen-LC\LC_AS\SoC\Ch_AS_SF2_FW\ChAS-git\SF2_hw_platform\Release\libSF2_hw_platform.a(mss_uart.o)
 .text.MSS_UART_disable_irq
                0x00000000       0x68 D:\Home2021\ChroZen-LC\LC_AS\SoC\Ch_AS_SF2_FW\ChAS-git\SF2_hw_platform\Release\libSF2_hw_platform.a(mss_uart.o)
 .text.MSS_UART_set_rx_handler
                0x00000000       0x70 D:\Home2021\ChroZen-LC\LC_AS\SoC\Ch_AS_SF2_FW\ChAS-git\SF2_hw_platform\Release\libSF2_hw_platform.a(mss_uart.o)
 .text.MSS_UART_set_loopback
                0x00000000       0x6c D:\Home2021\ChroZen-LC\LC_AS\SoC\Ch_AS_SF2_FW\ChAS-git\SF2_hw_platform\Release\libSF2_hw_platform.a(mss_uart.o)
 .text.MSS_UART_set_rxstatus_handler
                0x00000000       0x60 D:\Home2021\ChroZen-LC\LC_AS\SoC\Ch_AS_SF2_FW\ChAS-git\SF2_hw_platform\Release\libSF2_hw_platform.a(mss_uart.o)
 .text.MSS_UART_set_tx_handler
                0x00000000       0x64 D:\Home2021\ChroZen-LC\LC_AS\SoC\Ch_AS_SF2_FW\ChAS-git\SF2_hw_platform\Release\libSF2_hw_platform.a(mss_uart.o)
 .text.MSS_UART_set_modemstatus_handler
                0x00000000       0x60 D:\Home2021\ChroZen-LC\LC_AS\SoC\Ch_AS_SF2_FW\ChAS-git\SF2_hw_platform\Release\libSF2_hw_platform.a(mss_uart.o)
 .text.MSS_UART_fill_tx_fifo
                0x00000000       0x58 D:\Home2021\ChroZen-LC\LC_AS\SoC\Ch_AS_SF2_FW\ChAS-git\SF2_hw_platform\Release\libSF2_hw_platform.a(mss_uart.o)
 .text.MSS_UART_get_rx_status
                0x00000000       0x2c D:\Home2021\ChroZen-LC\LC_AS\SoC\Ch_AS_SF2_FW\ChAS-git\SF2_hw_platform\Release\libSF2_hw_platform.a(mss_uart.o)
 .text.MSS_UART_get_modem_status
                0x00000000       0x20 D:\Home2021\ChroZen-LC\LC_AS\SoC\Ch_AS_SF2_FW\ChAS-git\SF2_hw_platform\Release\libSF2_hw_platform.a(mss_uart.o)
 .text.MSS_UART_get_tx_status
                0x00000000       0x2c D:\Home2021\ChroZen-LC\LC_AS\SoC\Ch_AS_SF2_FW\ChAS-git\SF2_hw_platform\Release\libSF2_hw_platform.a(mss_uart.o)
 .text.MSS_UART_set_break
                0x00000000       0x30 D:\Home2021\ChroZen-LC\LC_AS\SoC\Ch_AS_SF2_FW\ChAS-git\SF2_hw_platform\Release\libSF2_hw_platform.a(mss_uart.o)
 .text.MSS_UART_clear_break
                0x00000000       0x30 D:\Home2021\ChroZen-LC\LC_AS\SoC\Ch_AS_SF2_FW\ChAS-git\SF2_hw_platform\Release\libSF2_hw_platform.a(mss_uart.o)
 .text.MSS_UART_set_pidpei_handler
                0x00000000       0x60 D:\Home2021\ChroZen-LC\LC_AS\SoC\Ch_AS_SF2_FW\ChAS-git\SF2_hw_platform\Release\libSF2_hw_platform.a(mss_uart.o)
 .text.MSS_UART_set_linbreak_handler
                0x00000000       0x60 D:\Home2021\ChroZen-LC\LC_AS\SoC\Ch_AS_SF2_FW\ChAS-git\SF2_hw_platform\Release\libSF2_hw_platform.a(mss_uart.o)
 .text.MSS_UART_set_linsync_handler
                0x00000000       0x60 D:\Home2021\ChroZen-LC\LC_AS\SoC\Ch_AS_SF2_FW\ChAS-git\SF2_hw_platform\Release\libSF2_hw_platform.a(mss_uart.o)
 .text.MSS_UART_set_nack_handler
                0x00000000       0x60 D:\Home2021\ChroZen-LC\LC_AS\SoC\Ch_AS_SF2_FW\ChAS-git\SF2_hw_platform\Release\libSF2_hw_platform.a(mss_uart.o)
 .text.MSS_UART_set_rx_timeout_handler
                0x00000000       0x5c D:\Home2021\ChroZen-LC\LC_AS\SoC\Ch_AS_SF2_FW\ChAS-git\SF2_hw_platform\Release\libSF2_hw_platform.a(mss_uart.o)
 .text.MSS_UART_enable_half_duplex
                0x00000000       0x30 D:\Home2021\ChroZen-LC\LC_AS\SoC\Ch_AS_SF2_FW\ChAS-git\SF2_hw_platform\Release\libSF2_hw_platform.a(mss_uart.o)
 .text.MSS_UART_disable_half_duplex
                0x00000000       0x30 D:\Home2021\ChroZen-LC\LC_AS\SoC\Ch_AS_SF2_FW\ChAS-git\SF2_hw_platform\Release\libSF2_hw_platform.a(mss_uart.o)
 .text.MSS_UART_set_rx_endian
                0x00000000       0x34 D:\Home2021\ChroZen-LC\LC_AS\SoC\Ch_AS_SF2_FW\ChAS-git\SF2_hw_platform\Release\libSF2_hw_platform.a(mss_uart.o)
 .text.MSS_UART_set_tx_endian
                0x00000000       0x38 D:\Home2021\ChroZen-LC\LC_AS\SoC\Ch_AS_SF2_FW\ChAS-git\SF2_hw_platform\Release\libSF2_hw_platform.a(mss_uart.o)
 .text.MSS_UART_set_filter_length
                0x00000000       0x24 D:\Home2021\ChroZen-LC\LC_AS\SoC\Ch_AS_SF2_FW\ChAS-git\SF2_hw_platform\Release\libSF2_hw_platform.a(mss_uart.o)
 .text.MSS_UART_enable_afm
                0x00000000       0x30 D:\Home2021\ChroZen-LC\LC_AS\SoC\Ch_AS_SF2_FW\ChAS-git\SF2_hw_platform\Release\libSF2_hw_platform.a(mss_uart.o)
 .text.MSS_UART_disable_afm
                0x00000000       0x30 D:\Home2021\ChroZen-LC\LC_AS\SoC\Ch_AS_SF2_FW\ChAS-git\SF2_hw_platform\Release\libSF2_hw_platform.a(mss_uart.o)
 .text.MSS_UART_enable_afclear
                0x00000000       0x30 D:\Home2021\ChroZen-LC\LC_AS\SoC\Ch_AS_SF2_FW\ChAS-git\SF2_hw_platform\Release\libSF2_hw_platform.a(mss_uart.o)
 .text.MSS_UART_disable_afclear
                0x00000000       0x30 D:\Home2021\ChroZen-LC\LC_AS\SoC\Ch_AS_SF2_FW\ChAS-git\SF2_hw_platform\Release\libSF2_hw_platform.a(mss_uart.o)
 .text.MSS_UART_enable_rx_timeout
                0x00000000       0x40 D:\Home2021\ChroZen-LC\LC_AS\SoC\Ch_AS_SF2_FW\ChAS-git\SF2_hw_platform\Release\libSF2_hw_platform.a(mss_uart.o)
 .text.MSS_UART_disable_rx_timeout
                0x00000000       0x30 D:\Home2021\ChroZen-LC\LC_AS\SoC\Ch_AS_SF2_FW\ChAS-git\SF2_hw_platform\Release\libSF2_hw_platform.a(mss_uart.o)
 .text.MSS_UART_enable_tx_time_guard
                0x00000000       0x40 D:\Home2021\ChroZen-LC\LC_AS\SoC\Ch_AS_SF2_FW\ChAS-git\SF2_hw_platform\Release\libSF2_hw_platform.a(mss_uart.o)
 .text.MSS_UART_disable_tx_time_guard
                0x00000000       0x30 D:\Home2021\ChroZen-LC\LC_AS\SoC\Ch_AS_SF2_FW\ChAS-git\SF2_hw_platform\Release\libSF2_hw_platform.a(mss_uart.o)
 .text.MSS_UART_set_address
                0x00000000       0x20 D:\Home2021\ChroZen-LC\LC_AS\SoC\Ch_AS_SF2_FW\ChAS-git\SF2_hw_platform\Release\libSF2_hw_platform.a(mss_uart.o)
 .text.MSS_UART_set_ready_mode
                0x00000000       0x38 D:\Home2021\ChroZen-LC\LC_AS\SoC\Ch_AS_SF2_FW\ChAS-git\SF2_hw_platform\Release\libSF2_hw_platform.a(mss_uart.o)
 .text.MSS_UART_set_usart_mode
                0x00000000       0x38 D:\Home2021\ChroZen-LC\LC_AS\SoC\Ch_AS_SF2_FW\ChAS-git\SF2_hw_platform\Release\libSF2_hw_platform.a(mss_uart.o)
 .text          0x00000000        0x0 D:\Home2021\ChroZen-LC\LC_AS\SoC\Ch_AS_SF2_FW\ChAS-git\SF2_hw_platform\Release\libSF2_hw_platform.a(mss_nvm.o)
 .data          0x00000000        0x0 D:\Home2021\ChroZen-LC\LC_AS\SoC\Ch_AS_SF2_FW\ChAS-git\SF2_hw_platform\Release\libSF2_hw_platform.a(mss_nvm.o)
 .bss           0x00000000        0x0 D:\Home2021\ChroZen-LC\LC_AS\SoC\Ch_AS_SF2_FW\ChAS-git\SF2_hw_platform\Release\libSF2_hw_platform.a(mss_nvm.o)
 .text.NVM_read_page_write_count
                0x00000000       0xc0 D:\Home2021\ChroZen-LC\LC_AS\SoC\Ch_AS_SF2_FW\ChAS-git\SF2_hw_platform\Release\libSF2_hw_platform.a(mss_nvm.o)
 .text          0x00000000        0x0 D:\Home2021\ChroZen-LC\LC_AS\SoC\Ch_AS_SF2_FW\ChAS-git\SF2_hw_platform\Release\libSF2_hw_platform.a(system_m2sxxx.o)
 .data          0x00000000        0x0 D:\Home2021\ChroZen-LC\LC_AS\SoC\Ch_AS_SF2_FW\ChAS-git\SF2_hw_platform\Release\libSF2_hw_platform.a(system_m2sxxx.o)
 .bss           0x00000000        0x0 D:\Home2021\ChroZen-LC\LC_AS\SoC\Ch_AS_SF2_FW\ChAS-git\SF2_hw_platform\Release\libSF2_hw_platform.a(system_m2sxxx.o)
 .text          0x00000000        0x0 c:/microsemi/softconsole_v4.0/arm-none-eabi-gcc/bin/../lib/gcc/arm-none-eabi/4.9.3/../../../../arm-none-eabi/lib/armv7-m\libc.a(lib_a-ctype_.o)
 .data          0x00000000        0x0 c:/microsemi/softconsole_v4.0/arm-none-eabi-gcc/bin/../lib/gcc/arm-none-eabi/4.9.3/../../../../arm-none-eabi/lib/armv7-m\libc.a(lib_a-ctype_.o)
 .bss           0x00000000        0x0 c:/microsemi/softconsole_v4.0/arm-none-eabi-gcc/bin/../lib/gcc/arm-none-eabi/4.9.3/../../../../arm-none-eabi/lib/armv7-m\libc.a(lib_a-ctype_.o)
 .data.__ctype_ptr__
                0x00000000        0x4 c:/microsemi/softconsole_v4.0/arm-none-eabi-gcc/bin/../lib/gcc/arm-none-eabi/4.9.3/../../../../arm-none-eabi/lib/armv7-m\libc.a(lib_a-ctype_.o)
 .rodata._ctype_
                0x00000000      0x101 c:/microsemi/softconsole_v4.0/arm-none-eabi-gcc/bin/../lib/gcc/arm-none-eabi/4.9.3/../../../../arm-none-eabi/lib/armv7-m\libc.a(lib_a-ctype_.o)
 .text          0x00000000        0x0 c:/microsemi/softconsole_v4.0/arm-none-eabi-gcc/bin/../lib/gcc/arm-none-eabi/4.9.3/../../../../arm-none-eabi/lib/armv7-m\libc.a(lib_a-errno.o)
 .data          0x00000000        0x0 c:/microsemi/softconsole_v4.0/arm-none-eabi-gcc/bin/../lib/gcc/arm-none-eabi/4.9.3/../../../../arm-none-eabi/lib/armv7-m\libc.a(lib_a-errno.o)
 .bss           0x00000000        0x0 c:/microsemi/softconsole_v4.0/arm-none-eabi-gcc/bin/../lib/gcc/arm-none-eabi/4.9.3/../../../../arm-none-eabi/lib/armv7-m\libc.a(lib_a-errno.o)
 .text.__errno  0x00000000        0xc c:/microsemi/softconsole_v4.0/arm-none-eabi-gcc/bin/../lib/gcc/arm-none-eabi/4.9.3/../../../../arm-none-eabi/lib/armv7-m\libc.a(lib_a-errno.o)
 .text          0x00000000        0x0 c:/microsemi/softconsole_v4.0/arm-none-eabi-gcc/bin/../lib/gcc/arm-none-eabi/4.9.3/../../../../arm-none-eabi/lib/armv7-m\libc.a(lib_a-exit.o)
 .data          0x00000000        0x0 c:/microsemi/softconsole_v4.0/arm-none-eabi-gcc/bin/../lib/gcc/arm-none-eabi/4.9.3/../../../../arm-none-eabi/lib/armv7-m\libc.a(lib_a-exit.o)
 .bss           0x00000000        0x0 c:/microsemi/softconsole_v4.0/arm-none-eabi-gcc/bin/../lib/gcc/arm-none-eabi/4.9.3/../../../../arm-none-eabi/lib/armv7-m\libc.a(lib_a-exit.o)
 .text.exit     0x00000000       0x20 c:/microsemi/softconsole_v4.0/arm-none-eabi-gcc/bin/../lib/gcc/arm-none-eabi/4.9.3/../../../../arm-none-eabi/lib/armv7-m\libc.a(lib_a-exit.o)
 .text          0x00000000        0x0 c:/microsemi/softconsole_v4.0/arm-none-eabi-gcc/bin/../lib/gcc/arm-none-eabi/4.9.3/../../../../arm-none-eabi/lib/armv7-m\libc.a(lib_a-impure.o)
 .data          0x00000000        0x0 c:/microsemi/softconsole_v4.0/arm-none-eabi-gcc/bin/../lib/gcc/arm-none-eabi/4.9.3/../../../../arm-none-eabi/lib/armv7-m\libc.a(lib_a-impure.o)
 .bss           0x00000000        0x0 c:/microsemi/softconsole_v4.0/arm-none-eabi-gcc/bin/../lib/gcc/arm-none-eabi/4.9.3/../../../../arm-none-eabi/lib/armv7-m\libc.a(lib_a-impure.o)
 .data._impure_ptr
                0x00000000        0x4 c:/microsemi/softconsole_v4.0/arm-none-eabi-gcc/bin/../lib/gcc/arm-none-eabi/4.9.3/../../../../arm-none-eabi/lib/armv7-m\libc.a(lib_a-impure.o)
 .text          0x00000000        0x0 c:/microsemi/softconsole_v4.0/arm-none-eabi-gcc/bin/../lib/gcc/arm-none-eabi/4.9.3/../../../../arm-none-eabi/lib/armv7-m\libc.a(lib_a-init.o)
 .data          0x00000000        0x0 c:/microsemi/softconsole_v4.0/arm-none-eabi-gcc/bin/../lib/gcc/arm-none-eabi/4.9.3/../../../../arm-none-eabi/lib/armv7-m\libc.a(lib_a-init.o)
 .bss           0x00000000        0x0 c:/microsemi/softconsole_v4.0/arm-none-eabi-gcc/bin/../lib/gcc/arm-none-eabi/4.9.3/../../../../arm-none-eabi/lib/armv7-m\libc.a(lib_a-init.o)
 .data          0x00000000        0x0 c:/microsemi/softconsole_v4.0/arm-none-eabi-gcc/bin/../lib/gcc/arm-none-eabi/4.9.3/../../../../arm-none-eabi/lib/armv7-m\libc.a(lib_a-memcpy.o)
 .bss           0x00000000        0x0 c:/microsemi/softconsole_v4.0/arm-none-eabi-gcc/bin/../lib/gcc/arm-none-eabi/4.9.3/../../../../arm-none-eabi/lib/armv7-m\libc.a(lib_a-memcpy.o)
 .text          0x00000000        0x0 c:/microsemi/softconsole_v4.0/arm-none-eabi-gcc/bin/../lib/gcc/arm-none-eabi/4.9.3/../../../../arm-none-eabi/lib/armv7-m\libc.a(lib_a-memset.o)
 .data          0x00000000        0x0 c:/microsemi/softconsole_v4.0/arm-none-eabi-gcc/bin/../lib/gcc/arm-none-eabi/4.9.3/../../../../arm-none-eabi/lib/armv7-m\libc.a(lib_a-memset.o)
 .bss           0x00000000        0x0 c:/microsemi/softconsole_v4.0/arm-none-eabi-gcc/bin/../lib/gcc/arm-none-eabi/4.9.3/../../../../arm-none-eabi/lib/armv7-m\libc.a(lib_a-memset.o)
 .text          0x00000000        0x0 c:/microsemi/softconsole_v4.0/arm-none-eabi-gcc/bin/../lib/gcc/arm-none-eabi/4.9.3/../../../../arm-none-eabi/lib/armv7-m\libc.a(lib_a-__call_atexit.o)
 .data          0x00000000        0x0 c:/microsemi/softconsole_v4.0/arm-none-eabi-gcc/bin/../lib/gcc/arm-none-eabi/4.9.3/../../../../arm-none-eabi/lib/armv7-m\libc.a(lib_a-__call_atexit.o)
 .bss           0x00000000        0x0 c:/microsemi/softconsole_v4.0/arm-none-eabi-gcc/bin/../lib/gcc/arm-none-eabi/4.9.3/../../../../arm-none-eabi/lib/armv7-m\libc.a(lib_a-__call_atexit.o)
 .text.__call_exitprocs
                0x00000000       0xd4 c:/microsemi/softconsole_v4.0/arm-none-eabi-gcc/bin/../lib/gcc/arm-none-eabi/4.9.3/../../../../arm-none-eabi/lib/armv7-m\libc.a(lib_a-__call_atexit.o)
 .text          0x00000000        0x0 c:/microsemi/softconsole_v4.0/arm-none-eabi-gcc/bin/../lib/gcc/arm-none-eabi/4.9.3/../../../../arm-none-eabi/lib/armv7-m\libc.a(lib_a-atexit.o)
 .data          0x00000000        0x0 c:/microsemi/softconsole_v4.0/arm-none-eabi-gcc/bin/../lib/gcc/arm-none-eabi/4.9.3/../../../../arm-none-eabi/lib/armv7-m\libc.a(lib_a-atexit.o)
 .bss           0x00000000        0x0 c:/microsemi/softconsole_v4.0/arm-none-eabi-gcc/bin/../lib/gcc/arm-none-eabi/4.9.3/../../../../arm-none-eabi/lib/armv7-m\libc.a(lib_a-atexit.o)
 .text          0x00000000        0x0 c:/microsemi/softconsole_v4.0/arm-none-eabi-gcc/bin/../lib/gcc/arm-none-eabi/4.9.3/../../../../arm-none-eabi/lib/armv7-m\libc.a(lib_a-fini.o)
 .data          0x00000000        0x0 c:/microsemi/softconsole_v4.0/arm-none-eabi-gcc/bin/../lib/gcc/arm-none-eabi/4.9.3/../../../../arm-none-eabi/lib/armv7-m\libc.a(lib_a-fini.o)
 .bss           0x00000000        0x0 c:/microsemi/softconsole_v4.0/arm-none-eabi-gcc/bin/../lib/gcc/arm-none-eabi/4.9.3/../../../../arm-none-eabi/lib/armv7-m\libc.a(lib_a-fini.o)
 .text          0x00000000        0x0 c:/microsemi/softconsole_v4.0/arm-none-eabi-gcc/bin/../lib/gcc/arm-none-eabi/4.9.3/../../../../arm-none-eabi/lib/armv7-m\libc.a(lib_a-__atexit.o)
 .data          0x00000000        0x0 c:/microsemi/softconsole_v4.0/arm-none-eabi-gcc/bin/../lib/gcc/arm-none-eabi/4.9.3/../../../../arm-none-eabi/lib/armv7-m\libc.a(lib_a-__atexit.o)
 .bss           0x00000000        0x0 c:/microsemi/softconsole_v4.0/arm-none-eabi-gcc/bin/../lib/gcc/arm-none-eabi/4.9.3/../../../../arm-none-eabi/lib/armv7-m\libc.a(lib_a-__atexit.o)
 .text          0x00000000        0x0 c:/microsemi/softconsole_v4.0/arm-none-eabi-gcc/bin/../lib/gcc/arm-none-eabi/4.9.3/armv7-m/crtend.o
 .data          0x00000000        0x0 c:/microsemi/softconsole_v4.0/arm-none-eabi-gcc/bin/../lib/gcc/arm-none-eabi/4.9.3/armv7-m/crtend.o
 .bss           0x00000000        0x0 c:/microsemi/softconsole_v4.0/arm-none-eabi-gcc/bin/../lib/gcc/arm-none-eabi/4.9.3/armv7-m/crtend.o
 .eh_frame      0x00000000        0x4 c:/microsemi/softconsole_v4.0/arm-none-eabi-gcc/bin/../lib/gcc/arm-none-eabi/4.9.3/armv7-m/crtend.o
 .text          0x00000000        0x0 c:/microsemi/softconsole_v4.0/arm-none-eabi-gcc/bin/../lib/gcc/arm-none-eabi/4.9.3/armv7-m/crtn.o
 .data          0x00000000        0x0 c:/microsemi/softconsole_v4.0/arm-none-eabi-gcc/bin/../lib/gcc/arm-none-eabi/4.9.3/armv7-m/crtn.o
 .bss           0x00000000        0x0 c:/microsemi/softconsole_v4.0/arm-none-eabi-gcc/bin/../lib/gcc/arm-none-eabi/4.9.3/armv7-m/crtn.o

Memory Configuration

Name             Origin             Length             Attributes
rom              0x00000000         0x00003000         xr
ram              0x2000f000         0x00001000         xrw
*default*        0x00000000         0xffffffff

Linker script and memory map

LOAD c:/microsemi/softconsole_v4.0/arm-none-eabi-gcc/bin/../lib/gcc/arm-none-eabi/4.9.3/armv7-m/crti.o
LOAD c:/microsemi/softconsole_v4.0/arm-none-eabi-gcc/bin/../lib/gcc/arm-none-eabi/4.9.3/armv7-m/crtbegin.o
LOAD c:/microsemi/softconsole_v4.0/arm-none-eabi-gcc/bin/../lib/gcc/arm-none-eabi/4.9.3/../../../../arm-none-eabi/lib/armv7-m/crt0.o
LOAD ./src/main.o
LOAD ./src/procotol.o
LOAD ./src/run_program.o
LOAD ./src/storage.o
LOAD ./src/system.o
LOAD ./src/timer.o
LOAD ./src/util.o
LOAD D:/Home2021/ChroZen-LC/LC_AS/SoC/Ch_AS_SF2_FW/ChAS-git/SF2_hw_platform/Release/src/CMSIS/startup_gcc/newlib_stubs.o
LOAD D:/Home2021/ChroZen-LC/LC_AS/SoC/Ch_AS_SF2_FW/ChAS-git/SF2_hw_platform/Release/src/CMSIS/startup_gcc/startup_m2sxxx.o
LOAD D:\Home2021\ChroZen-LC\LC_AS\SoC\Ch_AS_SF2_FW\ChAS-git\SF2_hw_platform\Release\libSF2_hw_platform.a
LOAD c:/microsemi/softconsole_v4.0/arm-none-eabi-gcc/bin/../lib/gcc/arm-none-eabi/4.9.3/../../../../arm-none-eabi/lib/armv7-m\libstdc++.a
LOAD c:/microsemi/softconsole_v4.0/arm-none-eabi-gcc/bin/../lib/gcc/arm-none-eabi/4.9.3/../../../../arm-none-eabi/lib/armv7-m\libm.a
START GROUP
LOAD c:/microsemi/softconsole_v4.0/arm-none-eabi-gcc/bin/../lib/gcc/arm-none-eabi/4.9.3/armv7-m\libgcc.a
LOAD c:/microsemi/softconsole_v4.0/arm-none-eabi-gcc/bin/../lib/gcc/arm-none-eabi/4.9.3/../../../../arm-none-eabi/lib/armv7-m\libc.a
END GROUP
LOAD c:/microsemi/softconsole_v4.0/arm-none-eabi-gcc/bin/../lib/gcc/arm-none-eabi/4.9.3/armv7-m/crtend.o
LOAD c:/microsemi/softconsole_v4.0/arm-none-eabi-gcc/bin/../lib/gcc/arm-none-eabi/4.9.3/armv7-m/crtn.o
START GROUP
LOAD c:/microsemi/softconsole_v4.0/arm-none-eabi-gcc/bin/../lib/gcc/arm-none-eabi/4.9.3/../../../../arm-none-eabi/lib/armv7-m\libc.a
LOAD c:/microsemi/softconsole_v4.0/arm-none-eabi-gcc/bin/../lib/gcc/arm-none-eabi/4.9.3/armv7-m\libgcc.a
LOAD c:/microsemi/softconsole_v4.0/arm-none-eabi-gcc/bin/../lib/gcc/arm-none-eabi/4.9.3/../../../../arm-none-eabi/lib/armv7-m\libm.a
END GROUP
                0x00000000                __DYNAMIC = 0x0
                0x2000f000                RAM_START_ADDRESS = 0x2000f000
                0x00001000                RAM_SIZE = 0x1000
                0x00000800                MAIN_STACK_SIZE = 0x800
                0x00000000                MIN_SIZE_HEAP = 0x0
                0x20010000                PROVIDE (__main_stack_start, (RAM_START_ADDRESS + RAM_SIZE))
                0x2000f800                PROVIDE (__process_stack_start, (__main_stack_start - MAIN_STACK_SIZE))
                0x20010000                PROVIDE (_estack, __main_stack_start)
                0x00000000                PROVIDE (__mirrored_nvm, 0x0)
                0x00000000                PROVIDE (__smartfusion2_memory_remap, 0x0)

.vector_table   0x00000000      0x2e4
                0x00000000                __vector_table_load = LOADADDR (.vector_table)
                0x00000000                __vector_table_start = .
                0x00000000                __vector_table_vma_base_address = .
 *(.isr_vector)
 .isr_vector    0x00000000      0x2e4 D:/Home2021/ChroZen-LC/LC_AS/SoC/Ch_AS_SF2_FW/ChAS-git/SF2_hw_platform/Release/src/CMSIS/startup_gcc/startup_m2sxxx.o
                0x00000000                g_pfnVectors
                0x00000188                Reset_Handler
                0x000001f8                NMI_Handler
                0x000001fa                HardFault_Handler
                0x000001fc                MemManage_Handler
                0x000001fe                BusFault_Handler
                0x00000200                UsageFault_Handler
                0x00000202                SVC_Handler
                0x00000204                DebugMon_Handler
                0x00000206                PendSV_Handler
                0x00000208                SysTick_Handler
                0x0000020a                WdogWakeup_IRQHandler
                0x0000020c                RTC_Wakeup_IRQHandler
                0x0000020e                SPI0_IRQHandler
                0x00000210                SPI1_IRQHandler
                0x00000212                I2C0_IRQHandler
                0x00000214                I2C0_SMBAlert_IRQHandler
                0x00000216                I2C0_SMBus_IRQHandler
                0x00000218                I2C1_IRQHandler
                0x0000021a                I2C1_SMBAlert_IRQHandler
                0x0000021c                I2C1_SMBus_IRQHandler
                0x00000222                EthernetMAC_IRQHandler
                0x00000224                DMA_IRQHandler
                0x00000228                Timer2_IRQHandler
                0x0000022a                CAN_IRQHandler
                0x0000022c                ENVM0_IRQHandler
                0x0000022e                ENVM1_IRQHandler
                0x00000230                ComBlk_IRQHandler
                0x00000232                USB_IRQHandler
                0x00000234                USB_DMA_IRQHandler
                0x00000236                PLL_Lock_IRQHandler
                0x00000238                PLL_LockLost_IRQHandler
                0x0000023a                CommSwitchError_IRQHandler
                0x0000023c                CacheError_IRQHandler
                0x0000023e                DDR_IRQHandler
                0x00000240                HPDMA_Complete_IRQHandler
                0x00000242                HPDMA_Error_IRQHandler
                0x00000244                ECC_Error_IRQHandler
                0x00000246                MDDR_IOCalib_IRQHandler
                0x00000248                FAB_PLL_Lock_IRQHandler
                0x0000024a                FAB_PLL_LockLost_IRQHandler
                0x0000024c                FIC64_IRQHandler
                0x0000024e                FabricIrq0_IRQHandler
                0x00000250                FabricIrq1_IRQHandler
                0x00000252                FabricIrq2_IRQHandler
                0x00000254                FabricIrq3_IRQHandler
                0x00000256                FabricIrq4_IRQHandler
                0x00000258                FabricIrq5_IRQHandler
                0x0000025a                FabricIrq6_IRQHandler
                0x0000025c                FabricIrq7_IRQHandler
                0x0000025e                FabricIrq8_IRQHandler
                0x00000260                FabricIrq9_IRQHandler
                0x00000262                FabricIrq10_IRQHandler
                0x00000264                FabricIrq11_IRQHandler
                0x00000266                FabricIrq12_IRQHandler
                0x00000268                FabricIrq13_IRQHandler
                0x0000026a                FabricIrq14_IRQHandler
                0x0000026c                FabricIrq15_IRQHandler
                0x0000026e                GPIO0_IRQHandler
                0x00000270                GPIO1_IRQHandler
                0x00000272                GPIO2_IRQHandler
                0x00000274                GPIO3_IRQHandler
                0x00000276                GPIO4_IRQHandler
                0x00000278                GPIO5_IRQHandler
                0x0000027a                GPIO6_IRQHandler
                0x0000027c                GPIO7_IRQHandler
                0x0000027e                GPIO8_IRQHandler
                0x00000280                GPIO9_IRQHandler
                0x00000282                GPIO10_IRQHandler
                0x00000284                GPIO11_IRQHandler
                0x00000286                GPIO12_IRQHandler
                0x00000288                GPIO13_IRQHandler
                0x0000028a                GPIO14_IRQHandler
                0x0000028c                GPIO15_IRQHandler
                0x0000028e                GPIO16_IRQHandler
                0x00000290                GPIO17_IRQHandler
                0x00000292                GPIO18_IRQHandler
                0x00000294                GPIO19_IRQHandler
                0x00000296                GPIO20_IRQHandler
                0x00000298                GPIO21_IRQHandler
                0x0000029a                GPIO22_IRQHandler
                0x0000029c                GPIO23_IRQHandler
                0x0000029e                GPIO24_IRQHandler
                0x000002a0                GPIO25_IRQHandler
                0x000002a2                GPIO26_IRQHandler
                0x000002a4                GPIO27_IRQHandler
                0x000002a6                GPIO28_IRQHandler
                0x000002a8                GPIO29_IRQHandler
                0x000002aa                GPIO30_IRQHandler
                0x000002ac                GPIO31_IRQHandler
                0x000002ae                mscc_post_hw_cfg_init
                0x000002e4                . = ALIGN (0x4)
                0x000002e4                _evector_table = .

.boot_code      0x000002e4        0x0
 *(.boot_code)
                0x000002e4                . = ALIGN (0x4)

.text           0x000002e4     0x1688
 CREATE_OBJECT_SYMBOLS
                0x000002e4                __text_load = LOADADDR (.text)
                0x000002e4                __text_start = .
 *(.text .text.* .gnu.linkonce.t.*)
 .text          0x000002e4       0x5c c:/microsemi/softconsole_v4.0/arm-none-eabi-gcc/bin/../lib/gcc/arm-none-eabi/4.9.3/armv7-m/crtbegin.o
 .text.startup.main
                0x00000340       0x18 ./src/main.o
                0x00000340                main
 .text.CheckPacket.part.0
                0x00000358       0x34 ./src/procotol.o
 .text.GenPacket
                0x0000038c       0x58 ./src/procotol.o
                0x0000038c                GenPacket
 .text.RecvData
                0x000003e4       0x60 ./src/procotol.o
                0x000003e4                RecvData
 .text.send_update_check
                0x00000444       0x28 ./src/procotol.o
                0x00000444                send_update_check
 .text.check_fwpdate
                0x0000046c       0x80 ./src/procotol.o
                0x0000046c                check_fwpdate
 .text.remap_user_code_eSRAM_0
                0x000004ec       0x30 ./src/run_program.o
                0x000004ec                remap_user_code_eSRAM_0
 .text.run_iap  0x0000051c       0x24 ./src/run_program.o
                0x0000051c                run_iap
 .text.run_application
                0x00000540       0x20 ./src/run_program.o
                0x00000540                run_application
 .text.LoadStorageInfo
                0x00000560       0x20 ./src/storage.o
                0x00000560                LoadStorageInfo
 .text.InitStorageInfo
                0x00000580       0x20 ./src/storage.o
                0x00000580                InitStorageInfo
 .text.SaveStorageInfo
                0x000005a0       0x8c ./src/storage.o
                0x000005a0                SaveStorageInfo
 .text.GetBLVer
                0x0000062c        0xc ./src/storage.o
                0x0000062c                GetBLVer
 .text.SetBLVer
                0x00000638        0xc ./src/storage.o
                0x00000638                SetBLVer
 .text.get_uart
                0x00000644        0x8 ./src/system.o
                0x00000644                get_uart
 .text.init_system
                0x0000064c       0x6c ./src/system.o
                0x0000064c                init_system
 .text.Timer1_IRQHandler
                0x000006b8       0x2c ./src/timer.o
                0x000006b8                Timer1_IRQHandler
 .text.init_timer_1
                0x000006e4       0x58 ./src/timer.o
                0x000006e4                init_timer_1
 .text.get_mili_time
                0x0000073c        0xc ./src/timer.o
                0x0000073c                get_mili_time
 .text.diff_mili_time
                0x00000748       0x1c ./src/timer.o
                0x00000748                diff_mili_time
 .text.global_init
                0x00000764      0x260 D:\Home2021\ChroZen-LC\LC_AS\SoC\Ch_AS_SF2_FW\ChAS-git\SF2_hw_platform\Release\libSF2_hw_platform.a(mss_uart.o)
 .text.MSS_UART_isr.part.0
                0x000009c4       0xf4 D:\Home2021\ChroZen-LC\LC_AS\SoC\Ch_AS_SF2_FW\ChAS-git\SF2_hw_platform\Release\libSF2_hw_platform.a(mss_uart.o)
 .text.default_tx_handler
                0x00000ab8       0x84 D:\Home2021\ChroZen-LC\LC_AS\SoC\Ch_AS_SF2_FW\ChAS-git\SF2_hw_platform\Release\libSF2_hw_platform.a(mss_uart.o)
 .text.MSS_UART_init
                0x00000b3c       0x5c D:\Home2021\ChroZen-LC\LC_AS\SoC\Ch_AS_SF2_FW\ChAS-git\SF2_hw_platform\Release\libSF2_hw_platform.a(mss_uart.o)
                0x00000b3c                MSS_UART_init
 .text.MSS_UART_polled_tx
                0x00000b98       0x60 D:\Home2021\ChroZen-LC\LC_AS\SoC\Ch_AS_SF2_FW\ChAS-git\SF2_hw_platform\Release\libSF2_hw_platform.a(mss_uart.o)
                0x00000b98                MSS_UART_polled_tx
 .text.UART0_IRQHandler
                0x00000bf8       0x1c D:\Home2021\ChroZen-LC\LC_AS\SoC\Ch_AS_SF2_FW\ChAS-git\SF2_hw_platform\Release\libSF2_hw_platform.a(mss_uart.o)
                0x00000bf8                UART0_IRQHandler
 .text.UART1_IRQHandler
                0x00000c14       0x1c D:\Home2021\ChroZen-LC\LC_AS\SoC\Ch_AS_SF2_FW\ChAS-git\SF2_hw_platform\Release\libSF2_hw_platform.a(mss_uart.o)
                0x00000c14                UART1_IRQHandler
 .text.request_nvm_access
                0x00000c30       0x58 D:\Home2021\ChroZen-LC\LC_AS\SoC\Ch_AS_SF2_FW\ChAS-git\SF2_hw_platform\Release\libSF2_hw_platform.a(mss_nvm.o)
 .text.release_ctrl_access
                0x00000c88       0x38 D:\Home2021\ChroZen-LC\LC_AS\SoC\Ch_AS_SF2_FW\ChAS-git\SF2_hw_platform\Release\libSF2_hw_platform.a(mss_nvm.o)
 .text.fill_wd_buffer
                0x00000cc0       0xbc D:\Home2021\ChroZen-LC\LC_AS\SoC\Ch_AS_SF2_FW\ChAS-git\SF2_hw_platform\Release\libSF2_hw_platform.a(mss_nvm.o)
 .text.check_protection_reserved_nvm
                0x00000d7c      0x2d4 D:\Home2021\ChroZen-LC\LC_AS\SoC\Ch_AS_SF2_FW\ChAS-git\SF2_hw_platform\Release\libSF2_hw_platform.a(mss_nvm.o)
 .text.get_error_code
                0x00001050       0x28 D:\Home2021\ChroZen-LC\LC_AS\SoC\Ch_AS_SF2_FW\ChAS-git\SF2_hw_platform\Release\libSF2_hw_platform.a(mss_nvm.o)
 .text.get_ctrl_access
                0x00001078       0x48 D:\Home2021\ChroZen-LC\LC_AS\SoC\Ch_AS_SF2_FW\ChAS-git\SF2_hw_platform\Release\libSF2_hw_platform.a(mss_nvm.o)
 .text.NVM_write
                0x000010c0      0x228 D:\Home2021\ChroZen-LC\LC_AS\SoC\Ch_AS_SF2_FW\ChAS-git\SF2_hw_platform\Release\libSF2_hw_platform.a(mss_nvm.o)
                0x000010c0                NVM_write
 .text.NVM_unlock
                0x000012e8      0x12c D:\Home2021\ChroZen-LC\LC_AS\SoC\Ch_AS_SF2_FW\ChAS-git\SF2_hw_platform\Release\libSF2_hw_platform.a(mss_nvm.o)
                0x000012e8                NVM_unlock
 .text.MSS_NVM_read
                0x00001414       0x3c D:\Home2021\ChroZen-LC\LC_AS\SoC\Ch_AS_SF2_FW\ChAS-git\SF2_hw_platform\Release\libSF2_hw_platform.a(mss_nvm.o)
                0x00001414                MSS_NVM_read
 .text.NVM_verify
                0x00001450       0xd8 D:\Home2021\ChroZen-LC\LC_AS\SoC\Ch_AS_SF2_FW\ChAS-git\SF2_hw_platform\Release\libSF2_hw_platform.a(mss_nvm.o)
                0x00001450                NVM_verify
 .text.SystemInit
                0x00001528       0x40 D:\Home2021\ChroZen-LC\LC_AS\SoC\Ch_AS_SF2_FW\ChAS-git\SF2_hw_platform\Release\libSF2_hw_platform.a(system_m2sxxx.o)
                0x00001528                SystemInit
 .text.SystemCoreClockUpdate
                0x00001568       0xf8 D:\Home2021\ChroZen-LC\LC_AS\SoC\Ch_AS_SF2_FW\ChAS-git\SF2_hw_platform\Release\libSF2_hw_platform.a(system_m2sxxx.o)
                0x00001568                SystemCoreClockUpdate
 .text.__libc_init_array
                0x00001660       0x50 c:/microsemi/softconsole_v4.0/arm-none-eabi-gcc/bin/../lib/gcc/arm-none-eabi/4.9.3/../../../../arm-none-eabi/lib/armv7-m\libc.a(lib_a-init.o)
                0x00001660                __libc_init_array
 .text          0x000016b0       0xec c:/microsemi/softconsole_v4.0/arm-none-eabi-gcc/bin/../lib/gcc/arm-none-eabi/4.9.3/../../../../arm-none-eabi/lib/armv7-m\libc.a(lib_a-memcpy.o)
                0x000016b0                memcpy
 .text.memset   0x0000179c       0x9c c:/microsemi/softconsole_v4.0/arm-none-eabi-gcc/bin/../lib/gcc/arm-none-eabi/4.9.3/../../../../arm-none-eabi/lib/armv7-m\libc.a(lib_a-memset.o)
                0x0000179c                memset
 .text.startup.register_fini
                0x00001838       0x14 c:/microsemi/softconsole_v4.0/arm-none-eabi-gcc/bin/../lib/gcc/arm-none-eabi/4.9.3/../../../../arm-none-eabi/lib/armv7-m\libc.a(lib_a-__call_atexit.o)
 .text.atexit   0x0000184c        0xc c:/microsemi/softconsole_v4.0/arm-none-eabi-gcc/bin/../lib/gcc/arm-none-eabi/4.9.3/../../../../arm-none-eabi/lib/armv7-m\libc.a(lib_a-atexit.o)
                0x0000184c                atexit
 .text.__libc_fini_array
                0x00001858       0x2c c:/microsemi/softconsole_v4.0/arm-none-eabi-gcc/bin/../lib/gcc/arm-none-eabi/4.9.3/../../../../arm-none-eabi/lib/armv7-m\libc.a(lib_a-fini.o)
                0x00001858                __libc_fini_array
 .text.__register_exitproc
                0x00001884       0xa4 c:/microsemi/softconsole_v4.0/arm-none-eabi-gcc/bin/../lib/gcc/arm-none-eabi/4.9.3/../../../../arm-none-eabi/lib/armv7-m\libc.a(lib_a-__atexit.o)
                0x00001884                __register_exitproc
 *(.plt)
 *(.gnu.warning)
 *(.glue_7t)
 .glue_7t       0x00000000        0x0 linker stubs
 *(.glue_7)
 .glue_7        0x00000000        0x0 linker stubs
 *(.vfp11_veneer)
 .vfp11_veneer  0x00000000        0x0 linker stubs
                0x00001928                . = ALIGN (0x4)
 *crtbegin.o(.ctors)
 *(EXCLUDE_FILE(*crtend.o) .ctors)
 *(SORT(.ctors.*))
 *crtend.o(.ctors)
 *crtbegin.o(.dtors)
 *(EXCLUDE_FILE(*crtend.o) .dtors)
 *(SORT(.dtors.*))
 *crtend.o(.dtors)
 *(.rodata .rodata.* .gnu.linkonce.r.*)
 .rodata.g_nvm  0x00001928        0x8 D:\Home2021\ChroZen-LC\LC_AS\SoC\Ch_AS_SF2_FW\ChAS-git\SF2_hw_platform\Release\libSF2_hw_platform.a(mss_nvm.o)
 .rodata.g_nvm32
                0x00001930        0x8 D:\Home2021\ChroZen-LC\LC_AS\SoC\Ch_AS_SF2_FW\ChAS-git\SF2_hw_platform\Release\libSF2_hw_platform.a(mss_nvm.o)
 .rodata        0x00001938        0x8 D:\Home2021\ChroZen-LC\LC_AS\SoC\Ch_AS_SF2_FW\ChAS-git\SF2_hw_platform\Release\libSF2_hw_platform.a(system_m2sxxx.o)
 .rodata.str1.4
                0x00001940        0x4 c:/microsemi/softconsole_v4.0/arm-none-eabi-gcc/bin/../lib/gcc/arm-none-eabi/4.9.3/../../../../arm-none-eabi/lib/armv7-m\libc.a(lib_a-impure.o)
                                  0x2 (size before relaxing)
 .rodata._global_impure_ptr
                0x00001944        0x4 c:/microsemi/softconsole_v4.0/arm-none-eabi-gcc/bin/../lib/gcc/arm-none-eabi/4.9.3/../../../../arm-none-eabi/lib/armv7-m\libc.a(lib_a-impure.o)
                0x00001944                _global_impure_ptr
 *(.ARM.extab* .gnu.linkonce.armextab.*)
 *(.gcc_except_table)
 *(.eh_frame_hdr)
 *(.eh_frame)
 .eh_frame      0x00001948        0x0 c:/microsemi/softconsole_v4.0/arm-none-eabi-gcc/bin/../lib/gcc/arm-none-eabi/4.9.3/armv7-m/crtbegin.o
 *(.vector_table)
 *(.init)
 .init          0x00001948        0x4 c:/microsemi/softconsole_v4.0/arm-none-eabi-gcc/bin/../lib/gcc/arm-none-eabi/4.9.3/armv7-m/crti.o
                0x00001948                _init
 .init          0x0000194c        0x8 c:/microsemi/softconsole_v4.0/arm-none-eabi-gcc/bin/../lib/gcc/arm-none-eabi/4.9.3/armv7-m/crtn.o
 *(.fini)
 .fini          0x00001954        0x4 c:/microsemi/softconsole_v4.0/arm-none-eabi-gcc/bin/../lib/gcc/arm-none-eabi/4.9.3/armv7-m/crti.o
                0x00001954                _fini
 .fini          0x00001958        0x8 c:/microsemi/softconsole_v4.0/arm-none-eabi-gcc/bin/../lib/gcc/arm-none-eabi/4.9.3/armv7-m/crtn.o
                0x00001960                PROVIDE (__preinit_array_start, .)
 *(.preinit_array)
                0x00001960                PROVIDE (__preinit_array_end, .)
                0x00001960                PROVIDE (__init_array_start, .)
 *(SORT(.init_array.*))
 .init_array.00000
                0x00001960        0x4 c:/microsemi/softconsole_v4.0/arm-none-eabi-gcc/bin/../lib/gcc/arm-none-eabi/4.9.3/../../../../arm-none-eabi/lib/armv7-m\libc.a(lib_a-__call_atexit.o)
 *(.init_array)
 .init_array    0x00001964        0x4 c:/microsemi/softconsole_v4.0/arm-none-eabi-gcc/bin/../lib/gcc/arm-none-eabi/4.9.3/armv7-m/crtbegin.o
                0x00001968                PROVIDE (__init_array_end, .)
                0x00001968                PROVIDE (__fini_array_start, .)
 *(.fini_array)
 .fini_array    0x00001968        0x4 c:/microsemi/softconsole_v4.0/arm-none-eabi-gcc/bin/../lib/gcc/arm-none-eabi/4.9.3/armv7-m/crtbegin.o
 *(SORT(.fini_array.*))
                0x0000196c                PROVIDE (__fini_array_end, .)
                0x0000196c                . = ALIGN (0x4)
                0x0000196c                __exidx_start = .

.v4_bx          0x0000196c        0x0
 .v4_bx         0x00000000        0x0 linker stubs

.iplt           0x0000196c        0x0
 .iplt          0x00000000        0x0 c:/microsemi/softconsole_v4.0/arm-none-eabi-gcc/bin/../lib/gcc/arm-none-eabi/4.9.3/armv7-m/crtbegin.o

.rel.dyn        0x0000196c        0x0
 .rel.iplt      0x00000000        0x0 c:/microsemi/softconsole_v4.0/arm-none-eabi-gcc/bin/../lib/gcc/arm-none-eabi/4.9.3/armv7-m/crtbegin.o

.ARM.exidx
 *(.ARM.exidx* .gnu.linkonce.armexidx.*)
                0x0000196c                __exidx_end = .
                0x0000196c                _etext = .

.data           0x2000f000      0x448 load address 0x0000196c
                0x0000196c                __data_load = LOADADDR (.data)
                0x0000196c                _sidata = LOADADDR (.data)
                0x2000f000                __data_start = .
                0x2000f000                _sdata = .
 *(.jcr)
 .jcr           0x2000f000        0x0 c:/microsemi/softconsole_v4.0/arm-none-eabi-gcc/bin/../lib/gcc/arm-none-eabi/4.9.3/armv7-m/crtbegin.o
 .jcr           0x2000f000        0x4 c:/microsemi/softconsole_v4.0/arm-none-eabi-gcc/bin/../lib/gcc/arm-none-eabi/4.9.3/armv7-m/crtend.o
 *(.got.plt)
 *(.got)
 *(.shdata)
 *(.data .data.* .gnu.linkonce.d.*)
 .data.g_FrequencyFIC64
                0x2000f004        0x4 D:\Home2021\ChroZen-LC\LC_AS\SoC\Ch_AS_SF2_FW\ChAS-git\SF2_hw_platform\Release\libSF2_hw_platform.a(system_m2sxxx.o)
                0x2000f004                g_FrequencyFIC64
 .data.g_FrequencyPCLK2
                0x2000f008        0x4 D:\Home2021\ChroZen-LC\LC_AS\SoC\Ch_AS_SF2_FW\ChAS-git\SF2_hw_platform\Release\libSF2_hw_platform.a(system_m2sxxx.o)
                0x2000f008                g_FrequencyPCLK2
 .data.g_FrequencyFIC0
                0x2000f00c        0x4 D:\Home2021\ChroZen-LC\LC_AS\SoC\Ch_AS_SF2_FW\ChAS-git\SF2_hw_platform\Release\libSF2_hw_platform.a(system_m2sxxx.o)
                0x2000f00c                g_FrequencyFIC0
 .data.g_FrequencyFIC1
                0x2000f010        0x4 D:\Home2021\ChroZen-LC\LC_AS\SoC\Ch_AS_SF2_FW\ChAS-git\SF2_hw_platform\Release\libSF2_hw_platform.a(system_m2sxxx.o)
                0x2000f010                g_FrequencyFIC1
 .data.g_FrequencyPCLK0
                0x2000f014        0x4 D:\Home2021\ChroZen-LC\LC_AS\SoC\Ch_AS_SF2_FW\ChAS-git\SF2_hw_platform\Release\libSF2_hw_platform.a(system_m2sxxx.o)
                0x2000f014                g_FrequencyPCLK0
 .data.g_FrequencyPCLK1
                0x2000f018        0x4 D:\Home2021\ChroZen-LC\LC_AS\SoC\Ch_AS_SF2_FW\ChAS-git\SF2_hw_platform\Release\libSF2_hw_platform.a(system_m2sxxx.o)
                0x2000f018                g_FrequencyPCLK1
 .data.SystemCoreClock
                0x2000f01c        0x4 D:\Home2021\ChroZen-LC\LC_AS\SoC\Ch_AS_SF2_FW\ChAS-git\SF2_hw_platform\Release\libSF2_hw_platform.a(system_m2sxxx.o)
                0x2000f01c                SystemCoreClock
 .data.impure_data
                0x2000f020      0x428 c:/microsemi/softconsole_v4.0/arm-none-eabi-gcc/bin/../lib/gcc/arm-none-eabi/4.9.3/../../../../arm-none-eabi/lib/armv7-m\libc.a(lib_a-impure.o)
                0x2000f448                . = ALIGN (0x4)
                0x2000f448                _edata = .

.igot.plt       0x2000f448        0x0 load address 0x00001db4
 .igot.plt      0x00000000        0x0 c:/microsemi/softconsole_v4.0/arm-none-eabi-gcc/bin/../lib/gcc/arm-none-eabi/4.9.3/armv7-m/crtbegin.o

.bss            0x2000f448      0x1a8 load address 0x00001db4
                0x2000f448                __bss_start__ = .
                0x2000f448                _sbss = .
 *(.shbss)
 *(.bss .bss.* .gnu.linkonce.b.*)
 .bss           0x2000f448       0x1c c:/microsemi/softconsole_v4.0/arm-none-eabi-gcc/bin/../lib/gcc/arm-none-eabi/4.9.3/armv7-m/crtbegin.o
 .bss.g_nCheckStartTime
                0x2000f464        0x4 ./src/procotol.o
 .bss.Time1mS   0x2000f468        0x4 ./src/timer.o
                0x2000f468                Time1mS
 .bss.g_do_not_lock_page
                0x2000f46c        0x1 D:\Home2021\ChroZen-LC\LC_AS\SoC\Ch_AS_SF2_FW\ChAS-git\SF2_hw_platform\Release\libSF2_hw_platform.a(mss_nvm.o)
 .bss.g_envm_ctrl_locks
                0x2000f46d        0x1 D:\Home2021\ChroZen-LC\LC_AS\SoC\Ch_AS_SF2_FW\ChAS-git\SF2_hw_platform\Release\libSF2_hw_platform.a(mss_nvm.o)
 *(COMMON)
 *fill*         0x2000f46e        0x2 
 COMMON         0x2000f470      0x100 ./src/storage.o
                0x2000f470                g_tStorageInfo
 COMMON         0x2000f570       0x80 D:\Home2021\ChroZen-LC\LC_AS\SoC\Ch_AS_SF2_FW\ChAS-git\SF2_hw_platform\Release\libSF2_hw_platform.a(mss_uart.o)
                0x2000f570                g_mss_uart1
                0x2000f5b0                g_mss_uart0
                0x2000f5f0                . = ALIGN (0x4)
                0x2000f5f0                __bss_end__ = .
                0x2000f5f0                _end = .
                0x2000f5f0                __end = _end
                0x2000f5f0                _ebss = .
                0x2000f5f0                PROVIDE (end, .)

.heap           0x2000f5f0      0x210 load address 0x00001db4
                0x2000f5f0                __heap_start__ = .
                0x2000f5f0                . = (. + MIN_SIZE_HEAP)
                0x2000f800                . = (. + (((ABSOLUTE (RAM_START_ADDRESS) + RAM_SIZE) - MAIN_STACK_SIZE) - .))
 *fill*         0x2000f5f0      0x210 
                0x2000f800                _eheap = .

.stack          0x2000f800      0x800 load address 0x00001db4
                0x2000f800                __stack_start__ = .
                0x20010000                . = (. + MAIN_STACK_SIZE)
 *fill*         0x2000f800      0x800 
                0x20010000                _estack = .

.stab
 *(.stab)

.stabstr
 *(.stabstr)

.debug
 *(.debug)

.line
 *(.line)

.debug_srcinfo
 *(.debug_srcinfo)

.debug_sfnames
 *(.debug_sfnames)

.debug_aranges
 *(.debug_aranges)

.debug_pubnames
 *(.debug_pubnames)

.debug_info
 *(.debug_info .gnu.linkonce.wi.*)

.debug_abbrev
 *(.debug_abbrev)

.debug_line
 *(.debug_line)

.debug_frame    0x00000000      0x180
 *(.debug_frame)
 .debug_frame   0x00000000       0x20 c:/microsemi/softconsole_v4.0/arm-none-eabi-gcc/bin/../lib/gcc/arm-none-eabi/4.9.3/../../../../arm-none-eabi/lib/armv7-m\libc.a(lib_a-errno.o)
 .debug_frame   0x00000020       0x28 c:/microsemi/softconsole_v4.0/arm-none-eabi-gcc/bin/../lib/gcc/arm-none-eabi/4.9.3/../../../../arm-none-eabi/lib/armv7-m\libc.a(lib_a-exit.o)
 .debug_frame   0x00000048       0x2c c:/microsemi/softconsole_v4.0/arm-none-eabi-gcc/bin/../lib/gcc/arm-none-eabi/4.9.3/../../../../arm-none-eabi/lib/armv7-m\libc.a(lib_a-init.o)
 .debug_frame   0x00000074       0x34 c:/microsemi/softconsole_v4.0/arm-none-eabi-gcc/bin/../lib/gcc/arm-none-eabi/4.9.3/../../../../arm-none-eabi/lib/armv7-m\libc.a(lib_a-memset.o)
 .debug_frame   0x000000a8       0x50 c:/microsemi/softconsole_v4.0/arm-none-eabi-gcc/bin/../lib/gcc/arm-none-eabi/4.9.3/../../../../arm-none-eabi/lib/armv7-m\libc.a(lib_a-__call_atexit.o)
 .debug_frame   0x000000f8       0x20 c:/microsemi/softconsole_v4.0/arm-none-eabi-gcc/bin/../lib/gcc/arm-none-eabi/4.9.3/../../../../arm-none-eabi/lib/armv7-m\libc.a(lib_a-atexit.o)
 .debug_frame   0x00000118       0x34 c:/microsemi/softconsole_v4.0/arm-none-eabi-gcc/bin/../lib/gcc/arm-none-eabi/4.9.3/../../../../arm-none-eabi/lib/armv7-m\libc.a(lib_a-fini.o)
 .debug_frame   0x0000014c       0x34 c:/microsemi/softconsole_v4.0/arm-none-eabi-gcc/bin/../lib/gcc/arm-none-eabi/4.9.3/../../../../arm-none-eabi/lib/armv7-m\libc.a(lib_a-__atexit.o)

.comment        0x00000000       0x70
 .comment       0x00000000       0x70 ./src/main.o
                                 0x71 (size before relaxing)
 .comment       0x00000000       0x71 ./src/procotol.o
 .comment       0x00000000       0x71 ./src/run_program.o
 .comment       0x00000000       0x71 ./src/storage.o
 .comment       0x00000000       0x71 ./src/system.o
 .comment       0x00000000       0x71 ./src/timer.o
 .comment       0x00000000       0x71 ./src/util.o
 .comment       0x00000000       0x71 D:/Home2021/ChroZen-LC/LC_AS/SoC/Ch_AS_SF2_FW/ChAS-git/SF2_hw_platform/Release/src/CMSIS/startup_gcc/newlib_stubs.o
 .comment       0x00000000       0x71 D:\Home2021\ChroZen-LC\LC_AS\SoC\Ch_AS_SF2_FW\ChAS-git\SF2_hw_platform\Release\libSF2_hw_platform.a(mss_uart.o)
 .comment       0x00000000       0x71 D:\Home2021\ChroZen-LC\LC_AS\SoC\Ch_AS_SF2_FW\ChAS-git\SF2_hw_platform\Release\libSF2_hw_platform.a(mss_nvm.o)
 .comment       0x00000000       0x71 D:\Home2021\ChroZen-LC\LC_AS\SoC\Ch_AS_SF2_FW\ChAS-git\SF2_hw_platform\Release\libSF2_hw_platform.a(system_m2sxxx.o)

.debug_str
 *(.debug_str)

.debug_loc
 *(.debug_loc)

.debug_macinfo
 *(.debug_macinfo)

.debug_weaknames
 *(.debug_weaknames)

.debug_funcnames
 *(.debug_funcnames)

.debug_typenames
 *(.debug_typenames)

.debug_varnames
 *(.debug_varnames)

.note.gnu.arm.ident
 *(.note.gnu.arm.ident)

.ARM.attributes
                0x00000000       0x29
 *(.ARM.attributes)
 .ARM.attributes
                0x00000000       0x1d c:/microsemi/softconsole_v4.0/arm-none-eabi-gcc/bin/../lib/gcc/arm-none-eabi/4.9.3/armv7-m/crti.o
 .ARM.attributes
                0x0000001d       0x2d c:/microsemi/softconsole_v4.0/arm-none-eabi-gcc/bin/../lib/gcc/arm-none-eabi/4.9.3/armv7-m/crtbegin.o
 .ARM.attributes
                0x0000004a       0x1b c:/microsemi/softconsole_v4.0/arm-none-eabi-gcc/bin/../lib/gcc/arm-none-eabi/4.9.3/../../../../arm-none-eabi/lib/armv7-m/crt0.o
 .ARM.attributes
                0x00000065       0x33 ./src/main.o
 .ARM.attributes
                0x00000098       0x33 ./src/procotol.o
 .ARM.attributes
                0x000000cb       0x33 ./src/run_program.o
 .ARM.attributes
                0x000000fe       0x33 ./src/storage.o
 .ARM.attributes
                0x00000131       0x33 ./src/system.o
 .ARM.attributes
                0x00000164       0x33 ./src/timer.o
 .ARM.attributes
                0x00000197       0x33 ./src/util.o
 .ARM.attributes
                0x000001ca       0x33 D:/Home2021/ChroZen-LC/LC_AS/SoC/Ch_AS_SF2_FW/ChAS-git/SF2_hw_platform/Release/src/CMSIS/startup_gcc/newlib_stubs.o
 .ARM.attributes
                0x000001fd       0x21 D:/Home2021/ChroZen-LC/LC_AS/SoC/Ch_AS_SF2_FW/ChAS-git/SF2_hw_platform/Release/src/CMSIS/startup_gcc/startup_m2sxxx.o
 .ARM.attributes
                0x0000021e       0x33 D:\Home2021\ChroZen-LC\LC_AS\SoC\Ch_AS_SF2_FW\ChAS-git\SF2_hw_platform\Release\libSF2_hw_platform.a(mss_uart.o)
 .ARM.attributes
                0x00000251       0x33 D:\Home2021\ChroZen-LC\LC_AS\SoC\Ch_AS_SF2_FW\ChAS-git\SF2_hw_platform\Release\libSF2_hw_platform.a(mss_nvm.o)
 .ARM.attributes
                0x00000284       0x33 D:\Home2021\ChroZen-LC\LC_AS\SoC\Ch_AS_SF2_FW\ChAS-git\SF2_hw_platform\Release\libSF2_hw_platform.a(system_m2sxxx.o)
 .ARM.attributes
                0x000002b7       0x2d c:/microsemi/softconsole_v4.0/arm-none-eabi-gcc/bin/../lib/gcc/arm-none-eabi/4.9.3/../../../../arm-none-eabi/lib/armv7-m\libc.a(lib_a-ctype_.o)
 .ARM.attributes
                0x000002e4       0x2d c:/microsemi/softconsole_v4.0/arm-none-eabi-gcc/bin/../lib/gcc/arm-none-eabi/4.9.3/../../../../arm-none-eabi/lib/armv7-m\libc.a(lib_a-errno.o)
 .ARM.attributes
                0x00000311       0x2d c:/microsemi/softconsole_v4.0/arm-none-eabi-gcc/bin/../lib/gcc/arm-none-eabi/4.9.3/../../../../arm-none-eabi/lib/armv7-m\libc.a(lib_a-exit.o)
 .ARM.attributes
                0x0000033e       0x2d c:/microsemi/softconsole_v4.0/arm-none-eabi-gcc/bin/../lib/gcc/arm-none-eabi/4.9.3/../../../../arm-none-eabi/lib/armv7-m\libc.a(lib_a-impure.o)
 .ARM.attributes
                0x0000036b       0x2d c:/microsemi/softconsole_v4.0/arm-none-eabi-gcc/bin/../lib/gcc/arm-none-eabi/4.9.3/../../../../arm-none-eabi/lib/armv7-m\libc.a(lib_a-init.o)
 .ARM.attributes
                0x00000398       0x1b c:/microsemi/softconsole_v4.0/arm-none-eabi-gcc/bin/../lib/gcc/arm-none-eabi/4.9.3/../../../../arm-none-eabi/lib/armv7-m\libc.a(lib_a-memcpy.o)
 .ARM.attributes
                0x000003b3       0x2d c:/microsemi/softconsole_v4.0/arm-none-eabi-gcc/bin/../lib/gcc/arm-none-eabi/4.9.3/../../../../arm-none-eabi/lib/armv7-m\libc.a(lib_a-memset.o)
 .ARM.attributes
                0x000003e0       0x2d c:/microsemi/softconsole_v4.0/arm-none-eabi-gcc/bin/../lib/gcc/arm-none-eabi/4.9.3/../../../../arm-none-eabi/lib/armv7-m\libc.a(lib_a-__call_atexit.o)
 .ARM.attributes
                0x0000040d       0x2d c:/microsemi/softconsole_v4.0/arm-none-eabi-gcc/bin/../lib/gcc/arm-none-eabi/4.9.3/../../../../arm-none-eabi/lib/armv7-m\libc.a(lib_a-atexit.o)
 .ARM.attributes
                0x0000043a       0x2d c:/microsemi/softconsole_v4.0/arm-none-eabi-gcc/bin/../lib/gcc/arm-none-eabi/4.9.3/../../../../arm-none-eabi/lib/armv7-m\libc.a(lib_a-fini.o)
 .ARM.attributes
                0x00000467       0x2d c:/microsemi/softconsole_v4.0/arm-none-eabi-gcc/bin/../lib/gcc/arm-none-eabi/4.9.3/../../../../arm-none-eabi/lib/armv7-m\libc.a(lib_a-__atexit.o)
 .ARM.attributes
                0x00000494       0x2d c:/microsemi/softconsole_v4.0/arm-none-eabi-gcc/bin/../lib/gcc/arm-none-eabi/4.9.3/armv7-m/crtend.o
 .ARM.attributes
                0x000004c1       0x1d c:/microsemi/softconsole_v4.0/arm-none-eabi-gcc/bin/../lib/gcc/arm-none-eabi/4.9.3/armv7-m/crtn.o

/DISCARD/
 *(.note.GNU-stack)
OUTPUT(SF2_Bootloader.elf elf32-littlearm)
