22:13:14 **** Incremental Build of configuration Debug for project Ch_AS4 ****
make all 
Building file: ../apps_layer/net_AS.c
Invoking: Cross ARM C Compiler
arm-none-eabi-gcc -mcpu=cortex-m3 -mthumb -O0 -fmessage-length=0 -fsigned-char -ffunction-sections -fdata-sections  -g3 -DMICROSEMI_STDIO_THRU_MMUART0 -I"J:\Home2021\ChroZen-LC\LC_AS\SoC\Ch_AS_SF2\SoftConsole4-SF2\Ch_AS4" -I"J:\Home2021\ChroZen-LC\LC_AS\SoC\Ch_AS_SF2\SoftConsole4-SF2\Ch_AS4\BSP" -I"J:\Home2021\ChroZen-LC\LC_AS\SoC\Ch_AS_SF2\SoftConsole4-SF2\Ch_AS4\BSP\EEPROM_Driver" -I"J:\Home2021\ChroZen-LC\LC_AS\SoC\Ch_AS_SF2\SoftConsole4-SF2\Ch_AS4\lwIP" -I"J:\Home2021\ChroZen-LC\LC_AS\SoC\Ch_AS_SF2\SoftConsole4-SF2\Ch_AS4\lwIP\api" -I"J:\Home2021\ChroZen-LC\LC_AS\SoC\Ch_AS_SF2\SoftConsole4-SF2\Ch_AS4\lwIP\arch" -I"J:\Home2021\ChroZen-LC\LC_AS\SoC\Ch_AS_SF2\SoftConsole4-SF2\Ch_AS4\lwIP\core" -I"J:\Home2021\ChroZen-LC\LC_AS\SoC\Ch_AS_SF2\SoftConsole4-SF2\Ch_AS4\lwIP\core\ipv4" -I"J:\Home2021\ChroZen-LC\LC_AS\SoC\Ch_AS_SF2\SoftConsole4-SF2\Ch_AS4\lwIP\core\snmp" -I"J:\Home2021\ChroZen-LC\LC_AS\SoC\Ch_AS_SF2\SoftConsole4-SF2\Ch_AS4\lwIP\include" -I"J:\Home2021\ChroZen-LC\LC_AS\SoC\Ch_AS_SF2\SoftConsole4-SF2\Ch_AS4\lwIP\include\ipv4" -I"J:\Home2021\ChroZen-LC\LC_AS\SoC\Ch_AS_SF2\SoftConsole4-SF2\Ch_AS4\lwIP\include\lwip" -I"J:\Home2021\ChroZen-LC\LC_AS\SoC\Ch_AS_SF2\SoftConsole4-SF2\Ch_AS4\lwIP\include\netif" -I"J:\Home2021\ChroZen-LC\LC_AS\SoC\Ch_AS_SF2\SoftConsole4-SF2\Ch_AS4\lwIP\netif" -I"J:\Home2021\ChroZen-LC\LC_AS\SoC\Ch_AS_SF2\SoftConsole4-SF2\Ch_AS4\lwIP\netif\ppp" -I"J:\Home2021\ChroZen-LC\LC_AS\SoC\Ch_AS_SF2\SoftConsole4-SF2\Ch_AS4\port_config" -I"J:\Home2021\ChroZen-LC\LC_AS\SoC\Ch_AS_SF2\SoftConsole4-SF2\Ch_AS4\firmware\CMSIS" -I"J:\Home2021\ChroZen-LC\LC_AS\SoC\Ch_AS_SF2\SoftConsole4-SF2\Ch_AS4\firmware\CMSIS\startup_gcc" -I"J:\Home2021\ChroZen-LC\LC_AS\SoC\Ch_AS_SF2\SoftConsole4-SF2\Ch_AS4\firmware\drivers" -I"J:\Home2021\ChroZen-LC\LC_AS\SoC\Ch_AS_SF2\SoftConsole4-SF2\Ch_AS4\firmware\drivers\mss_ethernet_mac" -I"J:\Home2021\ChroZen-LC\LC_AS\SoC\Ch_AS_SF2\SoftConsole4-SF2\Ch_AS4\firmware\drivers\mss_hpdma" -I"J:\Home2021\ChroZen-LC\LC_AS\SoC\Ch_AS_SF2\SoftConsole4-SF2\Ch_AS4\firmware\drivers\mss_i2c" -I"J:\Home2021\ChroZen-LC\LC_AS\SoC\Ch_AS_SF2\SoftConsole4-SF2\Ch_AS4\firmware\drivers\mss_nvm" -I"J:\Home2021\ChroZen-LC\LC_AS\SoC\Ch_AS_SF2\SoftConsole4-SF2\Ch_AS4\firmware\drivers\mss_pdma" -I"J:\Home2021\ChroZen-LC\LC_AS\SoC\Ch_AS_SF2\SoftConsole4-SF2\Ch_AS4\firmware\drivers\mss_sys_services" -I"J:\Home2021\ChroZen-LC\LC_AS\SoC\Ch_AS_SF2\SoftConsole4-SF2\Ch_AS4\firmware\drivers\mss_timer" -I"J:\Home2021\ChroZen-LC\LC_AS\SoC\Ch_AS_SF2\SoftConsole4-SF2\Ch_AS4\firmware\drivers\mss_uart" -I"J:\Home2021\ChroZen-LC\LC_AS\SoC\Ch_AS_SF2\SoftConsole4-SF2\Ch_AS4\firmware\drivers\mss_watchdog" -I"J:\Home2021\ChroZen-LC\LC_AS\SoC\Ch_AS_SF2\SoftConsole4-SF2\Ch_AS4\firmware\drivers_config" -I"J:\Home2021\ChroZen-LC\LC_AS\SoC\Ch_AS_SF2\SoftConsole4-SF2\Ch_AS4\firmware\drivers_config\sys_config" -I"J:\Home2021\ChroZen-LC\LC_AS\SoC\Ch_AS_SF2\SoftConsole4-SF2\Ch_AS4\firmware\hal" -I"J:\Home2021\ChroZen-LC\LC_AS\SoC\Ch_AS_SF2\SoftConsole4-SF2\Ch_AS4\firmware\hal\CortexM3" -I"J:\Home2021\ChroZen-LC\LC_AS\SoC\Ch_AS_SF2\SoftConsole4-SF2\Ch_AS4\firmware\hal\CortexM3\GNU" -I"J:\Home2021\ChroZen-LC\LC_AS\SoC\Ch_AS_SF2\SoftConsole4-SF2\Ch_AS4\inc" -I"J:\Home2021\ChroZen-LC\LC_AS\SoC\Ch_AS_SF2\SoftConsole4-SF2\Ch_AS4\ryu_inc" -I"J:\Home2021\ChroZen-LC\LC_AS\SoC\Ch_AS_SF2\SoftConsole4-SF2\Ch_AS4\common_inc" -std=gnu11 -Wa,-adhlns="apps_layer/net_AS.o.lst" --specs=cmsis.specs -MMD -MP -MF"apps_layer/net_AS.d" -MT"apps_layer/net_AS.o" -c -o "apps_layer/net_AS.o" "../apps_layer/net_AS.c"
../apps_layer/net_AS.c: In function 'tempConstCalc':
../apps_layer/net_AS.c:592:43: warning: passing argument 3 of 'eepromRead_Data' from incompatible pointer type
     eepromRead_Data(TEMP_CAL_DATA_ADDR,20,&tempCalData.meaTemp1); 
                                           ^
In file included from ../apps_layer/net_AS.c:28:0:
J:\Home2021\ChroZen-LC\LC_AS\SoC\Ch_AS_SF2\SoftConsole4-SF2\Ch_AS4\BSP\EEPROM_Driver/EEPROM.h:405:1: note: expected 'uint8_t *' but argument is of type 'float *'
 eepromRead_Data
 ^
Finished building: ../apps_layer/net_AS.c
 
Building file: ../main.c
Invoking: Cross ARM C Compiler
arm-none-eabi-gcc -mcpu=cortex-m3 -mthumb -O0 -fmessage-length=0 -fsigned-char -ffunction-sections -fdata-sections  -g3 -DMICROSEMI_STDIO_THRU_MMUART0 -I"J:\Home2021\ChroZen-LC\LC_AS\SoC\Ch_AS_SF2\SoftConsole4-SF2\Ch_AS4" -I"J:\Home2021\ChroZen-LC\LC_AS\SoC\Ch_AS_SF2\SoftConsole4-SF2\Ch_AS4\BSP" -I"J:\Home2021\ChroZen-LC\LC_AS\SoC\Ch_AS_SF2\SoftConsole4-SF2\Ch_AS4\BSP\EEPROM_Driver" -I"J:\Home2021\ChroZen-LC\LC_AS\SoC\Ch_AS_SF2\SoftConsole4-SF2\Ch_AS4\lwIP" -I"J:\Home2021\ChroZen-LC\LC_AS\SoC\Ch_AS_SF2\SoftConsole4-SF2\Ch_AS4\lwIP\api" -I"J:\Home2021\ChroZen-LC\LC_AS\SoC\Ch_AS_SF2\SoftConsole4-SF2\Ch_AS4\lwIP\arch" -I"J:\Home2021\ChroZen-LC\LC_AS\SoC\Ch_AS_SF2\SoftConsole4-SF2\Ch_AS4\lwIP\core" -I"J:\Home2021\ChroZen-LC\LC_AS\SoC\Ch_AS_SF2\SoftConsole4-SF2\Ch_AS4\lwIP\core\ipv4" -I"J:\Home2021\ChroZen-LC\LC_AS\SoC\Ch_AS_SF2\SoftConsole4-SF2\Ch_AS4\lwIP\core\snmp" -I"J:\Home2021\ChroZen-LC\LC_AS\SoC\Ch_AS_SF2\SoftConsole4-SF2\Ch_AS4\lwIP\include" -I"J:\Home2021\ChroZen-LC\LC_AS\SoC\Ch_AS_SF2\SoftConsole4-SF2\Ch_AS4\lwIP\include\ipv4" -I"J:\Home2021\ChroZen-LC\LC_AS\SoC\Ch_AS_SF2\SoftConsole4-SF2\Ch_AS4\lwIP\include\lwip" -I"J:\Home2021\ChroZen-LC\LC_AS\SoC\Ch_AS_SF2\SoftConsole4-SF2\Ch_AS4\lwIP\include\netif" -I"J:\Home2021\ChroZen-LC\LC_AS\SoC\Ch_AS_SF2\SoftConsole4-SF2\Ch_AS4\lwIP\netif" -I"J:\Home2021\ChroZen-LC\LC_AS\SoC\Ch_AS_SF2\SoftConsole4-SF2\Ch_AS4\lwIP\netif\ppp" -I"J:\Home2021\ChroZen-LC\LC_AS\SoC\Ch_AS_SF2\SoftConsole4-SF2\Ch_AS4\port_config" -I"J:\Home2021\ChroZen-LC\LC_AS\SoC\Ch_AS_SF2\SoftConsole4-SF2\Ch_AS4\firmware\CMSIS" -I"J:\Home2021\ChroZen-LC\LC_AS\SoC\Ch_AS_SF2\SoftConsole4-SF2\Ch_AS4\firmware\CMSIS\startup_gcc" -I"J:\Home2021\ChroZen-LC\LC_AS\SoC\Ch_AS_SF2\SoftConsole4-SF2\Ch_AS4\firmware\drivers" -I"J:\Home2021\ChroZen-LC\LC_AS\SoC\Ch_AS_SF2\SoftConsole4-SF2\Ch_AS4\firmware\drivers\mss_ethernet_mac" -I"J:\Home2021\ChroZen-LC\LC_AS\SoC\Ch_AS_SF2\SoftConsole4-SF2\Ch_AS4\firmware\drivers\mss_hpdma" -I"J:\Home2021\ChroZen-LC\LC_AS\SoC\Ch_AS_SF2\SoftConsole4-SF2\Ch_AS4\firmware\drivers\mss_i2c" -I"J:\Home2021\ChroZen-LC\LC_AS\SoC\Ch_AS_SF2\SoftConsole4-SF2\Ch_AS4\firmware\drivers\mss_nvm" -I"J:\Home2021\ChroZen-LC\LC_AS\SoC\Ch_AS_SF2\SoftConsole4-SF2\Ch_AS4\firmware\drivers\mss_pdma" -I"J:\Home2021\ChroZen-LC\LC_AS\SoC\Ch_AS_SF2\SoftConsole4-SF2\Ch_AS4\firmware\drivers\mss_sys_services" -I"J:\Home2021\ChroZen-LC\LC_AS\SoC\Ch_AS_SF2\SoftConsole4-SF2\Ch_AS4\firmware\drivers\mss_timer" -I"J:\Home2021\ChroZen-LC\LC_AS\SoC\Ch_AS_SF2\SoftConsole4-SF2\Ch_AS4\firmware\drivers\mss_uart" -I"J:\Home2021\ChroZen-LC\LC_AS\SoC\Ch_AS_SF2\SoftConsole4-SF2\Ch_AS4\firmware\drivers\mss_watchdog" -I"J:\Home2021\ChroZen-LC\LC_AS\SoC\Ch_AS_SF2\SoftConsole4-SF2\Ch_AS4\firmware\drivers_config" -I"J:\Home2021\ChroZen-LC\LC_AS\SoC\Ch_AS_SF2\SoftConsole4-SF2\Ch_AS4\firmware\drivers_config\sys_config" -I"J:\Home2021\ChroZen-LC\LC_AS\SoC\Ch_AS_SF2\SoftConsole4-SF2\Ch_AS4\firmware\hal" -I"J:\Home2021\ChroZen-LC\LC_AS\SoC\Ch_AS_SF2\SoftConsole4-SF2\Ch_AS4\firmware\hal\CortexM3" -I"J:\Home2021\ChroZen-LC\LC_AS\SoC\Ch_AS_SF2\SoftConsole4-SF2\Ch_AS4\firmware\hal\CortexM3\GNU" -I"J:\Home2021\ChroZen-LC\LC_AS\SoC\Ch_AS_SF2\SoftConsole4-SF2\Ch_AS4\inc" -I"J:\Home2021\ChroZen-LC\LC_AS\SoC\Ch_AS_SF2\SoftConsole4-SF2\Ch_AS4\ryu_inc" -I"J:\Home2021\ChroZen-LC\LC_AS\SoC\Ch_AS_SF2\SoftConsole4-SF2\Ch_AS4\common_inc" -std=gnu11 -Wa,-adhlns="main.o.lst" --specs=cmsis.specs -MMD -MP -MF"main.d" -MT"main.o" -c -o "main.o" "../main.c"
Finished building: ../main.c
 
Building target: Ch_AS4.elf
Invoking: Cross ARM C Linker
arm-none-eabi-gcc -mcpu=cortex-m3 -mthumb -O0 -fmessage-length=0 -fsigned-char -ffunction-sections -fdata-sections  -g3 -T "J:\Home2021\ChroZen-LC\LC_AS\SoC\Ch_AS_SF2\SoftConsole4-SF2\Ch_AS4\firmware\CMSIS\startup_gcc\debug-in-microsemi-smartfusion2-envm.ld" -Xlinker --gc-sections -Wl,-Map,"Ch_AS4.map" --specs=nano.specs -u _printf_float -o "Ch_AS4.elf"  ./port_config/sys_cfg.o  ./lwIP/netif/ppp/auth.o ./lwIP/netif/ppp/chap.o ./lwIP/netif/ppp/chpms.o ./lwIP/netif/ppp/fsm.o ./lwIP/netif/ppp/ipcp.o ./lwIP/netif/ppp/lcp.o ./lwIP/netif/ppp/magic.o ./lwIP/netif/ppp/md5.o ./lwIP/netif/ppp/pap.o ./lwIP/netif/ppp/ppp.o ./lwIP/netif/ppp/ppp_oe.o ./lwIP/netif/ppp/randm.o ./lwIP/netif/ppp/vj.o  ./lwIP/netif/etharp.o ./lwIP/netif/ethernetif.o ./lwIP/netif/loopif.o ./lwIP/netif/m2sxxx_ethernetif.o ./lwIP/netif/slipif.o  ./lwIP/core/snmp/asn1_dec.o ./lwIP/core/snmp/asn1_enc.o ./lwIP/core/snmp/mib2.o ./lwIP/core/snmp/mib_structs.o ./lwIP/core/snmp/msg_in.o ./lwIP/core/snmp/msg_out.o  ./lwIP/core/ipv4/autoip.o ./lwIP/core/ipv4/icmp.o ./lwIP/core/ipv4/igmp.o ./lwIP/core/ipv4/inet.o ./lwIP/core/ipv4/inet_chksum.o ./lwIP/core/ipv4/ip.o ./lwIP/core/ipv4/ip_addr.o ./lwIP/core/ipv4/ip_frag.o  ./lwIP/core/dhcp.o ./lwIP/core/dns.o ./lwIP/core/init.o ./lwIP/core/mem.o ./lwIP/core/memp.o ./lwIP/core/netif.o ./lwIP/core/pbuf.o ./lwIP/core/raw.o ./lwIP/core/stats.o ./lwIP/core/sys.o ./lwIP/core/tcp.o ./lwIP/core/tcp_in.o ./lwIP/core/tcp_out.o ./lwIP/core/udp.o  ./lwIP/arch/sys_arch.o  ./lwIP/api/api_lib.o ./lwIP/api/api_msg.o ./lwIP/api/err.o ./lwIP/api/netbuf.o ./lwIP/api/netdb.o ./lwIP/api/netifapi.o ./lwIP/api/sockets.o ./lwIP/api/tcpip.o  ./firmware/hal/CortexM3/GNU/hal.o ./firmware/hal/CortexM3/GNU/hw_reg_access.o  ./firmware/hal/CortexM3/cortex_nvic.o  ./firmware/drivers_config/sys_config/sys_config.o  ./firmware/drivers/mss_uart/mss_uart.o  ./firmware/drivers/mss_sys_services/mss_comblk.o ./firmware/drivers/mss_sys_services/mss_sys_services.o  ./firmware/drivers/mss_pdma/mss_pdma.o  ./firmware/drivers/mss_nvm/mss_nvm.o  ./firmware/drivers/mss_i2c/mss_i2c.o  ./firmware/drivers/mss_hpdma/mss_hpdma.o  ./firmware/drivers/mss_ethernet_mac/ksz8051mnl_phy.o ./firmware/drivers/mss_ethernet_mac/mss_ethernet_mac.o  ./firmware/CMSIS/startup_gcc/newlib_stubs.o ./firmware/CMSIS/startup_gcc/startup_m2sxxx.o  ./firmware/CMSIS/system_m2sxxx.o  ./apps_layer/Interrupt.o ./apps_layer/LcasAction_task.o ./apps_layer/MotorCtrl_task.o ./apps_layer/PID_Control_AS.o ./apps_layer/adc_if_AS.o ./apps_layer/led_task.o ./apps_layer/net_AS.o ./apps_layer/netconf.o ./apps_layer/queue.o ./apps_layer/rs422_if.o ./apps_layer/sysconfig.o ./apps_layer/tcp_server.o ./apps_layer/testPrgm.o ./apps_layer/util.o  ./BSP/EEPROM_Driver/EEPROM.o  ./.metadata/.plugins/org.eclipse.cdt.make.core/specs.o  ./main.o   
Finished building target: Ch_AS4.elf
 
Invoking: Cross ARM GNU Create Flash Image
arm-none-eabi-objcopy -O ihex "Ch_AS4.elf"  "Ch_AS4.hex"
Finished building: Ch_AS4.hex
 
Invoking: Cross ARM GNU Print Size
arm-none-eabi-size --format=berkeley -x --totals "Ch_AS4.elf"
   text	   data	    bss	    dec	    hex	filename
0x2a040	  0x1f0	 0xfe10	 237632	  3a040	Ch_AS4.elf
0x2a040	  0x1f0	 0xfe10	 237632	  3a040	(TOTALS)
Finished building: Ch_AS4.siz
 

22:13:18 Build Finished (took 4s.465ms)

