09:05:05 **** Incremental Build of configuration Release for project Ch_Oven4 ****
make all 
Building file: ../apps_layer/Interrupt.c
Invoking: Cross ARM C Compiler
arm-none-eabi-gcc -mcpu=cortex-m3 -mthumb -Os -fmessage-length=0 -ffunction-sections -fdata-sections  -g -DMICROSEMI_STDIO_THRU_MMUART0 -I"J:\I_Drive\Ryu21c\ChroZen-LC\LC_Oven\SoC\ChrozenLC_Oven_SF2\SoftConsole4\Ch_Oven4" -I"J:\I_Drive\Ryu21c\ChroZen-LC\LC_Oven\SoC\ChrozenLC_Oven_SF2\SoftConsole4\Ch_Oven4\BSP" -I"J:\I_Drive\Ryu21c\ChroZen-LC\LC_Oven\SoC\ChrozenLC_Oven_SF2\SoftConsole4\Ch_Oven4\BSP\EEPROM_Driver" -I"J:\I_Drive\Ryu21c\ChroZen-LC\LC_Oven\SoC\ChrozenLC_Oven_SF2\SoftConsole4\Ch_Oven4\lwIP" -I"J:\I_Drive\Ryu21c\ChroZen-LC\LC_Oven\SoC\ChrozenLC_Oven_SF2\SoftConsole4\Ch_Oven4\lwIP\api" -I"J:\I_Drive\Ryu21c\ChroZen-LC\LC_Oven\SoC\ChrozenLC_Oven_SF2\SoftConsole4\Ch_Oven4\lwIP\arch" -I"J:\I_Drive\Ryu21c\ChroZen-LC\LC_Oven\SoC\ChrozenLC_Oven_SF2\SoftConsole4\Ch_Oven4\lwIP\core" -I"J:\I_Drive\Ryu21c\ChroZen-LC\LC_Oven\SoC\ChrozenLC_Oven_SF2\SoftConsole4\Ch_Oven4\lwIP\core\ipv4" -I"J:\I_Drive\Ryu21c\ChroZen-LC\LC_Oven\SoC\ChrozenLC_Oven_SF2\SoftConsole4\Ch_Oven4\lwIP\core\snmp" -I"J:\I_Drive\Ryu21c\ChroZen-LC\LC_Oven\SoC\ChrozenLC_Oven_SF2\SoftConsole4\Ch_Oven4\lwIP\include" -I"J:\I_Drive\Ryu21c\ChroZen-LC\LC_Oven\SoC\ChrozenLC_Oven_SF2\SoftConsole4\Ch_Oven4\lwIP\include\ipv4" -I"J:\I_Drive\Ryu21c\ChroZen-LC\LC_Oven\SoC\ChrozenLC_Oven_SF2\SoftConsole4\Ch_Oven4\lwIP\include\lwip" -I"J:\I_Drive\Ryu21c\ChroZen-LC\LC_Oven\SoC\ChrozenLC_Oven_SF2\SoftConsole4\Ch_Oven4\lwIP\include\netif" -I"J:\I_Drive\Ryu21c\ChroZen-LC\LC_Oven\SoC\ChrozenLC_Oven_SF2\SoftConsole4\Ch_Oven4\lwIP\netif" -I"J:\I_Drive\Ryu21c\ChroZen-LC\LC_Oven\SoC\ChrozenLC_Oven_SF2\SoftConsole4\Ch_Oven4\lwIP\netif\ppp" -I"J:\I_Drive\Ryu21c\ChroZen-LC\LC_Oven\SoC\ChrozenLC_Oven_SF2\SoftConsole4\Ch_Oven4\port_config" -I"J:\I_Drive\Ryu21c\ChroZen-LC\LC_Oven\SoC\ChrozenLC_Oven_SF2\SoftConsole4\Ch_Oven4\CMSIS" -I"J:\I_Drive\Ryu21c\ChroZen-LC\LC_Oven\SoC\ChrozenLC_Oven_SF2\SoftConsole4\Ch_Oven4\CMSIS\startup_gcc" -I"J:\I_Drive\Ryu21c\ChroZen-LC\LC_Oven\SoC\ChrozenLC_Oven_SF2\SoftConsole4\Ch_Oven4\drivers" -I"J:\I_Drive\Ryu21c\ChroZen-LC\LC_Oven\SoC\ChrozenLC_Oven_SF2\SoftConsole4\Ch_Oven4\drivers" -I"J:\I_Drive\Ryu21c\ChroZen-LC\LC_Oven\SoC\ChrozenLC_Oven_SF2\SoftConsole4\Ch_Oven4\drivers\mss_ethernet_mac" -I"J:\I_Drive\Ryu21c\ChroZen-LC\LC_Oven\SoC\ChrozenLC_Oven_SF2\SoftConsole4\Ch_Oven4\drivers\mss_hpdma" -I"J:\I_Drive\Ryu21c\ChroZen-LC\LC_Oven\SoC\ChrozenLC_Oven_SF2\SoftConsole4\Ch_Oven4\drivers\mss_i2c" -I"J:\I_Drive\Ryu21c\ChroZen-LC\LC_Oven\SoC\ChrozenLC_Oven_SF2\SoftConsole4\Ch_Oven4\drivers\mss_nvm" -I"J:\I_Drive\Ryu21c\ChroZen-LC\LC_Oven\SoC\ChrozenLC_Oven_SF2\SoftConsole4\Ch_Oven4\drivers\mss_pdma" -I"J:\I_Drive\Ryu21c\ChroZen-LC\LC_Oven\SoC\ChrozenLC_Oven_SF2\SoftConsole4\Ch_Oven4\drivers\mss_sys_services" -I"J:\I_Drive\Ryu21c\ChroZen-LC\LC_Oven\SoC\ChrozenLC_Oven_SF2\SoftConsole4\Ch_Oven4\drivers\mss_timer" -I"J:\I_Drive\Ryu21c\ChroZen-LC\LC_Oven\SoC\ChrozenLC_Oven_SF2\SoftConsole4\Ch_Oven4\drivers\mss_uart" -I"J:\I_Drive\Ryu21c\ChroZen-LC\LC_Oven\SoC\ChrozenLC_Oven_SF2\SoftConsole4\Ch_Oven4\drivers\mss_watchdog" -I"J:\I_Drive\Ryu21c\ChroZen-LC\LC_Oven\SoC\ChrozenLC_Oven_SF2\SoftConsole4\Ch_Oven4\drivers" -I"J:\I_Drive\Ryu21c\ChroZen-LC\LC_Oven\SoC\ChrozenLC_Oven_SF2\SoftConsole4\Ch_Oven4\drivers_config" -I"J:\I_Drive\Ryu21c\ChroZen-LC\LC_Oven\SoC\ChrozenLC_Oven_SF2\SoftConsole4\Ch_Oven4\drivers_config\sys_config" -I"J:\I_Drive\Ryu21c\ChroZen-LC\LC_Oven\SoC\ChrozenLC_Oven_SF2\SoftConsole4\Ch_Oven4\drivers" -I"J:\I_Drive\Ryu21c\ChroZen-LC\LC_Oven\SoC\ChrozenLC_Oven_SF2\SoftConsole4\Ch_Oven4\hal" -I"J:\I_Drive\Ryu21c\ChroZen-LC\LC_Oven\SoC\ChrozenLC_Oven_SF2\SoftConsole4\Ch_Oven4\hal\CortexM3" -I"J:\I_Drive\Ryu21c\ChroZen-LC\LC_Oven\SoC\ChrozenLC_Oven_SF2\SoftConsole4\Ch_Oven4\hal\CortexM3\GNU" -I"J:\I_Drive\Ryu21c\ChroZen-LC\LC_Oven\SoC\ChrozenLC_Oven_SF2\SoftConsole4\Ch_Oven4\inc" -I"J:\I_Drive\Ryu21c\ChroZen-LC\LC_Oven\SoC\ChrozenLC_Oven_SF2\SoftConsole4\Ch_Oven4\ryu_inc" -I"J:\I_Drive\Ryu21c\ChroZen-LC\LC_Oven\SoC\ChrozenLC_Oven_SF2\SoftConsole4\Ch_Oven4\common_inc" -std=gnu11 --specs=cmsis.specs -MMD -MP -MF"apps_layer/Interrupt.d" -MT"apps_layer/Interrupt.o" -c -o "apps_layer/Interrupt.o" "../apps_layer/Interrupt.c"
Finished building: ../apps_layer/Interrupt.c
 
Building file: ../apps_layer/OvenAction_task.c
Invoking: Cross ARM C Compiler
arm-none-eabi-gcc -mcpu=cortex-m3 -mthumb -Os -fmessage-length=0 -ffunction-sections -fdata-sections  -g -DMICROSEMI_STDIO_THRU_MMUART0 -I"J:\I_Drive\Ryu21c\ChroZen-LC\LC_Oven\SoC\ChrozenLC_Oven_SF2\SoftConsole4\Ch_Oven4" -I"J:\I_Drive\Ryu21c\ChroZen-LC\LC_Oven\SoC\ChrozenLC_Oven_SF2\SoftConsole4\Ch_Oven4\BSP" -I"J:\I_Drive\Ryu21c\ChroZen-LC\LC_Oven\SoC\ChrozenLC_Oven_SF2\SoftConsole4\Ch_Oven4\BSP\EEPROM_Driver" -I"J:\I_Drive\Ryu21c\ChroZen-LC\LC_Oven\SoC\ChrozenLC_Oven_SF2\SoftConsole4\Ch_Oven4\lwIP" -I"J:\I_Drive\Ryu21c\ChroZen-LC\LC_Oven\SoC\ChrozenLC_Oven_SF2\SoftConsole4\Ch_Oven4\lwIP\api" -I"J:\I_Drive\Ryu21c\ChroZen-LC\LC_Oven\SoC\ChrozenLC_Oven_SF2\SoftConsole4\Ch_Oven4\lwIP\arch" -I"J:\I_Drive\Ryu21c\ChroZen-LC\LC_Oven\SoC\ChrozenLC_Oven_SF2\SoftConsole4\Ch_Oven4\lwIP\core" -I"J:\I_Drive\Ryu21c\ChroZen-LC\LC_Oven\SoC\ChrozenLC_Oven_SF2\SoftConsole4\Ch_Oven4\lwIP\core\ipv4" -I"J:\I_Drive\Ryu21c\ChroZen-LC\LC_Oven\SoC\ChrozenLC_Oven_SF2\SoftConsole4\Ch_Oven4\lwIP\core\snmp" -I"J:\I_Drive\Ryu21c\ChroZen-LC\LC_Oven\SoC\ChrozenLC_Oven_SF2\SoftConsole4\Ch_Oven4\lwIP\include" -I"J:\I_Drive\Ryu21c\ChroZen-LC\LC_Oven\SoC\ChrozenLC_Oven_SF2\SoftConsole4\Ch_Oven4\lwIP\include\ipv4" -I"J:\I_Drive\Ryu21c\ChroZen-LC\LC_Oven\SoC\ChrozenLC_Oven_SF2\SoftConsole4\Ch_Oven4\lwIP\include\lwip" -I"J:\I_Drive\Ryu21c\ChroZen-LC\LC_Oven\SoC\ChrozenLC_Oven_SF2\SoftConsole4\Ch_Oven4\lwIP\include\netif" -I"J:\I_Drive\Ryu21c\ChroZen-LC\LC_Oven\SoC\ChrozenLC_Oven_SF2\SoftConsole4\Ch_Oven4\lwIP\netif" -I"J:\I_Drive\Ryu21c\ChroZen-LC\LC_Oven\SoC\ChrozenLC_Oven_SF2\SoftConsole4\Ch_Oven4\lwIP\netif\ppp" -I"J:\I_Drive\Ryu21c\ChroZen-LC\LC_Oven\SoC\ChrozenLC_Oven_SF2\SoftConsole4\Ch_Oven4\port_config" -I"J:\I_Drive\Ryu21c\ChroZen-LC\LC_Oven\SoC\ChrozenLC_Oven_SF2\SoftConsole4\Ch_Oven4\CMSIS" -I"J:\I_Drive\Ryu21c\ChroZen-LC\LC_Oven\SoC\ChrozenLC_Oven_SF2\SoftConsole4\Ch_Oven4\CMSIS\startup_gcc" -I"J:\I_Drive\Ryu21c\ChroZen-LC\LC_Oven\SoC\ChrozenLC_Oven_SF2\SoftConsole4\Ch_Oven4\drivers" -I"J:\I_Drive\Ryu21c\ChroZen-LC\LC_Oven\SoC\ChrozenLC_Oven_SF2\SoftConsole4\Ch_Oven4\drivers" -I"J:\I_Drive\Ryu21c\ChroZen-LC\LC_Oven\SoC\ChrozenLC_Oven_SF2\SoftConsole4\Ch_Oven4\drivers\mss_ethernet_mac" -I"J:\I_Drive\Ryu21c\ChroZen-LC\LC_Oven\SoC\ChrozenLC_Oven_SF2\SoftConsole4\Ch_Oven4\drivers\mss_hpdma" -I"J:\I_Drive\Ryu21c\ChroZen-LC\LC_Oven\SoC\ChrozenLC_Oven_SF2\SoftConsole4\Ch_Oven4\drivers\mss_i2c" -I"J:\I_Drive\Ryu21c\ChroZen-LC\LC_Oven\SoC\ChrozenLC_Oven_SF2\SoftConsole4\Ch_Oven4\drivers\mss_nvm" -I"J:\I_Drive\Ryu21c\ChroZen-LC\LC_Oven\SoC\ChrozenLC_Oven_SF2\SoftConsole4\Ch_Oven4\drivers\mss_pdma" -I"J:\I_Drive\Ryu21c\ChroZen-LC\LC_Oven\SoC\ChrozenLC_Oven_SF2\SoftConsole4\Ch_Oven4\drivers\mss_sys_services" -I"J:\I_Drive\Ryu21c\ChroZen-LC\LC_Oven\SoC\ChrozenLC_Oven_SF2\SoftConsole4\Ch_Oven4\drivers\mss_timer" -I"J:\I_Drive\Ryu21c\ChroZen-LC\LC_Oven\SoC\ChrozenLC_Oven_SF2\SoftConsole4\Ch_Oven4\drivers\mss_uart" -I"J:\I_Drive\Ryu21c\ChroZen-LC\LC_Oven\SoC\ChrozenLC_Oven_SF2\SoftConsole4\Ch_Oven4\drivers\mss_watchdog" -I"J:\I_Drive\Ryu21c\ChroZen-LC\LC_Oven\SoC\ChrozenLC_Oven_SF2\SoftConsole4\Ch_Oven4\drivers" -I"J:\I_Drive\Ryu21c\ChroZen-LC\LC_Oven\SoC\ChrozenLC_Oven_SF2\SoftConsole4\Ch_Oven4\drivers_config" -I"J:\I_Drive\Ryu21c\ChroZen-LC\LC_Oven\SoC\ChrozenLC_Oven_SF2\SoftConsole4\Ch_Oven4\drivers_config\sys_config" -I"J:\I_Drive\Ryu21c\ChroZen-LC\LC_Oven\SoC\ChrozenLC_Oven_SF2\SoftConsole4\Ch_Oven4\drivers" -I"J:\I_Drive\Ryu21c\ChroZen-LC\LC_Oven\SoC\ChrozenLC_Oven_SF2\SoftConsole4\Ch_Oven4\hal" -I"J:\I_Drive\Ryu21c\ChroZen-LC\LC_Oven\SoC\ChrozenLC_Oven_SF2\SoftConsole4\Ch_Oven4\hal\CortexM3" -I"J:\I_Drive\Ryu21c\ChroZen-LC\LC_Oven\SoC\ChrozenLC_Oven_SF2\SoftConsole4\Ch_Oven4\hal\CortexM3\GNU" -I"J:\I_Drive\Ryu21c\ChroZen-LC\LC_Oven\SoC\ChrozenLC_Oven_SF2\SoftConsole4\Ch_Oven4\inc" -I"J:\I_Drive\Ryu21c\ChroZen-LC\LC_Oven\SoC\ChrozenLC_Oven_SF2\SoftConsole4\Ch_Oven4\ryu_inc" -I"J:\I_Drive\Ryu21c\ChroZen-LC\LC_Oven\SoC\ChrozenLC_Oven_SF2\SoftConsole4\Ch_Oven4\common_inc" -std=gnu11 --specs=cmsis.specs -MMD -MP -MF"apps_layer/OvenAction_task.d" -MT"apps_layer/OvenAction_task.o" -c -o "apps_layer/OvenAction_task.o" "../apps_layer/OvenAction_task.c"
Finished building: ../apps_layer/OvenAction_task.c
 
Building file: ../apps_layer/PID_Ctrl.c
Invoking: Cross ARM C Compiler
arm-none-eabi-gcc -mcpu=cortex-m3 -mthumb -Os -fmessage-length=0 -ffunction-sections -fdata-sections  -g -DMICROSEMI_STDIO_THRU_MMUART0 -I"J:\I_Drive\Ryu21c\ChroZen-LC\LC_Oven\SoC\ChrozenLC_Oven_SF2\SoftConsole4\Ch_Oven4" -I"J:\I_Drive\Ryu21c\ChroZen-LC\LC_Oven\SoC\ChrozenLC_Oven_SF2\SoftConsole4\Ch_Oven4\BSP" -I"J:\I_Drive\Ryu21c\ChroZen-LC\LC_Oven\SoC\ChrozenLC_Oven_SF2\SoftConsole4\Ch_Oven4\BSP\EEPROM_Driver" -I"J:\I_Drive\Ryu21c\ChroZen-LC\LC_Oven\SoC\ChrozenLC_Oven_SF2\SoftConsole4\Ch_Oven4\lwIP" -I"J:\I_Drive\Ryu21c\ChroZen-LC\LC_Oven\SoC\ChrozenLC_Oven_SF2\SoftConsole4\Ch_Oven4\lwIP\api" -I"J:\I_Drive\Ryu21c\ChroZen-LC\LC_Oven\SoC\ChrozenLC_Oven_SF2\SoftConsole4\Ch_Oven4\lwIP\arch" -I"J:\I_Drive\Ryu21c\ChroZen-LC\LC_Oven\SoC\ChrozenLC_Oven_SF2\SoftConsole4\Ch_Oven4\lwIP\core" -I"J:\I_Drive\Ryu21c\ChroZen-LC\LC_Oven\SoC\ChrozenLC_Oven_SF2\SoftConsole4\Ch_Oven4\lwIP\core\ipv4" -I"J:\I_Drive\Ryu21c\ChroZen-LC\LC_Oven\SoC\ChrozenLC_Oven_SF2\SoftConsole4\Ch_Oven4\lwIP\core\snmp" -I"J:\I_Drive\Ryu21c\ChroZen-LC\LC_Oven\SoC\ChrozenLC_Oven_SF2\SoftConsole4\Ch_Oven4\lwIP\include" -I"J:\I_Drive\Ryu21c\ChroZen-LC\LC_Oven\SoC\ChrozenLC_Oven_SF2\SoftConsole4\Ch_Oven4\lwIP\include\ipv4" -I"J:\I_Drive\Ryu21c\ChroZen-LC\LC_Oven\SoC\ChrozenLC_Oven_SF2\SoftConsole4\Ch_Oven4\lwIP\include\lwip" -I"J:\I_Drive\Ryu21c\ChroZen-LC\LC_Oven\SoC\ChrozenLC_Oven_SF2\SoftConsole4\Ch_Oven4\lwIP\include\netif" -I"J:\I_Drive\Ryu21c\ChroZen-LC\LC_Oven\SoC\ChrozenLC_Oven_SF2\SoftConsole4\Ch_Oven4\lwIP\netif" -I"J:\I_Drive\Ryu21c\ChroZen-LC\LC_Oven\SoC\ChrozenLC_Oven_SF2\SoftConsole4\Ch_Oven4\lwIP\netif\ppp" -I"J:\I_Drive\Ryu21c\ChroZen-LC\LC_Oven\SoC\ChrozenLC_Oven_SF2\SoftConsole4\Ch_Oven4\port_config" -I"J:\I_Drive\Ryu21c\ChroZen-LC\LC_Oven\SoC\ChrozenLC_Oven_SF2\SoftConsole4\Ch_Oven4\CMSIS" -I"J:\I_Drive\Ryu21c\ChroZen-LC\LC_Oven\SoC\ChrozenLC_Oven_SF2\SoftConsole4\Ch_Oven4\CMSIS\startup_gcc" -I"J:\I_Drive\Ryu21c\ChroZen-LC\LC_Oven\SoC\ChrozenLC_Oven_SF2\SoftConsole4\Ch_Oven4\drivers" -I"J:\I_Drive\Ryu21c\ChroZen-LC\LC_Oven\SoC\ChrozenLC_Oven_SF2\SoftConsole4\Ch_Oven4\drivers" -I"J:\I_Drive\Ryu21c\ChroZen-LC\LC_Oven\SoC\ChrozenLC_Oven_SF2\SoftConsole4\Ch_Oven4\drivers\mss_ethernet_mac" -I"J:\I_Drive\Ryu21c\ChroZen-LC\LC_Oven\SoC\ChrozenLC_Oven_SF2\SoftConsole4\Ch_Oven4\drivers\mss_hpdma" -I"J:\I_Drive\Ryu21c\ChroZen-LC\LC_Oven\SoC\ChrozenLC_Oven_SF2\SoftConsole4\Ch_Oven4\drivers\mss_i2c" -I"J:\I_Drive\Ryu21c\ChroZen-LC\LC_Oven\SoC\ChrozenLC_Oven_SF2\SoftConsole4\Ch_Oven4\drivers\mss_nvm" -I"J:\I_Drive\Ryu21c\ChroZen-LC\LC_Oven\SoC\ChrozenLC_Oven_SF2\SoftConsole4\Ch_Oven4\drivers\mss_pdma" -I"J:\I_Drive\Ryu21c\ChroZen-LC\LC_Oven\SoC\ChrozenLC_Oven_SF2\SoftConsole4\Ch_Oven4\drivers\mss_sys_services" -I"J:\I_Drive\Ryu21c\ChroZen-LC\LC_Oven\SoC\ChrozenLC_Oven_SF2\SoftConsole4\Ch_Oven4\drivers\mss_timer" -I"J:\I_Drive\Ryu21c\ChroZen-LC\LC_Oven\SoC\ChrozenLC_Oven_SF2\SoftConsole4\Ch_Oven4\drivers\mss_uart" -I"J:\I_Drive\Ryu21c\ChroZen-LC\LC_Oven\SoC\ChrozenLC_Oven_SF2\SoftConsole4\Ch_Oven4\drivers\mss_watchdog" -I"J:\I_Drive\Ryu21c\ChroZen-LC\LC_Oven\SoC\ChrozenLC_Oven_SF2\SoftConsole4\Ch_Oven4\drivers" -I"J:\I_Drive\Ryu21c\ChroZen-LC\LC_Oven\SoC\ChrozenLC_Oven_SF2\SoftConsole4\Ch_Oven4\drivers_config" -I"J:\I_Drive\Ryu21c\ChroZen-LC\LC_Oven\SoC\ChrozenLC_Oven_SF2\SoftConsole4\Ch_Oven4\drivers_config\sys_config" -I"J:\I_Drive\Ryu21c\ChroZen-LC\LC_Oven\SoC\ChrozenLC_Oven_SF2\SoftConsole4\Ch_Oven4\drivers" -I"J:\I_Drive\Ryu21c\ChroZen-LC\LC_Oven\SoC\ChrozenLC_Oven_SF2\SoftConsole4\Ch_Oven4\hal" -I"J:\I_Drive\Ryu21c\ChroZen-LC\LC_Oven\SoC\ChrozenLC_Oven_SF2\SoftConsole4\Ch_Oven4\hal\CortexM3" -I"J:\I_Drive\Ryu21c\ChroZen-LC\LC_Oven\SoC\ChrozenLC_Oven_SF2\SoftConsole4\Ch_Oven4\hal\CortexM3\GNU" -I"J:\I_Drive\Ryu21c\ChroZen-LC\LC_Oven\SoC\ChrozenLC_Oven_SF2\SoftConsole4\Ch_Oven4\inc" -I"J:\I_Drive\Ryu21c\ChroZen-LC\LC_Oven\SoC\ChrozenLC_Oven_SF2\SoftConsole4\Ch_Oven4\ryu_inc" -I"J:\I_Drive\Ryu21c\ChroZen-LC\LC_Oven\SoC\ChrozenLC_Oven_SF2\SoftConsole4\Ch_Oven4\common_inc" -std=gnu11 --specs=cmsis.specs -MMD -MP -MF"apps_layer/PID_Ctrl.d" -MT"apps_layer/PID_Ctrl.o" -c -o "apps_layer/PID_Ctrl.o" "../apps_layer/PID_Ctrl.c"
Finished building: ../apps_layer/PID_Ctrl.c
 
Building file: ../apps_layer/adc_if_H.c
Invoking: Cross ARM C Compiler
arm-none-eabi-gcc -mcpu=cortex-m3 -mthumb -Os -fmessage-length=0 -ffunction-sections -fdata-sections  -g -DMICROSEMI_STDIO_THRU_MMUART0 -I"J:\I_Drive\Ryu21c\ChroZen-LC\LC_Oven\SoC\ChrozenLC_Oven_SF2\SoftConsole4\Ch_Oven4" -I"J:\I_Drive\Ryu21c\ChroZen-LC\LC_Oven\SoC\ChrozenLC_Oven_SF2\SoftConsole4\Ch_Oven4\BSP" -I"J:\I_Drive\Ryu21c\ChroZen-LC\LC_Oven\SoC\ChrozenLC_Oven_SF2\SoftConsole4\Ch_Oven4\BSP\EEPROM_Driver" -I"J:\I_Drive\Ryu21c\ChroZen-LC\LC_Oven\SoC\ChrozenLC_Oven_SF2\SoftConsole4\Ch_Oven4\lwIP" -I"J:\I_Drive\Ryu21c\ChroZen-LC\LC_Oven\SoC\ChrozenLC_Oven_SF2\SoftConsole4\Ch_Oven4\lwIP\api" -I"J:\I_Drive\Ryu21c\ChroZen-LC\LC_Oven\SoC\ChrozenLC_Oven_SF2\SoftConsole4\Ch_Oven4\lwIP\arch" -I"J:\I_Drive\Ryu21c\ChroZen-LC\LC_Oven\SoC\ChrozenLC_Oven_SF2\SoftConsole4\Ch_Oven4\lwIP\core" -I"J:\I_Drive\Ryu21c\ChroZen-LC\LC_Oven\SoC\ChrozenLC_Oven_SF2\SoftConsole4\Ch_Oven4\lwIP\core\ipv4" -I"J:\I_Drive\Ryu21c\ChroZen-LC\LC_Oven\SoC\ChrozenLC_Oven_SF2\SoftConsole4\Ch_Oven4\lwIP\core\snmp" -I"J:\I_Drive\Ryu21c\ChroZen-LC\LC_Oven\SoC\ChrozenLC_Oven_SF2\SoftConsole4\Ch_Oven4\lwIP\include" -I"J:\I_Drive\Ryu21c\ChroZen-LC\LC_Oven\SoC\ChrozenLC_Oven_SF2\SoftConsole4\Ch_Oven4\lwIP\include\ipv4" -I"J:\I_Drive\Ryu21c\ChroZen-LC\LC_Oven\SoC\ChrozenLC_Oven_SF2\SoftConsole4\Ch_Oven4\lwIP\include\lwip" -I"J:\I_Drive\Ryu21c\ChroZen-LC\LC_Oven\SoC\ChrozenLC_Oven_SF2\SoftConsole4\Ch_Oven4\lwIP\include\netif" -I"J:\I_Drive\Ryu21c\ChroZen-LC\LC_Oven\SoC\ChrozenLC_Oven_SF2\SoftConsole4\Ch_Oven4\lwIP\netif" -I"J:\I_Drive\Ryu21c\ChroZen-LC\LC_Oven\SoC\ChrozenLC_Oven_SF2\SoftConsole4\Ch_Oven4\lwIP\netif\ppp" -I"J:\I_Drive\Ryu21c\ChroZen-LC\LC_Oven\SoC\ChrozenLC_Oven_SF2\SoftConsole4\Ch_Oven4\port_config" -I"J:\I_Drive\Ryu21c\ChroZen-LC\LC_Oven\SoC\ChrozenLC_Oven_SF2\SoftConsole4\Ch_Oven4\CMSIS" -I"J:\I_Drive\Ryu21c\ChroZen-LC\LC_Oven\SoC\ChrozenLC_Oven_SF2\SoftConsole4\Ch_Oven4\CMSIS\startup_gcc" -I"J:\I_Drive\Ryu21c\ChroZen-LC\LC_Oven\SoC\ChrozenLC_Oven_SF2\SoftConsole4\Ch_Oven4\drivers" -I"J:\I_Drive\Ryu21c\ChroZen-LC\LC_Oven\SoC\ChrozenLC_Oven_SF2\SoftConsole4\Ch_Oven4\drivers" -I"J:\I_Drive\Ryu21c\ChroZen-LC\LC_Oven\SoC\ChrozenLC_Oven_SF2\SoftConsole4\Ch_Oven4\drivers\mss_ethernet_mac" -I"J:\I_Drive\Ryu21c\ChroZen-LC\LC_Oven\SoC\ChrozenLC_Oven_SF2\SoftConsole4\Ch_Oven4\drivers\mss_hpdma" -I"J:\I_Drive\Ryu21c\ChroZen-LC\LC_Oven\SoC\ChrozenLC_Oven_SF2\SoftConsole4\Ch_Oven4\drivers\mss_i2c" -I"J:\I_Drive\Ryu21c\ChroZen-LC\LC_Oven\SoC\ChrozenLC_Oven_SF2\SoftConsole4\Ch_Oven4\drivers\mss_nvm" -I"J:\I_Drive\Ryu21c\ChroZen-LC\LC_Oven\SoC\ChrozenLC_Oven_SF2\SoftConsole4\Ch_Oven4\drivers\mss_pdma" -I"J:\I_Drive\Ryu21c\ChroZen-LC\LC_Oven\SoC\ChrozenLC_Oven_SF2\SoftConsole4\Ch_Oven4\drivers\mss_sys_services" -I"J:\I_Drive\Ryu21c\ChroZen-LC\LC_Oven\SoC\ChrozenLC_Oven_SF2\SoftConsole4\Ch_Oven4\drivers\mss_timer" -I"J:\I_Drive\Ryu21c\ChroZen-LC\LC_Oven\SoC\ChrozenLC_Oven_SF2\SoftConsole4\Ch_Oven4\drivers\mss_uart" -I"J:\I_Drive\Ryu21c\ChroZen-LC\LC_Oven\SoC\ChrozenLC_Oven_SF2\SoftConsole4\Ch_Oven4\drivers\mss_watchdog" -I"J:\I_Drive\Ryu21c\ChroZen-LC\LC_Oven\SoC\ChrozenLC_Oven_SF2\SoftConsole4\Ch_Oven4\drivers" -I"J:\I_Drive\Ryu21c\ChroZen-LC\LC_Oven\SoC\ChrozenLC_Oven_SF2\SoftConsole4\Ch_Oven4\drivers_config" -I"J:\I_Drive\Ryu21c\ChroZen-LC\LC_Oven\SoC\ChrozenLC_Oven_SF2\SoftConsole4\Ch_Oven4\drivers_config\sys_config" -I"J:\I_Drive\Ryu21c\ChroZen-LC\LC_Oven\SoC\ChrozenLC_Oven_SF2\SoftConsole4\Ch_Oven4\drivers" -I"J:\I_Drive\Ryu21c\ChroZen-LC\LC_Oven\SoC\ChrozenLC_Oven_SF2\SoftConsole4\Ch_Oven4\hal" -I"J:\I_Drive\Ryu21c\ChroZen-LC\LC_Oven\SoC\ChrozenLC_Oven_SF2\SoftConsole4\Ch_Oven4\hal\CortexM3" -I"J:\I_Drive\Ryu21c\ChroZen-LC\LC_Oven\SoC\ChrozenLC_Oven_SF2\SoftConsole4\Ch_Oven4\hal\CortexM3\GNU" -I"J:\I_Drive\Ryu21c\ChroZen-LC\LC_Oven\SoC\ChrozenLC_Oven_SF2\SoftConsole4\Ch_Oven4\inc" -I"J:\I_Drive\Ryu21c\ChroZen-LC\LC_Oven\SoC\ChrozenLC_Oven_SF2\SoftConsole4\Ch_Oven4\ryu_inc" -I"J:\I_Drive\Ryu21c\ChroZen-LC\LC_Oven\SoC\ChrozenLC_Oven_SF2\SoftConsole4\Ch_Oven4\common_inc" -std=gnu11 --specs=cmsis.specs -MMD -MP -MF"apps_layer/adc_if_H.d" -MT"apps_layer/adc_if_H.o" -c -o "apps_layer/adc_if_H.o" "../apps_layer/adc_if_H.c"
Finished building: ../apps_layer/adc_if_H.c
 
Building file: ../apps_layer/net_Oven.c
Invoking: Cross ARM C Compiler
arm-none-eabi-gcc -mcpu=cortex-m3 -mthumb -Os -fmessage-length=0 -ffunction-sections -fdata-sections  -g -DMICROSEMI_STDIO_THRU_MMUART0 -I"J:\I_Drive\Ryu21c\ChroZen-LC\LC_Oven\SoC\ChrozenLC_Oven_SF2\SoftConsole4\Ch_Oven4" -I"J:\I_Drive\Ryu21c\ChroZen-LC\LC_Oven\SoC\ChrozenLC_Oven_SF2\SoftConsole4\Ch_Oven4\BSP" -I"J:\I_Drive\Ryu21c\ChroZen-LC\LC_Oven\SoC\ChrozenLC_Oven_SF2\SoftConsole4\Ch_Oven4\BSP\EEPROM_Driver" -I"J:\I_Drive\Ryu21c\ChroZen-LC\LC_Oven\SoC\ChrozenLC_Oven_SF2\SoftConsole4\Ch_Oven4\lwIP" -I"J:\I_Drive\Ryu21c\ChroZen-LC\LC_Oven\SoC\ChrozenLC_Oven_SF2\SoftConsole4\Ch_Oven4\lwIP\api" -I"J:\I_Drive\Ryu21c\ChroZen-LC\LC_Oven\SoC\ChrozenLC_Oven_SF2\SoftConsole4\Ch_Oven4\lwIP\arch" -I"J:\I_Drive\Ryu21c\ChroZen-LC\LC_Oven\SoC\ChrozenLC_Oven_SF2\SoftConsole4\Ch_Oven4\lwIP\core" -I"J:\I_Drive\Ryu21c\ChroZen-LC\LC_Oven\SoC\ChrozenLC_Oven_SF2\SoftConsole4\Ch_Oven4\lwIP\core\ipv4" -I"J:\I_Drive\Ryu21c\ChroZen-LC\LC_Oven\SoC\ChrozenLC_Oven_SF2\SoftConsole4\Ch_Oven4\lwIP\core\snmp" -I"J:\I_Drive\Ryu21c\ChroZen-LC\LC_Oven\SoC\ChrozenLC_Oven_SF2\SoftConsole4\Ch_Oven4\lwIP\include" -I"J:\I_Drive\Ryu21c\ChroZen-LC\LC_Oven\SoC\ChrozenLC_Oven_SF2\SoftConsole4\Ch_Oven4\lwIP\include\ipv4" -I"J:\I_Drive\Ryu21c\ChroZen-LC\LC_Oven\SoC\ChrozenLC_Oven_SF2\SoftConsole4\Ch_Oven4\lwIP\include\lwip" -I"J:\I_Drive\Ryu21c\ChroZen-LC\LC_Oven\SoC\ChrozenLC_Oven_SF2\SoftConsole4\Ch_Oven4\lwIP\include\netif" -I"J:\I_Drive\Ryu21c\ChroZen-LC\LC_Oven\SoC\ChrozenLC_Oven_SF2\SoftConsole4\Ch_Oven4\lwIP\netif" -I"J:\I_Drive\Ryu21c\ChroZen-LC\LC_Oven\SoC\ChrozenLC_Oven_SF2\SoftConsole4\Ch_Oven4\lwIP\netif\ppp" -I"J:\I_Drive\Ryu21c\ChroZen-LC\LC_Oven\SoC\ChrozenLC_Oven_SF2\SoftConsole4\Ch_Oven4\port_config" -I"J:\I_Drive\Ryu21c\ChroZen-LC\LC_Oven\SoC\ChrozenLC_Oven_SF2\SoftConsole4\Ch_Oven4\CMSIS" -I"J:\I_Drive\Ryu21c\ChroZen-LC\LC_Oven\SoC\ChrozenLC_Oven_SF2\SoftConsole4\Ch_Oven4\CMSIS\startup_gcc" -I"J:\I_Drive\Ryu21c\ChroZen-LC\LC_Oven\SoC\ChrozenLC_Oven_SF2\SoftConsole4\Ch_Oven4\drivers" -I"J:\I_Drive\Ryu21c\ChroZen-LC\LC_Oven\SoC\ChrozenLC_Oven_SF2\SoftConsole4\Ch_Oven4\drivers" -I"J:\I_Drive\Ryu21c\ChroZen-LC\LC_Oven\SoC\ChrozenLC_Oven_SF2\SoftConsole4\Ch_Oven4\drivers\mss_ethernet_mac" -I"J:\I_Drive\Ryu21c\ChroZen-LC\LC_Oven\SoC\ChrozenLC_Oven_SF2\SoftConsole4\Ch_Oven4\drivers\mss_hpdma" -I"J:\I_Drive\Ryu21c\ChroZen-LC\LC_Oven\SoC\ChrozenLC_Oven_SF2\SoftConsole4\Ch_Oven4\drivers\mss_i2c" -I"J:\I_Drive\Ryu21c\ChroZen-LC\LC_Oven\SoC\ChrozenLC_Oven_SF2\SoftConsole4\Ch_Oven4\drivers\mss_nvm" -I"J:\I_Drive\Ryu21c\ChroZen-LC\LC_Oven\SoC\ChrozenLC_Oven_SF2\SoftConsole4\Ch_Oven4\drivers\mss_pdma" -I"J:\I_Drive\Ryu21c\ChroZen-LC\LC_Oven\SoC\ChrozenLC_Oven_SF2\SoftConsole4\Ch_Oven4\drivers\mss_sys_services" -I"J:\I_Drive\Ryu21c\ChroZen-LC\LC_Oven\SoC\ChrozenLC_Oven_SF2\SoftConsole4\Ch_Oven4\drivers\mss_timer" -I"J:\I_Drive\Ryu21c\ChroZen-LC\LC_Oven\SoC\ChrozenLC_Oven_SF2\SoftConsole4\Ch_Oven4\drivers\mss_uart" -I"J:\I_Drive\Ryu21c\ChroZen-LC\LC_Oven\SoC\ChrozenLC_Oven_SF2\SoftConsole4\Ch_Oven4\drivers\mss_watchdog" -I"J:\I_Drive\Ryu21c\ChroZen-LC\LC_Oven\SoC\ChrozenLC_Oven_SF2\SoftConsole4\Ch_Oven4\drivers" -I"J:\I_Drive\Ryu21c\ChroZen-LC\LC_Oven\SoC\ChrozenLC_Oven_SF2\SoftConsole4\Ch_Oven4\drivers_config" -I"J:\I_Drive\Ryu21c\ChroZen-LC\LC_Oven\SoC\ChrozenLC_Oven_SF2\SoftConsole4\Ch_Oven4\drivers_config\sys_config" -I"J:\I_Drive\Ryu21c\ChroZen-LC\LC_Oven\SoC\ChrozenLC_Oven_SF2\SoftConsole4\Ch_Oven4\drivers" -I"J:\I_Drive\Ryu21c\ChroZen-LC\LC_Oven\SoC\ChrozenLC_Oven_SF2\SoftConsole4\Ch_Oven4\hal" -I"J:\I_Drive\Ryu21c\ChroZen-LC\LC_Oven\SoC\ChrozenLC_Oven_SF2\SoftConsole4\Ch_Oven4\hal\CortexM3" -I"J:\I_Drive\Ryu21c\ChroZen-LC\LC_Oven\SoC\ChrozenLC_Oven_SF2\SoftConsole4\Ch_Oven4\hal\CortexM3\GNU" -I"J:\I_Drive\Ryu21c\ChroZen-LC\LC_Oven\SoC\ChrozenLC_Oven_SF2\SoftConsole4\Ch_Oven4\inc" -I"J:\I_Drive\Ryu21c\ChroZen-LC\LC_Oven\SoC\ChrozenLC_Oven_SF2\SoftConsole4\Ch_Oven4\ryu_inc" -I"J:\I_Drive\Ryu21c\ChroZen-LC\LC_Oven\SoC\ChrozenLC_Oven_SF2\SoftConsole4\Ch_Oven4\common_inc" -std=gnu11 --specs=cmsis.specs -MMD -MP -MF"apps_layer/net_Oven.d" -MT"apps_layer/net_Oven.o" -c -o "apps_layer/net_Oven.o" "../apps_layer/net_Oven.c"
../apps_layer/net_Oven.c: In function 'net_CheckModel':
../apps_layer/net_Oven.c:129:12: warning: passing argument 1 of 'strcmp' makes pointer from integer without a cast
  if(strcmp(tmp.nVersion, gOVEN_INFORM.nVersion)) {   // 같지 않으면 
            ^
In file included from c:\microsemi\softconsole_v4.0\arm-none-eabi-gcc\arm-none-eabi\include\stdio.h:29:0,
                 from J:\I_Drive\Ryu21c\ChroZen-LC\LC_Oven\SoC\ChrozenLC_Oven_SF2\SoftConsole4\Ch_Oven4\inc/config.h:11,
                 from ../apps_layer/net_Oven.c:5:
c:\microsemi\softconsole_v4.0\arm-none-eabi-gcc\arm-none-eabi\include\string.h:28:6: note: expected 'const char *' but argument is of type 'unsigned int'
 int  _EXFUN(strcmp,(const char *, const char *));
      ^
../apps_layer/net_Oven.c:129:26: warning: passing argument 2 of 'strcmp' makes pointer from integer without a cast
  if(strcmp(tmp.nVersion, gOVEN_INFORM.nVersion)) {   // 같지 않으면 
                          ^
In file included from c:\microsemi\softconsole_v4.0\arm-none-eabi-gcc\arm-none-eabi\include\stdio.h:29:0,
                 from J:\I_Drive\Ryu21c\ChroZen-LC\LC_Oven\SoC\ChrozenLC_Oven_SF2\SoftConsole4\Ch_Oven4\inc/config.h:11,
                 from ../apps_layer/net_Oven.c:5:
c:\microsemi\softconsole_v4.0\arm-none-eabi-gcc\arm-none-eabi\include\string.h:28:6: note: expected 'const char *' but argument is of type 'unsigned int'
 int  _EXFUN(strcmp,(const char *, const char *));
      ^
Finished building: ../apps_layer/net_Oven.c
 
Building file: ../apps_layer/netconf.c
Invoking: Cross ARM C Compiler
arm-none-eabi-gcc -mcpu=cortex-m3 -mthumb -Os -fmessage-length=0 -ffunction-sections -fdata-sections  -g -DMICROSEMI_STDIO_THRU_MMUART0 -I"J:\I_Drive\Ryu21c\ChroZen-LC\LC_Oven\SoC\ChrozenLC_Oven_SF2\SoftConsole4\Ch_Oven4" -I"J:\I_Drive\Ryu21c\ChroZen-LC\LC_Oven\SoC\ChrozenLC_Oven_SF2\SoftConsole4\Ch_Oven4\BSP" -I"J:\I_Drive\Ryu21c\ChroZen-LC\LC_Oven\SoC\ChrozenLC_Oven_SF2\SoftConsole4\Ch_Oven4\BSP\EEPROM_Driver" -I"J:\I_Drive\Ryu21c\ChroZen-LC\LC_Oven\SoC\ChrozenLC_Oven_SF2\SoftConsole4\Ch_Oven4\lwIP" -I"J:\I_Drive\Ryu21c\ChroZen-LC\LC_Oven\SoC\ChrozenLC_Oven_SF2\SoftConsole4\Ch_Oven4\lwIP\api" -I"J:\I_Drive\Ryu21c\ChroZen-LC\LC_Oven\SoC\ChrozenLC_Oven_SF2\SoftConsole4\Ch_Oven4\lwIP\arch" -I"J:\I_Drive\Ryu21c\ChroZen-LC\LC_Oven\SoC\ChrozenLC_Oven_SF2\SoftConsole4\Ch_Oven4\lwIP\core" -I"J:\I_Drive\Ryu21c\ChroZen-LC\LC_Oven\SoC\ChrozenLC_Oven_SF2\SoftConsole4\Ch_Oven4\lwIP\core\ipv4" -I"J:\I_Drive\Ryu21c\ChroZen-LC\LC_Oven\SoC\ChrozenLC_Oven_SF2\SoftConsole4\Ch_Oven4\lwIP\core\snmp" -I"J:\I_Drive\Ryu21c\ChroZen-LC\LC_Oven\SoC\ChrozenLC_Oven_SF2\SoftConsole4\Ch_Oven4\lwIP\include" -I"J:\I_Drive\Ryu21c\ChroZen-LC\LC_Oven\SoC\ChrozenLC_Oven_SF2\SoftConsole4\Ch_Oven4\lwIP\include\ipv4" -I"J:\I_Drive\Ryu21c\ChroZen-LC\LC_Oven\SoC\ChrozenLC_Oven_SF2\SoftConsole4\Ch_Oven4\lwIP\include\lwip" -I"J:\I_Drive\Ryu21c\ChroZen-LC\LC_Oven\SoC\ChrozenLC_Oven_SF2\SoftConsole4\Ch_Oven4\lwIP\include\netif" -I"J:\I_Drive\Ryu21c\ChroZen-LC\LC_Oven\SoC\ChrozenLC_Oven_SF2\SoftConsole4\Ch_Oven4\lwIP\netif" -I"J:\I_Drive\Ryu21c\ChroZen-LC\LC_Oven\SoC\ChrozenLC_Oven_SF2\SoftConsole4\Ch_Oven4\lwIP\netif\ppp" -I"J:\I_Drive\Ryu21c\ChroZen-LC\LC_Oven\SoC\ChrozenLC_Oven_SF2\SoftConsole4\Ch_Oven4\port_config" -I"J:\I_Drive\Ryu21c\ChroZen-LC\LC_Oven\SoC\ChrozenLC_Oven_SF2\SoftConsole4\Ch_Oven4\CMSIS" -I"J:\I_Drive\Ryu21c\ChroZen-LC\LC_Oven\SoC\ChrozenLC_Oven_SF2\SoftConsole4\Ch_Oven4\CMSIS\startup_gcc" -I"J:\I_Drive\Ryu21c\ChroZen-LC\LC_Oven\SoC\ChrozenLC_Oven_SF2\SoftConsole4\Ch_Oven4\drivers" -I"J:\I_Drive\Ryu21c\ChroZen-LC\LC_Oven\SoC\ChrozenLC_Oven_SF2\SoftConsole4\Ch_Oven4\drivers" -I"J:\I_Drive\Ryu21c\ChroZen-LC\LC_Oven\SoC\ChrozenLC_Oven_SF2\SoftConsole4\Ch_Oven4\drivers\mss_ethernet_mac" -I"J:\I_Drive\Ryu21c\ChroZen-LC\LC_Oven\SoC\ChrozenLC_Oven_SF2\SoftConsole4\Ch_Oven4\drivers\mss_hpdma" -I"J:\I_Drive\Ryu21c\ChroZen-LC\LC_Oven\SoC\ChrozenLC_Oven_SF2\SoftConsole4\Ch_Oven4\drivers\mss_i2c" -I"J:\I_Drive\Ryu21c\ChroZen-LC\LC_Oven\SoC\ChrozenLC_Oven_SF2\SoftConsole4\Ch_Oven4\drivers\mss_nvm" -I"J:\I_Drive\Ryu21c\ChroZen-LC\LC_Oven\SoC\ChrozenLC_Oven_SF2\SoftConsole4\Ch_Oven4\drivers\mss_pdma" -I"J:\I_Drive\Ryu21c\ChroZen-LC\LC_Oven\SoC\ChrozenLC_Oven_SF2\SoftConsole4\Ch_Oven4\drivers\mss_sys_services" -I"J:\I_Drive\Ryu21c\ChroZen-LC\LC_Oven\SoC\ChrozenLC_Oven_SF2\SoftConsole4\Ch_Oven4\drivers\mss_timer" -I"J:\I_Drive\Ryu21c\ChroZen-LC\LC_Oven\SoC\ChrozenLC_Oven_SF2\SoftConsole4\Ch_Oven4\drivers\mss_uart" -I"J:\I_Drive\Ryu21c\ChroZen-LC\LC_Oven\SoC\ChrozenLC_Oven_SF2\SoftConsole4\Ch_Oven4\drivers\mss_watchdog" -I"J:\I_Drive\Ryu21c\ChroZen-LC\LC_Oven\SoC\ChrozenLC_Oven_SF2\SoftConsole4\Ch_Oven4\drivers" -I"J:\I_Drive\Ryu21c\ChroZen-LC\LC_Oven\SoC\ChrozenLC_Oven_SF2\SoftConsole4\Ch_Oven4\drivers_config" -I"J:\I_Drive\Ryu21c\ChroZen-LC\LC_Oven\SoC\ChrozenLC_Oven_SF2\SoftConsole4\Ch_Oven4\drivers_config\sys_config" -I"J:\I_Drive\Ryu21c\ChroZen-LC\LC_Oven\SoC\ChrozenLC_Oven_SF2\SoftConsole4\Ch_Oven4\drivers" -I"J:\I_Drive\Ryu21c\ChroZen-LC\LC_Oven\SoC\ChrozenLC_Oven_SF2\SoftConsole4\Ch_Oven4\hal" -I"J:\I_Drive\Ryu21c\ChroZen-LC\LC_Oven\SoC\ChrozenLC_Oven_SF2\SoftConsole4\Ch_Oven4\hal\CortexM3" -I"J:\I_Drive\Ryu21c\ChroZen-LC\LC_Oven\SoC\ChrozenLC_Oven_SF2\SoftConsole4\Ch_Oven4\hal\CortexM3\GNU" -I"J:\I_Drive\Ryu21c\ChroZen-LC\LC_Oven\SoC\ChrozenLC_Oven_SF2\SoftConsole4\Ch_Oven4\inc" -I"J:\I_Drive\Ryu21c\ChroZen-LC\LC_Oven\SoC\ChrozenLC_Oven_SF2\SoftConsole4\Ch_Oven4\ryu_inc" -I"J:\I_Drive\Ryu21c\ChroZen-LC\LC_Oven\SoC\ChrozenLC_Oven_SF2\SoftConsole4\Ch_Oven4\common_inc" -std=gnu11 --specs=cmsis.specs -MMD -MP -MF"apps_layer/netconf.d" -MT"apps_layer/netconf.o" -c -o "apps_layer/netconf.o" "../apps_layer/netconf.c"
Finished building: ../apps_layer/netconf.c
 
Building file: ../apps_layer/sysconfig.c
Invoking: Cross ARM C Compiler
arm-none-eabi-gcc -mcpu=cortex-m3 -mthumb -Os -fmessage-length=0 -ffunction-sections -fdata-sections  -g -DMICROSEMI_STDIO_THRU_MMUART0 -I"J:\I_Drive\Ryu21c\ChroZen-LC\LC_Oven\SoC\ChrozenLC_Oven_SF2\SoftConsole4\Ch_Oven4" -I"J:\I_Drive\Ryu21c\ChroZen-LC\LC_Oven\SoC\ChrozenLC_Oven_SF2\SoftConsole4\Ch_Oven4\BSP" -I"J:\I_Drive\Ryu21c\ChroZen-LC\LC_Oven\SoC\ChrozenLC_Oven_SF2\SoftConsole4\Ch_Oven4\BSP\EEPROM_Driver" -I"J:\I_Drive\Ryu21c\ChroZen-LC\LC_Oven\SoC\ChrozenLC_Oven_SF2\SoftConsole4\Ch_Oven4\lwIP" -I"J:\I_Drive\Ryu21c\ChroZen-LC\LC_Oven\SoC\ChrozenLC_Oven_SF2\SoftConsole4\Ch_Oven4\lwIP\api" -I"J:\I_Drive\Ryu21c\ChroZen-LC\LC_Oven\SoC\ChrozenLC_Oven_SF2\SoftConsole4\Ch_Oven4\lwIP\arch" -I"J:\I_Drive\Ryu21c\ChroZen-LC\LC_Oven\SoC\ChrozenLC_Oven_SF2\SoftConsole4\Ch_Oven4\lwIP\core" -I"J:\I_Drive\Ryu21c\ChroZen-LC\LC_Oven\SoC\ChrozenLC_Oven_SF2\SoftConsole4\Ch_Oven4\lwIP\core\ipv4" -I"J:\I_Drive\Ryu21c\ChroZen-LC\LC_Oven\SoC\ChrozenLC_Oven_SF2\SoftConsole4\Ch_Oven4\lwIP\core\snmp" -I"J:\I_Drive\Ryu21c\ChroZen-LC\LC_Oven\SoC\ChrozenLC_Oven_SF2\SoftConsole4\Ch_Oven4\lwIP\include" -I"J:\I_Drive\Ryu21c\ChroZen-LC\LC_Oven\SoC\ChrozenLC_Oven_SF2\SoftConsole4\Ch_Oven4\lwIP\include\ipv4" -I"J:\I_Drive\Ryu21c\ChroZen-LC\LC_Oven\SoC\ChrozenLC_Oven_SF2\SoftConsole4\Ch_Oven4\lwIP\include\lwip" -I"J:\I_Drive\Ryu21c\ChroZen-LC\LC_Oven\SoC\ChrozenLC_Oven_SF2\SoftConsole4\Ch_Oven4\lwIP\include\netif" -I"J:\I_Drive\Ryu21c\ChroZen-LC\LC_Oven\SoC\ChrozenLC_Oven_SF2\SoftConsole4\Ch_Oven4\lwIP\netif" -I"J:\I_Drive\Ryu21c\ChroZen-LC\LC_Oven\SoC\ChrozenLC_Oven_SF2\SoftConsole4\Ch_Oven4\lwIP\netif\ppp" -I"J:\I_Drive\Ryu21c\ChroZen-LC\LC_Oven\SoC\ChrozenLC_Oven_SF2\SoftConsole4\Ch_Oven4\port_config" -I"J:\I_Drive\Ryu21c\ChroZen-LC\LC_Oven\SoC\ChrozenLC_Oven_SF2\SoftConsole4\Ch_Oven4\CMSIS" -I"J:\I_Drive\Ryu21c\ChroZen-LC\LC_Oven\SoC\ChrozenLC_Oven_SF2\SoftConsole4\Ch_Oven4\CMSIS\startup_gcc" -I"J:\I_Drive\Ryu21c\ChroZen-LC\LC_Oven\SoC\ChrozenLC_Oven_SF2\SoftConsole4\Ch_Oven4\drivers" -I"J:\I_Drive\Ryu21c\ChroZen-LC\LC_Oven\SoC\ChrozenLC_Oven_SF2\SoftConsole4\Ch_Oven4\drivers" -I"J:\I_Drive\Ryu21c\ChroZen-LC\LC_Oven\SoC\ChrozenLC_Oven_SF2\SoftConsole4\Ch_Oven4\drivers\mss_ethernet_mac" -I"J:\I_Drive\Ryu21c\ChroZen-LC\LC_Oven\SoC\ChrozenLC_Oven_SF2\SoftConsole4\Ch_Oven4\drivers\mss_hpdma" -I"J:\I_Drive\Ryu21c\ChroZen-LC\LC_Oven\SoC\ChrozenLC_Oven_SF2\SoftConsole4\Ch_Oven4\drivers\mss_i2c" -I"J:\I_Drive\Ryu21c\ChroZen-LC\LC_Oven\SoC\ChrozenLC_Oven_SF2\SoftConsole4\Ch_Oven4\drivers\mss_nvm" -I"J:\I_Drive\Ryu21c\ChroZen-LC\LC_Oven\SoC\ChrozenLC_Oven_SF2\SoftConsole4\Ch_Oven4\drivers\mss_pdma" -I"J:\I_Drive\Ryu21c\ChroZen-LC\LC_Oven\SoC\ChrozenLC_Oven_SF2\SoftConsole4\Ch_Oven4\drivers\mss_sys_services" -I"J:\I_Drive\Ryu21c\ChroZen-LC\LC_Oven\SoC\ChrozenLC_Oven_SF2\SoftConsole4\Ch_Oven4\drivers\mss_timer" -I"J:\I_Drive\Ryu21c\ChroZen-LC\LC_Oven\SoC\ChrozenLC_Oven_SF2\SoftConsole4\Ch_Oven4\drivers\mss_uart" -I"J:\I_Drive\Ryu21c\ChroZen-LC\LC_Oven\SoC\ChrozenLC_Oven_SF2\SoftConsole4\Ch_Oven4\drivers\mss_watchdog" -I"J:\I_Drive\Ryu21c\ChroZen-LC\LC_Oven\SoC\ChrozenLC_Oven_SF2\SoftConsole4\Ch_Oven4\drivers" -I"J:\I_Drive\Ryu21c\ChroZen-LC\LC_Oven\SoC\ChrozenLC_Oven_SF2\SoftConsole4\Ch_Oven4\drivers_config" -I"J:\I_Drive\Ryu21c\ChroZen-LC\LC_Oven\SoC\ChrozenLC_Oven_SF2\SoftConsole4\Ch_Oven4\drivers_config\sys_config" -I"J:\I_Drive\Ryu21c\ChroZen-LC\LC_Oven\SoC\ChrozenLC_Oven_SF2\SoftConsole4\Ch_Oven4\drivers" -I"J:\I_Drive\Ryu21c\ChroZen-LC\LC_Oven\SoC\ChrozenLC_Oven_SF2\SoftConsole4\Ch_Oven4\hal" -I"J:\I_Drive\Ryu21c\ChroZen-LC\LC_Oven\SoC\ChrozenLC_Oven_SF2\SoftConsole4\Ch_Oven4\hal\CortexM3" -I"J:\I_Drive\Ryu21c\ChroZen-LC\LC_Oven\SoC\ChrozenLC_Oven_SF2\SoftConsole4\Ch_Oven4\hal\CortexM3\GNU" -I"J:\I_Drive\Ryu21c\ChroZen-LC\LC_Oven\SoC\ChrozenLC_Oven_SF2\SoftConsole4\Ch_Oven4\inc" -I"J:\I_Drive\Ryu21c\ChroZen-LC\LC_Oven\SoC\ChrozenLC_Oven_SF2\SoftConsole4\Ch_Oven4\ryu_inc" -I"J:\I_Drive\Ryu21c\ChroZen-LC\LC_Oven\SoC\ChrozenLC_Oven_SF2\SoftConsole4\Ch_Oven4\common_inc" -std=gnu11 --specs=cmsis.specs -MMD -MP -MF"apps_layer/sysconfig.d" -MT"apps_layer/sysconfig.o" -c -o "apps_layer/sysconfig.o" "../apps_layer/sysconfig.c"
../apps_layer/sysconfig.c: In function 'init_system':
../apps_layer/sysconfig.c:283:28: warning: implicit declaration of function 'Intro' [-Wimplicit-function-declaration]
   /*gcsvc.MasterSlave = */ Intro();
                            ^
../apps_layer/sysconfig.c: In function 'make_MACADDR':
../apps_layer/sysconfig.c:375:58: warning: passing argument 3 of 'eepromRead_Data' from incompatible pointer type
  eepromRead_Data(MAC_ADDRESS_ADDR_SAVE,MAC_ADDR_READ_LEN,&macAddr);
                                                          ^
In file included from ../apps_layer/sysconfig.c:10:0:
J:\I_Drive\Ryu21c\ChroZen-LC\LC_Oven\SoC\ChrozenLC_Oven_SF2\SoftConsole4\Ch_Oven4\BSP\EEPROM_Driver/EEPROM.h:381:1: note: expected 'uint8_t *' but argument is of type 'unsigned char (*)[7]'
 eepromRead_Data
 ^
../apps_layer/sysconfig.c:412:61: warning: passing argument 3 of 'eepromWrite_Data' from incompatible pointer type
    eepromWrite_Data(MAC_ADDRESS_ADDR_SAVE,MAC_ADDR_READ_LEN,&macAddr); 
                                                             ^
In file included from ../apps_layer/sysconfig.c:10:0:
J:\I_Drive\Ryu21c\ChroZen-LC\LC_Oven\SoC\ChrozenLC_Oven_SF2\SoftConsole4\Ch_Oven4\BSP\EEPROM_Driver/EEPROM.h:316:1: note: expected 'uint8_t *' but argument is of type 'unsigned char (*)[7]'
 eepromWrite_Data
 ^
../apps_layer/sysconfig.c: In function 'loadEthernetConfig':
../apps_layer/sysconfig.c:477:74: warning: passing argument 3 of 'eepromRead_Data' from incompatible pointer type
  eepromRead_Data(ETHERNET_CONFIG_DATA_SAVE,ETHERNET_CONFIG_DATA_READSIZE,&data);
                                                                          ^
In file included from ../apps_layer/sysconfig.c:10:0:
J:\I_Drive\Ryu21c\ChroZen-LC\LC_Oven\SoC\ChrozenLC_Oven_SF2\SoftConsole4\Ch_Oven4\BSP\EEPROM_Driver/EEPROM.h:381:1: note: expected 'uint8_t *' but argument is of type 'unsigned char (*)[21]'
 eepromRead_Data
 ^
Finished building: ../apps_layer/sysconfig.c
 
Building file: ../apps_layer/tcp_server.c
Invoking: Cross ARM C Compiler
arm-none-eabi-gcc -mcpu=cortex-m3 -mthumb -Os -fmessage-length=0 -ffunction-sections -fdata-sections  -g -DMICROSEMI_STDIO_THRU_MMUART0 -I"J:\I_Drive\Ryu21c\ChroZen-LC\LC_Oven\SoC\ChrozenLC_Oven_SF2\SoftConsole4\Ch_Oven4" -I"J:\I_Drive\Ryu21c\ChroZen-LC\LC_Oven\SoC\ChrozenLC_Oven_SF2\SoftConsole4\Ch_Oven4\BSP" -I"J:\I_Drive\Ryu21c\ChroZen-LC\LC_Oven\SoC\ChrozenLC_Oven_SF2\SoftConsole4\Ch_Oven4\BSP\EEPROM_Driver" -I"J:\I_Drive\Ryu21c\ChroZen-LC\LC_Oven\SoC\ChrozenLC_Oven_SF2\SoftConsole4\Ch_Oven4\lwIP" -I"J:\I_Drive\Ryu21c\ChroZen-LC\LC_Oven\SoC\ChrozenLC_Oven_SF2\SoftConsole4\Ch_Oven4\lwIP\api" -I"J:\I_Drive\Ryu21c\ChroZen-LC\LC_Oven\SoC\ChrozenLC_Oven_SF2\SoftConsole4\Ch_Oven4\lwIP\arch" -I"J:\I_Drive\Ryu21c\ChroZen-LC\LC_Oven\SoC\ChrozenLC_Oven_SF2\SoftConsole4\Ch_Oven4\lwIP\core" -I"J:\I_Drive\Ryu21c\ChroZen-LC\LC_Oven\SoC\ChrozenLC_Oven_SF2\SoftConsole4\Ch_Oven4\lwIP\core\ipv4" -I"J:\I_Drive\Ryu21c\ChroZen-LC\LC_Oven\SoC\ChrozenLC_Oven_SF2\SoftConsole4\Ch_Oven4\lwIP\core\snmp" -I"J:\I_Drive\Ryu21c\ChroZen-LC\LC_Oven\SoC\ChrozenLC_Oven_SF2\SoftConsole4\Ch_Oven4\lwIP\include" -I"J:\I_Drive\Ryu21c\ChroZen-LC\LC_Oven\SoC\ChrozenLC_Oven_SF2\SoftConsole4\Ch_Oven4\lwIP\include\ipv4" -I"J:\I_Drive\Ryu21c\ChroZen-LC\LC_Oven\SoC\ChrozenLC_Oven_SF2\SoftConsole4\Ch_Oven4\lwIP\include\lwip" -I"J:\I_Drive\Ryu21c\ChroZen-LC\LC_Oven\SoC\ChrozenLC_Oven_SF2\SoftConsole4\Ch_Oven4\lwIP\include\netif" -I"J:\I_Drive\Ryu21c\ChroZen-LC\LC_Oven\SoC\ChrozenLC_Oven_SF2\SoftConsole4\Ch_Oven4\lwIP\netif" -I"J:\I_Drive\Ryu21c\ChroZen-LC\LC_Oven\SoC\ChrozenLC_Oven_SF2\SoftConsole4\Ch_Oven4\lwIP\netif\ppp" -I"J:\I_Drive\Ryu21c\ChroZen-LC\LC_Oven\SoC\ChrozenLC_Oven_SF2\SoftConsole4\Ch_Oven4\port_config" -I"J:\I_Drive\Ryu21c\ChroZen-LC\LC_Oven\SoC\ChrozenLC_Oven_SF2\SoftConsole4\Ch_Oven4\CMSIS" -I"J:\I_Drive\Ryu21c\ChroZen-LC\LC_Oven\SoC\ChrozenLC_Oven_SF2\SoftConsole4\Ch_Oven4\CMSIS\startup_gcc" -I"J:\I_Drive\Ryu21c\ChroZen-LC\LC_Oven\SoC\ChrozenLC_Oven_SF2\SoftConsole4\Ch_Oven4\drivers" -I"J:\I_Drive\Ryu21c\ChroZen-LC\LC_Oven\SoC\ChrozenLC_Oven_SF2\SoftConsole4\Ch_Oven4\drivers" -I"J:\I_Drive\Ryu21c\ChroZen-LC\LC_Oven\SoC\ChrozenLC_Oven_SF2\SoftConsole4\Ch_Oven4\drivers\mss_ethernet_mac" -I"J:\I_Drive\Ryu21c\ChroZen-LC\LC_Oven\SoC\ChrozenLC_Oven_SF2\SoftConsole4\Ch_Oven4\drivers\mss_hpdma" -I"J:\I_Drive\Ryu21c\ChroZen-LC\LC_Oven\SoC\ChrozenLC_Oven_SF2\SoftConsole4\Ch_Oven4\drivers\mss_i2c" -I"J:\I_Drive\Ryu21c\ChroZen-LC\LC_Oven\SoC\ChrozenLC_Oven_SF2\SoftConsole4\Ch_Oven4\drivers\mss_nvm" -I"J:\I_Drive\Ryu21c\ChroZen-LC\LC_Oven\SoC\ChrozenLC_Oven_SF2\SoftConsole4\Ch_Oven4\drivers\mss_pdma" -I"J:\I_Drive\Ryu21c\ChroZen-LC\LC_Oven\SoC\ChrozenLC_Oven_SF2\SoftConsole4\Ch_Oven4\drivers\mss_sys_services" -I"J:\I_Drive\Ryu21c\ChroZen-LC\LC_Oven\SoC\ChrozenLC_Oven_SF2\SoftConsole4\Ch_Oven4\drivers\mss_timer" -I"J:\I_Drive\Ryu21c\ChroZen-LC\LC_Oven\SoC\ChrozenLC_Oven_SF2\SoftConsole4\Ch_Oven4\drivers\mss_uart" -I"J:\I_Drive\Ryu21c\ChroZen-LC\LC_Oven\SoC\ChrozenLC_Oven_SF2\SoftConsole4\Ch_Oven4\drivers\mss_watchdog" -I"J:\I_Drive\Ryu21c\ChroZen-LC\LC_Oven\SoC\ChrozenLC_Oven_SF2\SoftConsole4\Ch_Oven4\drivers" -I"J:\I_Drive\Ryu21c\ChroZen-LC\LC_Oven\SoC\ChrozenLC_Oven_SF2\SoftConsole4\Ch_Oven4\drivers_config" -I"J:\I_Drive\Ryu21c\ChroZen-LC\LC_Oven\SoC\ChrozenLC_Oven_SF2\SoftConsole4\Ch_Oven4\drivers_config\sys_config" -I"J:\I_Drive\Ryu21c\ChroZen-LC\LC_Oven\SoC\ChrozenLC_Oven_SF2\SoftConsole4\Ch_Oven4\drivers" -I"J:\I_Drive\Ryu21c\ChroZen-LC\LC_Oven\SoC\ChrozenLC_Oven_SF2\SoftConsole4\Ch_Oven4\hal" -I"J:\I_Drive\Ryu21c\ChroZen-LC\LC_Oven\SoC\ChrozenLC_Oven_SF2\SoftConsole4\Ch_Oven4\hal\CortexM3" -I"J:\I_Drive\Ryu21c\ChroZen-LC\LC_Oven\SoC\ChrozenLC_Oven_SF2\SoftConsole4\Ch_Oven4\hal\CortexM3\GNU" -I"J:\I_Drive\Ryu21c\ChroZen-LC\LC_Oven\SoC\ChrozenLC_Oven_SF2\SoftConsole4\Ch_Oven4\inc" -I"J:\I_Drive\Ryu21c\ChroZen-LC\LC_Oven\SoC\ChrozenLC_Oven_SF2\SoftConsole4\Ch_Oven4\ryu_inc" -I"J:\I_Drive\Ryu21c\ChroZen-LC\LC_Oven\SoC\ChrozenLC_Oven_SF2\SoftConsole4\Ch_Oven4\common_inc" -std=gnu11 --specs=cmsis.specs -MMD -MP -MF"apps_layer/tcp_server.d" -MT"apps_layer/tcp_server.o" -c -o "apps_layer/tcp_server.o" "../apps_layer/tcp_server.c"
Finished building: ../apps_layer/tcp_server.c
 
Building file: ../apps_layer/util.c
Invoking: Cross ARM C Compiler
arm-none-eabi-gcc -mcpu=cortex-m3 -mthumb -Os -fmessage-length=0 -ffunction-sections -fdata-sections  -g -DMICROSEMI_STDIO_THRU_MMUART0 -I"J:\I_Drive\Ryu21c\ChroZen-LC\LC_Oven\SoC\ChrozenLC_Oven_SF2\SoftConsole4\Ch_Oven4" -I"J:\I_Drive\Ryu21c\ChroZen-LC\LC_Oven\SoC\ChrozenLC_Oven_SF2\SoftConsole4\Ch_Oven4\BSP" -I"J:\I_Drive\Ryu21c\ChroZen-LC\LC_Oven\SoC\ChrozenLC_Oven_SF2\SoftConsole4\Ch_Oven4\BSP\EEPROM_Driver" -I"J:\I_Drive\Ryu21c\ChroZen-LC\LC_Oven\SoC\ChrozenLC_Oven_SF2\SoftConsole4\Ch_Oven4\lwIP" -I"J:\I_Drive\Ryu21c\ChroZen-LC\LC_Oven\SoC\ChrozenLC_Oven_SF2\SoftConsole4\Ch_Oven4\lwIP\api" -I"J:\I_Drive\Ryu21c\ChroZen-LC\LC_Oven\SoC\ChrozenLC_Oven_SF2\SoftConsole4\Ch_Oven4\lwIP\arch" -I"J:\I_Drive\Ryu21c\ChroZen-LC\LC_Oven\SoC\ChrozenLC_Oven_SF2\SoftConsole4\Ch_Oven4\lwIP\core" -I"J:\I_Drive\Ryu21c\ChroZen-LC\LC_Oven\SoC\ChrozenLC_Oven_SF2\SoftConsole4\Ch_Oven4\lwIP\core\ipv4" -I"J:\I_Drive\Ryu21c\ChroZen-LC\LC_Oven\SoC\ChrozenLC_Oven_SF2\SoftConsole4\Ch_Oven4\lwIP\core\snmp" -I"J:\I_Drive\Ryu21c\ChroZen-LC\LC_Oven\SoC\ChrozenLC_Oven_SF2\SoftConsole4\Ch_Oven4\lwIP\include" -I"J:\I_Drive\Ryu21c\ChroZen-LC\LC_Oven\SoC\ChrozenLC_Oven_SF2\SoftConsole4\Ch_Oven4\lwIP\include\ipv4" -I"J:\I_Drive\Ryu21c\ChroZen-LC\LC_Oven\SoC\ChrozenLC_Oven_SF2\SoftConsole4\Ch_Oven4\lwIP\include\lwip" -I"J:\I_Drive\Ryu21c\ChroZen-LC\LC_Oven\SoC\ChrozenLC_Oven_SF2\SoftConsole4\Ch_Oven4\lwIP\include\netif" -I"J:\I_Drive\Ryu21c\ChroZen-LC\LC_Oven\SoC\ChrozenLC_Oven_SF2\SoftConsole4\Ch_Oven4\lwIP\netif" -I"J:\I_Drive\Ryu21c\ChroZen-LC\LC_Oven\SoC\ChrozenLC_Oven_SF2\SoftConsole4\Ch_Oven4\lwIP\netif\ppp" -I"J:\I_Drive\Ryu21c\ChroZen-LC\LC_Oven\SoC\ChrozenLC_Oven_SF2\SoftConsole4\Ch_Oven4\port_config" -I"J:\I_Drive\Ryu21c\ChroZen-LC\LC_Oven\SoC\ChrozenLC_Oven_SF2\SoftConsole4\Ch_Oven4\CMSIS" -I"J:\I_Drive\Ryu21c\ChroZen-LC\LC_Oven\SoC\ChrozenLC_Oven_SF2\SoftConsole4\Ch_Oven4\CMSIS\startup_gcc" -I"J:\I_Drive\Ryu21c\ChroZen-LC\LC_Oven\SoC\ChrozenLC_Oven_SF2\SoftConsole4\Ch_Oven4\drivers" -I"J:\I_Drive\Ryu21c\ChroZen-LC\LC_Oven\SoC\ChrozenLC_Oven_SF2\SoftConsole4\Ch_Oven4\drivers" -I"J:\I_Drive\Ryu21c\ChroZen-LC\LC_Oven\SoC\ChrozenLC_Oven_SF2\SoftConsole4\Ch_Oven4\drivers\mss_ethernet_mac" -I"J:\I_Drive\Ryu21c\ChroZen-LC\LC_Oven\SoC\ChrozenLC_Oven_SF2\SoftConsole4\Ch_Oven4\drivers\mss_hpdma" -I"J:\I_Drive\Ryu21c\ChroZen-LC\LC_Oven\SoC\ChrozenLC_Oven_SF2\SoftConsole4\Ch_Oven4\drivers\mss_i2c" -I"J:\I_Drive\Ryu21c\ChroZen-LC\LC_Oven\SoC\ChrozenLC_Oven_SF2\SoftConsole4\Ch_Oven4\drivers\mss_nvm" -I"J:\I_Drive\Ryu21c\ChroZen-LC\LC_Oven\SoC\ChrozenLC_Oven_SF2\SoftConsole4\Ch_Oven4\drivers\mss_pdma" -I"J:\I_Drive\Ryu21c\ChroZen-LC\LC_Oven\SoC\ChrozenLC_Oven_SF2\SoftConsole4\Ch_Oven4\drivers\mss_sys_services" -I"J:\I_Drive\Ryu21c\ChroZen-LC\LC_Oven\SoC\ChrozenLC_Oven_SF2\SoftConsole4\Ch_Oven4\drivers\mss_timer" -I"J:\I_Drive\Ryu21c\ChroZen-LC\LC_Oven\SoC\ChrozenLC_Oven_SF2\SoftConsole4\Ch_Oven4\drivers\mss_uart" -I"J:\I_Drive\Ryu21c\ChroZen-LC\LC_Oven\SoC\ChrozenLC_Oven_SF2\SoftConsole4\Ch_Oven4\drivers\mss_watchdog" -I"J:\I_Drive\Ryu21c\ChroZen-LC\LC_Oven\SoC\ChrozenLC_Oven_SF2\SoftConsole4\Ch_Oven4\drivers" -I"J:\I_Drive\Ryu21c\ChroZen-LC\LC_Oven\SoC\ChrozenLC_Oven_SF2\SoftConsole4\Ch_Oven4\drivers_config" -I"J:\I_Drive\Ryu21c\ChroZen-LC\LC_Oven\SoC\ChrozenLC_Oven_SF2\SoftConsole4\Ch_Oven4\drivers_config\sys_config" -I"J:\I_Drive\Ryu21c\ChroZen-LC\LC_Oven\SoC\ChrozenLC_Oven_SF2\SoftConsole4\Ch_Oven4\drivers" -I"J:\I_Drive\Ryu21c\ChroZen-LC\LC_Oven\SoC\ChrozenLC_Oven_SF2\SoftConsole4\Ch_Oven4\hal" -I"J:\I_Drive\Ryu21c\ChroZen-LC\LC_Oven\SoC\ChrozenLC_Oven_SF2\SoftConsole4\Ch_Oven4\hal\CortexM3" -I"J:\I_Drive\Ryu21c\ChroZen-LC\LC_Oven\SoC\ChrozenLC_Oven_SF2\SoftConsole4\Ch_Oven4\hal\CortexM3\GNU" -I"J:\I_Drive\Ryu21c\ChroZen-LC\LC_Oven\SoC\ChrozenLC_Oven_SF2\SoftConsole4\Ch_Oven4\inc" -I"J:\I_Drive\Ryu21c\ChroZen-LC\LC_Oven\SoC\ChrozenLC_Oven_SF2\SoftConsole4\Ch_Oven4\ryu_inc" -I"J:\I_Drive\Ryu21c\ChroZen-LC\LC_Oven\SoC\ChrozenLC_Oven_SF2\SoftConsole4\Ch_Oven4\common_inc" -std=gnu11 --specs=cmsis.specs -MMD -MP -MF"apps_layer/util.d" -MT"apps_layer/util.o" -c -o "apps_layer/util.o" "../apps_layer/util.c"
Finished building: ../apps_layer/util.c
 
Building file: ../main.c
Invoking: Cross ARM C Compiler
arm-none-eabi-gcc -mcpu=cortex-m3 -mthumb -Os -fmessage-length=0 -ffunction-sections -fdata-sections  -g -DMICROSEMI_STDIO_THRU_MMUART0 -I"J:\I_Drive\Ryu21c\ChroZen-LC\LC_Oven\SoC\ChrozenLC_Oven_SF2\SoftConsole4\Ch_Oven4" -I"J:\I_Drive\Ryu21c\ChroZen-LC\LC_Oven\SoC\ChrozenLC_Oven_SF2\SoftConsole4\Ch_Oven4\BSP" -I"J:\I_Drive\Ryu21c\ChroZen-LC\LC_Oven\SoC\ChrozenLC_Oven_SF2\SoftConsole4\Ch_Oven4\BSP\EEPROM_Driver" -I"J:\I_Drive\Ryu21c\ChroZen-LC\LC_Oven\SoC\ChrozenLC_Oven_SF2\SoftConsole4\Ch_Oven4\lwIP" -I"J:\I_Drive\Ryu21c\ChroZen-LC\LC_Oven\SoC\ChrozenLC_Oven_SF2\SoftConsole4\Ch_Oven4\lwIP\api" -I"J:\I_Drive\Ryu21c\ChroZen-LC\LC_Oven\SoC\ChrozenLC_Oven_SF2\SoftConsole4\Ch_Oven4\lwIP\arch" -I"J:\I_Drive\Ryu21c\ChroZen-LC\LC_Oven\SoC\ChrozenLC_Oven_SF2\SoftConsole4\Ch_Oven4\lwIP\core" -I"J:\I_Drive\Ryu21c\ChroZen-LC\LC_Oven\SoC\ChrozenLC_Oven_SF2\SoftConsole4\Ch_Oven4\lwIP\core\ipv4" -I"J:\I_Drive\Ryu21c\ChroZen-LC\LC_Oven\SoC\ChrozenLC_Oven_SF2\SoftConsole4\Ch_Oven4\lwIP\core\snmp" -I"J:\I_Drive\Ryu21c\ChroZen-LC\LC_Oven\SoC\ChrozenLC_Oven_SF2\SoftConsole4\Ch_Oven4\lwIP\include" -I"J:\I_Drive\Ryu21c\ChroZen-LC\LC_Oven\SoC\ChrozenLC_Oven_SF2\SoftConsole4\Ch_Oven4\lwIP\include\ipv4" -I"J:\I_Drive\Ryu21c\ChroZen-LC\LC_Oven\SoC\ChrozenLC_Oven_SF2\SoftConsole4\Ch_Oven4\lwIP\include\lwip" -I"J:\I_Drive\Ryu21c\ChroZen-LC\LC_Oven\SoC\ChrozenLC_Oven_SF2\SoftConsole4\Ch_Oven4\lwIP\include\netif" -I"J:\I_Drive\Ryu21c\ChroZen-LC\LC_Oven\SoC\ChrozenLC_Oven_SF2\SoftConsole4\Ch_Oven4\lwIP\netif" -I"J:\I_Drive\Ryu21c\ChroZen-LC\LC_Oven\SoC\ChrozenLC_Oven_SF2\SoftConsole4\Ch_Oven4\lwIP\netif\ppp" -I"J:\I_Drive\Ryu21c\ChroZen-LC\LC_Oven\SoC\ChrozenLC_Oven_SF2\SoftConsole4\Ch_Oven4\port_config" -I"J:\I_Drive\Ryu21c\ChroZen-LC\LC_Oven\SoC\ChrozenLC_Oven_SF2\SoftConsole4\Ch_Oven4\CMSIS" -I"J:\I_Drive\Ryu21c\ChroZen-LC\LC_Oven\SoC\ChrozenLC_Oven_SF2\SoftConsole4\Ch_Oven4\CMSIS\startup_gcc" -I"J:\I_Drive\Ryu21c\ChroZen-LC\LC_Oven\SoC\ChrozenLC_Oven_SF2\SoftConsole4\Ch_Oven4\drivers" -I"J:\I_Drive\Ryu21c\ChroZen-LC\LC_Oven\SoC\ChrozenLC_Oven_SF2\SoftConsole4\Ch_Oven4\drivers" -I"J:\I_Drive\Ryu21c\ChroZen-LC\LC_Oven\SoC\ChrozenLC_Oven_SF2\SoftConsole4\Ch_Oven4\drivers\mss_ethernet_mac" -I"J:\I_Drive\Ryu21c\ChroZen-LC\LC_Oven\SoC\ChrozenLC_Oven_SF2\SoftConsole4\Ch_Oven4\drivers\mss_hpdma" -I"J:\I_Drive\Ryu21c\ChroZen-LC\LC_Oven\SoC\ChrozenLC_Oven_SF2\SoftConsole4\Ch_Oven4\drivers\mss_i2c" -I"J:\I_Drive\Ryu21c\ChroZen-LC\LC_Oven\SoC\ChrozenLC_Oven_SF2\SoftConsole4\Ch_Oven4\drivers\mss_nvm" -I"J:\I_Drive\Ryu21c\ChroZen-LC\LC_Oven\SoC\ChrozenLC_Oven_SF2\SoftConsole4\Ch_Oven4\drivers\mss_pdma" -I"J:\I_Drive\Ryu21c\ChroZen-LC\LC_Oven\SoC\ChrozenLC_Oven_SF2\SoftConsole4\Ch_Oven4\drivers\mss_sys_services" -I"J:\I_Drive\Ryu21c\ChroZen-LC\LC_Oven\SoC\ChrozenLC_Oven_SF2\SoftConsole4\Ch_Oven4\drivers\mss_timer" -I"J:\I_Drive\Ryu21c\ChroZen-LC\LC_Oven\SoC\ChrozenLC_Oven_SF2\SoftConsole4\Ch_Oven4\drivers\mss_uart" -I"J:\I_Drive\Ryu21c\ChroZen-LC\LC_Oven\SoC\ChrozenLC_Oven_SF2\SoftConsole4\Ch_Oven4\drivers\mss_watchdog" -I"J:\I_Drive\Ryu21c\ChroZen-LC\LC_Oven\SoC\ChrozenLC_Oven_SF2\SoftConsole4\Ch_Oven4\drivers" -I"J:\I_Drive\Ryu21c\ChroZen-LC\LC_Oven\SoC\ChrozenLC_Oven_SF2\SoftConsole4\Ch_Oven4\drivers_config" -I"J:\I_Drive\Ryu21c\ChroZen-LC\LC_Oven\SoC\ChrozenLC_Oven_SF2\SoftConsole4\Ch_Oven4\drivers_config\sys_config" -I"J:\I_Drive\Ryu21c\ChroZen-LC\LC_Oven\SoC\ChrozenLC_Oven_SF2\SoftConsole4\Ch_Oven4\drivers" -I"J:\I_Drive\Ryu21c\ChroZen-LC\LC_Oven\SoC\ChrozenLC_Oven_SF2\SoftConsole4\Ch_Oven4\hal" -I"J:\I_Drive\Ryu21c\ChroZen-LC\LC_Oven\SoC\ChrozenLC_Oven_SF2\SoftConsole4\Ch_Oven4\hal\CortexM3" -I"J:\I_Drive\Ryu21c\ChroZen-LC\LC_Oven\SoC\ChrozenLC_Oven_SF2\SoftConsole4\Ch_Oven4\hal\CortexM3\GNU" -I"J:\I_Drive\Ryu21c\ChroZen-LC\LC_Oven\SoC\ChrozenLC_Oven_SF2\SoftConsole4\Ch_Oven4\inc" -I"J:\I_Drive\Ryu21c\ChroZen-LC\LC_Oven\SoC\ChrozenLC_Oven_SF2\SoftConsole4\Ch_Oven4\ryu_inc" -I"J:\I_Drive\Ryu21c\ChroZen-LC\LC_Oven\SoC\ChrozenLC_Oven_SF2\SoftConsole4\Ch_Oven4\common_inc" -std=gnu11 --specs=cmsis.specs -MMD -MP -MF"main.d" -MT"main.o" -c -o "main.o" "../main.c"
Finished building: ../main.c
 
Building target: Ch_Oven4.elf
Invoking: Cross ARM C Linker
arm-none-eabi-gcc -mcpu=cortex-m3 -mthumb -Os -fmessage-length=0 -ffunction-sections -fdata-sections  -g -T "J:\I_Drive\Ryu21c\ChroZen-LC\LC_Oven\SoC\ChrozenLC_Oven_SF2\SoftConsole4\Ch_Oven4\CMSIS\startup_gcc\production-smartfusion2-execute-in-place.ld" -Xlinker --gc-sections -Wl,-Map,"Ch_Oven4.map" --specs=nano.specs -u _printf_float -o "Ch_Oven4.elf"  ./lwIP/netif/ppp/auth.o ./lwIP/netif/ppp/chap.o ./lwIP/netif/ppp/chpms.o ./lwIP/netif/ppp/fsm.o ./lwIP/netif/ppp/ipcp.o ./lwIP/netif/ppp/lcp.o ./lwIP/netif/ppp/magic.o ./lwIP/netif/ppp/md5.o ./lwIP/netif/ppp/pap.o ./lwIP/netif/ppp/ppp.o ./lwIP/netif/ppp/ppp_oe.o ./lwIP/netif/ppp/randm.o ./lwIP/netif/ppp/vj.o  ./lwIP/netif/etharp.o ./lwIP/netif/ethernetif.o ./lwIP/netif/loopif.o ./lwIP/netif/m2sxxx_ethernetif.o ./lwIP/netif/slipif.o  ./lwIP/core/snmp/asn1_dec.o ./lwIP/core/snmp/asn1_enc.o ./lwIP/core/snmp/mib2.o ./lwIP/core/snmp/mib_structs.o ./lwIP/core/snmp/msg_in.o ./lwIP/core/snmp/msg_out.o  ./lwIP/core/ipv4/autoip.o ./lwIP/core/ipv4/icmp.o ./lwIP/core/ipv4/igmp.o ./lwIP/core/ipv4/inet.o ./lwIP/core/ipv4/inet_chksum.o ./lwIP/core/ipv4/ip.o ./lwIP/core/ipv4/ip_addr.o ./lwIP/core/ipv4/ip_frag.o  ./lwIP/core/dhcp.o ./lwIP/core/dns.o ./lwIP/core/init.o ./lwIP/core/mem.o ./lwIP/core/memp.o ./lwIP/core/netif.o ./lwIP/core/pbuf.o ./lwIP/core/raw.o ./lwIP/core/stats.o ./lwIP/core/sys.o ./lwIP/core/tcp.o ./lwIP/core/tcp_in.o ./lwIP/core/tcp_out.o ./lwIP/core/udp.o  ./lwIP/arch/sys_arch.o  ./lwIP/api/api_lib.o ./lwIP/api/api_msg.o ./lwIP/api/err.o ./lwIP/api/netbuf.o ./lwIP/api/netdb.o ./lwIP/api/netifapi.o ./lwIP/api/sockets.o ./lwIP/api/tcpip.o  ./hal/CortexM3/GNU/hal.o ./hal/CortexM3/GNU/hw_reg_access.o  ./hal/CortexM3/cortex_nvic.o  ./drivers_config/sys_config/sys_config.o  ./drivers/mss_uart/mss_uart.o  ./drivers/mss_sys_services/mss_comblk.o ./drivers/mss_sys_services/mss_sys_services.o  ./drivers/mss_pdma/mss_pdma.o  ./drivers/mss_nvm/mss_nvm.o  ./drivers/mss_i2c/mss_i2c.o  ./drivers/mss_hpdma/mss_hpdma.o  ./drivers/mss_ethernet_mac/ksz8051mnl_phy.o ./drivers/mss_ethernet_mac/mss_ethernet_mac.o  ./apps_layer/Interrupt.o ./apps_layer/OvenAction_task.o ./apps_layer/PID_Ctrl.o ./apps_layer/adc_if_H.o ./apps_layer/net_Oven.o ./apps_layer/netconf.o ./apps_layer/sys_cfg.o ./apps_layer/sysconfig.o ./apps_layer/tcp_server.o ./apps_layer/util.o  ./CMSIS/startup_gcc/newlib_stubs.o ./CMSIS/startup_gcc/startup_m2sxxx.o  ./CMSIS/system_m2sxxx.o  ./BSP/EEPROM_Driver/EEPROM.o  ./main.o   
Finished building target: Ch_Oven4.elf
 
Invoking: Cross ARM GNU Create Flash Image
arm-none-eabi-objcopy -O ihex "Ch_Oven4.elf"  "Ch_Oven4.hex"
Finished building: Ch_Oven4.hex
 
Invoking: Cross ARM GNU Print Size
arm-none-eabi-size --format=berkeley "Ch_Oven4.elf"
   text	   data	    bss	    dec	    hex	filename
  43952	    464	  65072	 109488	  1abb0	Ch_Oven4.elf
Finished building: Ch_Oven4.siz
 

09:05:11 Build Finished (took 6s.690ms)

