Archive member included because of file (symbol)

D:\Home2021\ChroZen-LC\LC_AS\SoC\Ch_AS_SF2_FW-git\SoftConsole4-SF2\SF2_hw_platform\Debug\libSF2_hw_platform.a(mss_uart.o)
                              ./src/system.o (g_mss_uart0)
D:\Home2021\ChroZen-LC\LC_AS\SoC\Ch_AS_SF2_FW-git\SoftConsole4-SF2\SF2_hw_platform\Debug\libSF2_hw_platform.a(mss_nvm.o)
                              ./src/storage.o (NVM_write)
D:\Home2021\ChroZen-LC\LC_AS\SoC\Ch_AS_SF2_FW-git\SoftConsole4-SF2\SF2_hw_platform\Debug\libSF2_hw_platform.a(startup_m2sxxx.o)
                              (Reset_Handler)
D:\Home2021\ChroZen-LC\LC_AS\SoC\Ch_AS_SF2_FW-git\SoftConsole4-SF2\SF2_hw_platform\Debug\libSF2_hw_platform.a(system_m2sxxx.o)
                              D:\Home2021\ChroZen-LC\LC_AS\SoC\Ch_AS_SF2_FW-git\SoftConsole4-SF2\SF2_hw_platform\Debug\libSF2_hw_platform.a(startup_m2sxxx.o) (SystemInit)
c:/microsemi/softconsole_v4.0/arm-none-eabi-gcc/bin/../lib/gcc/arm-none-eabi/4.9.3/../../../../arm-none-eabi/lib/armv7-m\libg.a(lib_a-ctype_.o)
                              ./src/util.o (__ctype_ptr__)
c:/microsemi/softconsole_v4.0/arm-none-eabi-gcc/bin/../lib/gcc/arm-none-eabi/4.9.3/../../../../arm-none-eabi/lib/armv7-m\libg.a(lib_a-exit.o)
                              c:/microsemi/softconsole_v4.0/arm-none-eabi-gcc/bin/../lib/gcc/arm-none-eabi/4.9.3/../../../../arm-none-eabi/lib/armv7-m/crt0.o (exit)
c:/microsemi/softconsole_v4.0/arm-none-eabi-gcc/bin/../lib/gcc/arm-none-eabi/4.9.3/../../../../arm-none-eabi/lib/armv7-m\libg.a(lib_a-impure.o)
                              c:/microsemi/softconsole_v4.0/arm-none-eabi-gcc/bin/../lib/gcc/arm-none-eabi/4.9.3/../../../../arm-none-eabi/lib/armv7-m\libg.a(lib_a-exit.o) (_global_impure_ptr)
c:/microsemi/softconsole_v4.0/arm-none-eabi-gcc/bin/../lib/gcc/arm-none-eabi/4.9.3/../../../../arm-none-eabi/lib/armv7-m\libg.a(lib_a-init.o)
                              c:/microsemi/softconsole_v4.0/arm-none-eabi-gcc/bin/../lib/gcc/arm-none-eabi/4.9.3/../../../../arm-none-eabi/lib/armv7-m/crt0.o (__libc_init_array)
c:/microsemi/softconsole_v4.0/arm-none-eabi-gcc/bin/../lib/gcc/arm-none-eabi/4.9.3/../../../../arm-none-eabi/lib/armv7-m\libg.a(lib_a-memcpy.o)
                              ./src/procotol.o (memcpy)
c:/microsemi/softconsole_v4.0/arm-none-eabi-gcc/bin/../lib/gcc/arm-none-eabi/4.9.3/../../../../arm-none-eabi/lib/armv7-m\libg.a(lib_a-memset.o)
                              c:/microsemi/softconsole_v4.0/arm-none-eabi-gcc/bin/../lib/gcc/arm-none-eabi/4.9.3/../../../../arm-none-eabi/lib/armv7-m/crt0.o (memset)
c:/microsemi/softconsole_v4.0/arm-none-eabi-gcc/bin/../lib/gcc/arm-none-eabi/4.9.3/../../../../arm-none-eabi/lib/armv7-m\libg.a(lib_a-__call_atexit.o)
                              c:/microsemi/softconsole_v4.0/arm-none-eabi-gcc/bin/../lib/gcc/arm-none-eabi/4.9.3/../../../../arm-none-eabi/lib/armv7-m\libg.a(lib_a-exit.o) (__call_exitprocs)
c:/microsemi/softconsole_v4.0/arm-none-eabi-gcc/bin/../lib/gcc/arm-none-eabi/4.9.3/../../../../arm-none-eabi/lib/armv7-m\libg.a(lib_a-atexit.o)
                              c:/microsemi/softconsole_v4.0/arm-none-eabi-gcc/bin/../lib/gcc/arm-none-eabi/4.9.3/../../../../arm-none-eabi/lib/armv7-m\libg.a(lib_a-__call_atexit.o) (atexit)
c:/microsemi/softconsole_v4.0/arm-none-eabi-gcc/bin/../lib/gcc/arm-none-eabi/4.9.3/../../../../arm-none-eabi/lib/armv7-m\libg.a(lib_a-fini.o)
                              c:/microsemi/softconsole_v4.0/arm-none-eabi-gcc/bin/../lib/gcc/arm-none-eabi/4.9.3/../../../../arm-none-eabi/lib/armv7-m\libg.a(lib_a-__call_atexit.o) (__libc_fini_array)
c:/microsemi/softconsole_v4.0/arm-none-eabi-gcc/bin/../lib/gcc/arm-none-eabi/4.9.3/../../../../arm-none-eabi/lib/armv7-m\libg.a(lib_a-__atexit.o)
                              c:/microsemi/softconsole_v4.0/arm-none-eabi-gcc/bin/../lib/gcc/arm-none-eabi/4.9.3/../../../../arm-none-eabi/lib/armv7-m\libg.a(lib_a-atexit.o) (__register_exitproc)

Allocating common symbols
Common symbol       size              file

g_tStorageInfo      0x100             ./src/storage.o
g_mss_uart1         0x40              D:\Home2021\ChroZen-LC\LC_AS\SoC\Ch_AS_SF2_FW-git\SoftConsole4-SF2\SF2_hw_platform\Debug\libSF2_hw_platform.a(mss_uart.o)
g_mss_uart0         0x40              D:\Home2021\ChroZen-LC\LC_AS\SoC\Ch_AS_SF2_FW-git\SoftConsole4-SF2\SF2_hw_platform\Debug\libSF2_hw_platform.a(mss_uart.o)

Discarded input sections

 .text          0x00000000        0x0 c:/microsemi/softconsole_v4.0/arm-none-eabi-gcc/bin/../lib/gcc/arm-none-eabi/4.9.3/armv7-m/crti.o
 .data          0x00000000        0x0 c:/microsemi/softconsole_v4.0/arm-none-eabi-gcc/bin/../lib/gcc/arm-none-eabi/4.9.3/armv7-m/crti.o
 .bss           0x00000000        0x0 c:/microsemi/softconsole_v4.0/arm-none-eabi-gcc/bin/../lib/gcc/arm-none-eabi/4.9.3/armv7-m/crti.o
 .data          0x00000000        0x4 c:/microsemi/softconsole_v4.0/arm-none-eabi-gcc/bin/../lib/gcc/arm-none-eabi/4.9.3/armv7-m/crtbegin.o
[...]
Memory Configuration

Name             Origin             Length             Attributes
rom              0x60000000         0x00004000         xr
romMirror        0x00000000         0x00004000         xr
ram              0x2000f000         0x00001000         xrw
*default*        0x00000000         0xffffffff

Linker script and memory map

LOAD c:/microsemi/softconsole_v4.0/arm-none-eabi-gcc/bin/../lib/gcc/arm-none-eabi/4.9.3/armv7-m/crti.o
LOAD c:/microsemi/softconsole_v4.0/arm-none-eabi-gcc/bin/../lib/gcc/arm-none-eabi/4.9.3/armv7-m/crtbegin.o
LOAD c:/microsemi/softconsole_v4.0/arm-none-eabi-gcc/bin/../lib/gcc/arm-none-eabi/4.9.3/../../../../arm-none-eabi/lib/armv7-m/crt0.o
LOAD ./src/main.o
LOAD ./src/procotol.o
LOAD ./src/run_program.o
LOAD ./src/storage.o
LOAD ./src/system.o
LOAD ./src/timer.o
LOAD ./src/util.o
LOAD D:\Home2021\ChroZen-LC\LC_AS\SoC\Ch_AS_SF2_FW-git\SoftConsole4-SF2\SF2_hw_platform\Debug\libSF2_hw_platform.a
LOAD c:/microsemi/softconsole_v4.0/arm-none-eabi-gcc/bin/../lib/gcc/arm-none-eabi/4.9.3/../../../../arm-none-eabi/lib/armv7-m\libstdc++.a
LOAD c:/microsemi/softconsole_v4.0/arm-none-eabi-gcc/bin/../lib/gcc/arm-none-eabi/4.9.3/../../../../arm-none-eabi/lib/armv7-m\libm.a
START GROUP
LOAD c:/microsemi/softconsole_v4.0/arm-none-eabi-gcc/bin/../lib/gcc/arm-none-eabi/4.9.3/armv7-m\libgcc.a
LOAD c:/microsemi/softconsole_v4.0/arm-none-eabi-gcc/bin/../lib/gcc/arm-none-eabi/4.9.3/../../../../arm-none-eabi/lib/armv7-m\libg.a
LOAD c:/microsemi/softconsole_v4.0/arm-none-eabi-gcc/bin/../lib/gcc/arm-none-eabi/4.9.3/../../../../arm-none-eabi/lib/armv7-m\libc.a
END GROUP
LOAD c:/microsemi/softconsole_v4.0/arm-none-eabi-gcc/bin/../lib/gcc/arm-none-eabi/4.9.3/armv7-m/crtend.o
LOAD c:/microsemi/softconsole_v4.0/arm-none-eabi-gcc/bin/../lib/gcc/arm-none-eabi/4.9.3/armv7-m/crtn.o
START GROUP
LOAD c:/microsemi/softconsole_v4.0/arm-none-eabi-gcc/bin/../lib/gcc/arm-none-eabi/4.9.3/../../../../arm-none-eabi/lib/armv7-m\libc.a
LOAD c:/microsemi/softconsole_v4.0/arm-none-eabi-gcc/bin/../lib/gcc/arm-none-eabi/4.9.3/armv7-m\libgcc.a
LOAD c:/microsemi/softconsole_v4.0/arm-none-eabi-gcc/bin/../lib/gcc/arm-none-eabi/4.9.3/../../../../arm-none-eabi/lib/armv7-m\libm.a
END GROUP
                0x00000000                __DYNAMIC = 0x0
                0x2000f000                RAM_START_ADDRESS = 0x2000f000
                0x00001000                RAM_SIZE = 0x1000
                0x00000800                MAIN_STACK_SIZE = 0x800
                0x00000000                MIN_SIZE_HEAP = 0x0
                0x00000000                PROCESS_STACK_SIZE = 0x0
                0x20010000                PROVIDE (__main_stack_start, (RAM_START_ADDRESS + RAM_SIZE))
                0x20010000                PROVIDE (_estack, __main_stack_start)
                0x00000001                PROVIDE (__mirrored_nvm, 0x1)
                0x00000000                PROVIDE (__smartfusion2_memory_remap, 0x0)

.vector_table   0x00000000      0x2f0 load address 0x60000000
                0x60000000                __vector_table_load = LOADADDR (.vector_table)
                0x00000000                __vector_table_start = .
                0x00000000                __vector_table_vma_base_address = .
 *(.isr_vector)
 .isr_vector    0x00000000      0x2e4 D:\Home2021\ChroZen-LC\LC_AS\SoC\Ch_AS_SF2_FW-git\SoftConsole4-SF2\SF2_hw_platform\Debug\libSF2_hw_platform.a(startup_m2sxxx.o)
                0x00000000                g_pfnVectors
                0x00000188                Reset_Handler
                0x000001f8                NMI_Handler
                0x000001fa                HardFault_Handler
                0x000001fc                MemManage_Handler
                0x000001fe                BusFault_Handler
                0x00000200                UsageFault_Handler
                0x00000202                SVC_Handler
                0x00000204                DebugMon_Handler
                0x00000206                PendSV_Handler
                0x00000208                SysTick_Handler
                0x0000020a                WdogWakeup_IRQHandler
                0x0000020c                RTC_Wakeup_IRQHandler
                0x0000020e                SPI0_IRQHandler
                0x00000210                SPI1_IRQHandler
                0x00000212                I2C0_IRQHandler
                0x00000214                I2C0_SMBAlert_IRQHandler
                0x00000216                I2C0_SMBus_IRQHandler
                0x00000218                I2C1_IRQHandler
                0x0000021a                I2C1_SMBAlert_IRQHandler
                0x0000021c                I2C1_SMBus_IRQHandler
                0x00000222                EthernetMAC_IRQHandler
                0x00000224                DMA_IRQHandler
                0x00000228                Timer2_IRQHandler
                0x0000022a                CAN_IRQHandler
                0x0000022c                ENVM0_IRQHandler
                0x0000022e                ENVM1_IRQHandler
                0x00000230                ComBlk_IRQHandler
                0x00000232                USB_IRQHandler
                0x00000234                USB_DMA_IRQHandler
                0x00000236                PLL_Lock_IRQHandler
                0x00000238                PLL_LockLost_IRQHandler
                0x0000023a                CommSwitchError_IRQHandler
                0x0000023c                CacheError_IRQHandler
                0x0000023e                DDR_IRQHandler
                0x00000240                HPDMA_Complete_IRQHandler
                0x00000242                HPDMA_Error_IRQHandler
                0x00000244                ECC_Error_IRQHandler
                0x00000246                MDDR_IOCalib_IRQHandler
                0x00000248                FAB_PLL_Lock_IRQHandler
                0x0000024a                FAB_PLL_LockLost_IRQHandler
                0x0000024c                FIC64_IRQHandler
                0x0000024e                FabricIrq0_IRQHandler
                0x00000250                FabricIrq1_IRQHandler
                0x00000252                FabricIrq2_IRQHandler
                0x00000254                FabricIrq3_IRQHandler
                0x00000256                FabricIrq4_IRQHandler
                0x00000258                FabricIrq5_IRQHandler
                0x0000025a                FabricIrq6_IRQHandler
                0x0000025c                FabricIrq7_IRQHandler
                0x0000025e                FabricIrq8_IRQHandler
                0x00000260                FabricIrq9_IRQHandler
                0x00000262                FabricIrq10_IRQHandler
                0x00000264                FabricIrq11_IRQHandler
                0x00000266                FabricIrq12_IRQHandler
                0x00000268                FabricIrq13_IRQHandler
                0x0000026a                FabricIrq14_IRQHandler
                0x0000026c                FabricIrq15_IRQHandler
                0x0000026e                GPIO0_IRQHandler
                0x00000270                GPIO1_IRQHandler
                0x00000272                GPIO2_IRQHandler
                0x00000274                GPIO3_IRQHandler
                0x00000276                GPIO4_IRQHandler
                0x00000278                GPIO5_IRQHandler
                0x0000027a                GPIO6_IRQHandler
                0x0000027c                GPIO7_IRQHandler
                0x0000027e                GPIO8_IRQHandler
                0x00000280                GPIO9_IRQHandler
                0x00000282                GPIO10_IRQHandler
                0x00000284                GPIO11_IRQHandler
                0x00000286                GPIO12_IRQHandler
                0x00000288                GPIO13_IRQHandler
                0x0000028a                GPIO14_IRQHandler
                0x0000028c                GPIO15_IRQHandler
                0x0000028e                GPIO16_IRQHandler
                0x00000290                GPIO17_IRQHandler
                0x00000292                GPIO18_IRQHandler
                0x00000294                GPIO19_IRQHandler
                0x00000296                GPIO20_IRQHandler
                0x00000298                GPIO21_IRQHandler
                0x0000029a                GPIO22_IRQHandler
                0x0000029c                GPIO23_IRQHandler
                0x0000029e                GPIO24_IRQHandler
                0x000002a0                GPIO25_IRQHandler
                0x000002a2                GPIO26_IRQHandler
                0x000002a4                GPIO27_IRQHandler
                0x000002a6                GPIO28_IRQHandler
                0x000002a8                GPIO29_IRQHandler
                0x000002aa                GPIO30_IRQHandler
                0x000002ac                GPIO31_IRQHandler
                0x000002ae                mscc_post_hw_cfg_init
                0x000002f0                . = ALIGN (0x10)
 *fill*         0x000002e4        0xc 
                0x000002f0                _evector_table = .

.boot_code      0x000002f0      0x140 load address 0x600002f0
 *(.boot_code)
 *system_m2sxxx.o(.text*)
 .text.set_clock_frequency_globals
                0x000002f0       0x40 D:\Home2021\ChroZen-LC\LC_AS\SoC\Ch_AS_SF2_FW-git\SoftConsole4-SF2\SF2_hw_platform\Debug\libSF2_hw_platform.a(system_m2sxxx.o)
 .text.SystemInit
                0x00000330       0x40 D:\Home2021\ChroZen-LC\LC_AS\SoC\Ch_AS_SF2_FW-git\SoftConsole4-SF2\SF2_hw_platform\Debug\libSF2_hw_platform.a(system_m2sxxx.o)
                0x00000330                SystemInit
 .text.SystemCoreClockUpdate
                0x00000370       0xb8 D:\Home2021\ChroZen-LC\LC_AS\SoC\Ch_AS_SF2_FW-git\SoftConsole4-SF2\SF2_hw_platform\Debug\libSF2_hw_platform.a(system_m2sxxx.o)
                0x00000370                SystemCoreClockUpdate
 *sys_config.o(.rodata*)
                0x00000430                . = ALIGN (0x10)
 *fill*         0x00000428        0x8 

.text           0x00000430     0x18e0 load address 0x60000430
 CREATE_OBJECT_SYMBOLS
                0x60000430                __text_load = LOADADDR (.text)
                0x00000430                __text_start = .
 *(.text .text.* .gnu.linkonce.t.*)
 .text          0x00000430       0x5c c:/microsemi/softconsole_v4.0/arm-none-eabi-gcc/bin/../lib/gcc/arm-none-eabi/4.9.3/armv7-m/crtbegin.o
 .text.main     0x0000048c       0x28 ./src/main.o
                0x0000048c                main
 .text.GenPacket
                0x000004b4       0xec ./src/procotol.o
                0x000004b4                GenPacket
 .text.CalcChkSum
                0x000005a0       0x60 ./src/procotol.o
                0x000005a0                CalcChkSum
 .text.CheckPacket
                0x00000600       0x5c ./src/procotol.o
                0x00000600                CheckPacket
 .text.RecvData
                0x0000065c       0xac ./src/procotol.o
                0x0000065c                RecvData
 .text.check_fwpdate
                0x00000708       0xe8 ./src/procotol.o
                0x00000708                check_fwpdate
 .text.send_update_check
                0x000007f0       0x40 ./src/procotol.o
                0x000007f0                send_update_check
 .text.copy_image_to_esram
                0x00000830       0x48 ./src/run_program.o
                0x00000830                copy_image_to_esram
 .text.remap_user_code_eSRAM_0
                0x00000878       0x40 ./src/run_program.o
                0x00000878                remap_user_code_eSRAM_0
 .text.run_iap  0x000008b8       0x10 ./src/run_program.o
                0x000008b8                run_iap
 .text.run_application
                0x000008c8       0x30 ./src/run_program.o
                0x000008c8                run_application
 .text.InitStorageInfo
                0x000008f8       0x48 ./src/storage.o
                0x000008f8                InitStorageInfo
 .text.LoadStorageInfo
                0x00000940       0x58 ./src/storage.o
                0x00000940                LoadStorageInfo
 .text.SaveStorageInfo
                0x00000998       0xf8 ./src/storage.o
                0x00000998                SaveStorageInfo
 .text.GetBLVer
                0x00000a90       0x24 ./src/storage.o
                0x00000a90                GetBLVer
 .text.SetBLVer
                0x00000ab4       0x1c ./src/storage.o
                0x00000ab4                SetBLVer
 .text.get_uart
                0x00000ad0       0x14 ./src/system.o
                0x00000ad0                get_uart
 .text.init_system
                0x00000ae4       0x78 ./src/system.o
                0x00000ae4                init_system
 .text.NVIC_EnableIRQ
                0x00000b5c       0x30 ./src/timer.o
 .text.NVIC_DisableIRQ
                0x00000b8c       0x34 ./src/timer.o
 .text.NVIC_ClearPendingIRQ
                0x00000bc0       0x34 ./src/timer.o
 .text.MSS_TIM1_init
                0x00000bf4       0x58 ./src/timer.o
 .text.MSS_TIM1_start
                0x00000c4c       0x18 ./src/timer.o
 .text.MSS_TIM1_load_immediate
                0x00000c64       0x1c ./src/timer.o
 .text.MSS_TIM1_enable_irq
                0x00000c80       0x18 ./src/timer.o
 .text.MSS_TIM1_clear_irq
                0x00000c98       0x18 ./src/timer.o
 .text.Timer1_IRQHandler
                0x00000cb0       0x28 ./src/timer.o
                0x00000cb0                Timer1_IRQHandler
 .text.init_timer_1
                0x00000cd8       0x28 ./src/timer.o
                0x00000cd8                init_timer_1
 .text.get_mili_time
                0x00000d00       0x18 ./src/timer.o
                0x00000d00                get_mili_time
 .text.diff_mili_time
                0x00000d18       0x3c ./src/timer.o
                0x00000d18                diff_mili_time
 .text.set_bit_reg8
                0x00000d54       0x18 D:\Home2021\ChroZen-LC\LC_AS\SoC\Ch_AS_SF2_FW-git\SoftConsole4-SF2\SF2_hw_platform\Debug\libSF2_hw_platform.a(mss_uart.o)
 .text.clear_bit_reg8
                0x00000d6c       0x18 D:\Home2021\ChroZen-LC\LC_AS\SoC\Ch_AS_SF2_FW-git\SoftConsole4-SF2\SF2_hw_platform\Debug\libSF2_hw_platform.a(mss_uart.o)
 .text.read_bit_reg8
                0x00000d84       0x18 D:\Home2021\ChroZen-LC\LC_AS\SoC\Ch_AS_SF2_FW-git\SoftConsole4-SF2\SF2_hw_platform\Debug\libSF2_hw_platform.a(mss_uart.o)
 .text.default_tx_handler
                0x00000d9c       0x84 D:\Home2021\ChroZen-LC\LC_AS\SoC\Ch_AS_SF2_FW-git\SoftConsole4-SF2\SF2_hw_platform\Debug\libSF2_hw_platform.a(mss_uart.o)
 .text.MSS_UART_isr.part.0
                0x00000e20       0xac D:\Home2021\ChroZen-LC\LC_AS\SoC\Ch_AS_SF2_FW-git\SoftConsole4-SF2\SF2_hw_platform\Debug\libSF2_hw_platform.a(mss_uart.o)
 .text.global_init
                0x00000ecc      0x1e8 D:\Home2021\ChroZen-LC\LC_AS\SoC\Ch_AS_SF2_FW-git\SoftConsole4-SF2\SF2_hw_platform\Debug\libSF2_hw_platform.a(mss_uart.o)
 .text.MSS_UART_init
                0x000010b4       0x48 D:\Home2021\ChroZen-LC\LC_AS\SoC\Ch_AS_SF2_FW-git\SoftConsole4-SF2\SF2_hw_platform\Debug\libSF2_hw_platform.a(mss_uart.o)
                0x000010b4                MSS_UART_init
 .text.MSS_UART_polled_tx
                0x000010fc       0x68 D:\Home2021\ChroZen-LC\LC_AS\SoC\Ch_AS_SF2_FW-git\SoftConsole4-SF2\SF2_hw_platform\Debug\libSF2_hw_platform.a(mss_uart.o)
                0x000010fc                MSS_UART_polled_tx
 .text.UART0_IRQHandler
                0x00001164       0x1c D:\Home2021\ChroZen-LC\LC_AS\SoC\Ch_AS_SF2_FW-git\SoftConsole4-SF2\SF2_hw_platform\Debug\libSF2_hw_platform.a(mss_uart.o)
                0x00001164                UART0_IRQHandler
 .text.UART1_IRQHandler
                0x00001180       0x1c D:\Home2021\ChroZen-LC\LC_AS\SoC\Ch_AS_SF2_FW-git\SoftConsole4-SF2\SF2_hw_platform\Debug\libSF2_hw_platform.a(mss_uart.o)
                0x00001180                UART1_IRQHandler
 .text.request_nvm_access
                0x0000119c       0x4c D:\Home2021\ChroZen-LC\LC_AS\SoC\Ch_AS_SF2_FW-git\SoftConsole4-SF2\SF2_hw_platform\Debug\libSF2_hw_platform.a(mss_nvm.o)
 .text.release_ctrl_access
                0x000011e8       0x40 D:\Home2021\ChroZen-LC\LC_AS\SoC\Ch_AS_SF2_FW-git\SoftConsole4-SF2\SF2_hw_platform\Debug\libSF2_hw_platform.a(mss_nvm.o)
 .text.wait_nvm_ready
                0x00001228       0x2c D:\Home2021\ChroZen-LC\LC_AS\SoC\Ch_AS_SF2_FW-git\SoftConsole4-SF2\SF2_hw_platform\Debug\libSF2_hw_platform.a(mss_nvm.o)
 .text.fill_wd_buffer
                0x00001254       0x9c D:\Home2021\ChroZen-LC\LC_AS\SoC\Ch_AS_SF2_FW-git\SoftConsole4-SF2\SF2_hw_platform\Debug\libSF2_hw_platform.a(mss_nvm.o)
 .text.check_protection_reserved_nvm
                0x000012f0      0x2bc D:\Home2021\ChroZen-LC\LC_AS\SoC\Ch_AS_SF2_FW-git\SoftConsole4-SF2\SF2_hw_platform\Debug\libSF2_hw_platform.a(mss_nvm.o)
 .text.get_error_code
                0x000015ac       0x26 D:\Home2021\ChroZen-LC\LC_AS\SoC\Ch_AS_SF2_FW-git\SoftConsole4-SF2\SF2_hw_platform\Debug\libSF2_hw_platform.a(mss_nvm.o)
 *fill*         0x000015d2        0x2 
 .text.get_ctrl_access
                0x000015d4       0x44 D:\Home2021\ChroZen-LC\LC_AS\SoC\Ch_AS_SF2_FW-git\SoftConsole4-SF2\SF2_hw_platform\Debug\libSF2_hw_platform.a(mss_nvm.o)
 .text.NVM_write
                0x00001618      0x1e8 D:\Home2021\ChroZen-LC\LC_AS\SoC\Ch_AS_SF2_FW-git\SoftConsole4-SF2\SF2_hw_platform\Debug\libSF2_hw_platform.a(mss_nvm.o)
                0x00001618                NVM_write
 .text.NVM_unlock
                0x00001800      0x110 D:\Home2021\ChroZen-LC\LC_AS\SoC\Ch_AS_SF2_FW-git\SoftConsole4-SF2\SF2_hw_platform\Debug\libSF2_hw_platform.a(mss_nvm.o)
                0x00001800                NVM_unlock
 .text.MSS_NVM_read
                0x00001910       0x30 D:\Home2021\ChroZen-LC\LC_AS\SoC\Ch_AS_SF2_FW-git\SoftConsole4-SF2\SF2_hw_platform\Debug\libSF2_hw_platform.a(mss_nvm.o)
                0x00001910                MSS_NVM_read
 .text.NVM_verify
                0x00001940       0xb8 D:\Home2021\ChroZen-LC\LC_AS\SoC\Ch_AS_SF2_FW-git\SoftConsole4-SF2\SF2_hw_platform\Debug\libSF2_hw_platform.a(mss_nvm.o)
                0x00001940                NVM_verify
 .text.__libc_init_array
                0x000019f8       0x50 c:/microsemi/softconsole_v4.0/arm-none-eabi-gcc/bin/../lib/gcc/arm-none-eabi/4.9.3/../../../../arm-none-eabi/lib/armv7-m\libg.a(lib_a-init.o)
                0x000019f8                __libc_init_array
 .text          0x00001a48       0xec c:/microsemi/softconsole_v4.0/arm-none-eabi-gcc/bin/../lib/gcc/arm-none-eabi/4.9.3/../../../../arm-none-eabi/lib/armv7-m\libg.a(lib_a-memcpy.o)
                0x00001a48                memcpy
 .text.memset   0x00001b34       0x9c c:/microsemi/softconsole_v4.0/arm-none-eabi-gcc/bin/../lib/gcc/arm-none-eabi/4.9.3/../../../../arm-none-eabi/lib/armv7-m\libg.a(lib_a-memset.o)
                0x00001b34                memset
 .text.startup.register_fini
                0x00001bd0       0x14 c:/microsemi/softconsole_v4.0/arm-none-eabi-gcc/bin/../lib/gcc/arm-none-eabi/4.9.3/../../../../arm-none-eabi/lib/armv7-m\libg.a(lib_a-__call_atexit.o)
 .text.atexit   0x00001be4        0xc c:/microsemi/softconsole_v4.0/arm-none-eabi-gcc/bin/../lib/gcc/arm-none-eabi/4.9.3/../../../../arm-none-eabi/lib/armv7-m\libg.a(lib_a-atexit.o)
                0x00001be4                atexit
 .text.__libc_fini_array
                0x00001bf0       0x2c c:/microsemi/softconsole_v4.0/arm-none-eabi-gcc/bin/../lib/gcc/arm-none-eabi/4.9.3/../../../../arm-none-eabi/lib/armv7-m\libg.a(lib_a-fini.o)
                0x00001bf0                __libc_fini_array
 .text.__register_exitproc
                0x00001c1c       0xa4 c:/microsemi/softconsole_v4.0/arm-none-eabi-gcc/bin/../lib/gcc/arm-none-eabi/4.9.3/../../../../arm-none-eabi/lib/armv7-m\libg.a(lib_a-__atexit.o)
                0x00001c1c                __register_exitproc
 *(.plt)
 *(.gnu.warning)
 *(.glue_7t)
 .glue_7t       0x00000000        0x0 linker stubs
 *(.glue_7)
 .glue_7        0x00000000        0x0 linker stubs
 *(.vfp11_veneer)
 .vfp11_veneer  0x00000000        0x0 linker stubs
                0x00001cc0                . = ALIGN (0x4)
 *crtbegin.o(.ctors)
 *(EXCLUDE_FILE(*crtend.o) .ctors)
 *(SORT(.ctors.*))
 *crtend.o(.ctors)
 *crtbegin.o(.dtors)
 *(EXCLUDE_FILE(*crtend.o) .dtors)
 *(SORT(.dtors.*))
 *crtend.o(.dtors)
 *(.rodata .rodata.* .gnu.linkonce.r.*)
 .rodata.g_nvm  0x00001cc0        0x8 D:\Home2021\ChroZen-LC\LC_AS\SoC\Ch_AS_SF2_FW-git\SoftConsole4-SF2\SF2_hw_platform\Debug\libSF2_hw_platform.a(mss_nvm.o)
 .rodata.g_nvm32
                0x00001cc8        0x8 D:\Home2021\ChroZen-LC\LC_AS\SoC\Ch_AS_SF2_FW-git\SoftConsole4-SF2\SF2_hw_platform\Debug\libSF2_hw_platform.a(mss_nvm.o)
 .rodata        0x00001cd0        0x8 D:\Home2021\ChroZen-LC\LC_AS\SoC\Ch_AS_SF2_FW-git\SoftConsole4-SF2\SF2_hw_platform\Debug\libSF2_hw_platform.a(system_m2sxxx.o)
 .rodata.str1.4
                0x00001cd8        0x4 c:/microsemi/softconsole_v4.0/arm-none-eabi-gcc/bin/../lib/gcc/arm-none-eabi/4.9.3/../../../../arm-none-eabi/lib/armv7-m\libg.a(lib_a-impure.o)
                                  0x2 (size before relaxing)
 .rodata._global_impure_ptr
                0x00001cdc        0x4 c:/microsemi/softconsole_v4.0/arm-none-eabi-gcc/bin/../lib/gcc/arm-none-eabi/4.9.3/../../../../arm-none-eabi/lib/armv7-m\libg.a(lib_a-impure.o)
                0x00001cdc                _global_impure_ptr
 *(.ARM.extab* .gnu.linkonce.armextab.*)
 *(.gcc_except_table)
 *(.eh_frame_hdr)
 *(.eh_frame)
 .eh_frame      0x00001ce0        0x0 c:/microsemi/softconsole_v4.0/arm-none-eabi-gcc/bin/../lib/gcc/arm-none-eabi/4.9.3/armv7-m/crtbegin.o
 *(.vector_table)
 *(.init)
 .init          0x00001ce0        0x4 c:/microsemi/softconsole_v4.0/arm-none-eabi-gcc/bin/../lib/gcc/arm-none-eabi/4.9.3/armv7-m/crti.o
                0x00001ce0                _init
 .init          0x00001ce4        0x8 c:/microsemi/softconsole_v4.0/arm-none-eabi-gcc/bin/../lib/gcc/arm-none-eabi/4.9.3/armv7-m/crtn.o
 *(.fini)
 .fini          0x00001cec        0x4 c:/microsemi/softconsole_v4.0/arm-none-eabi-gcc/bin/../lib/gcc/arm-none-eabi/4.9.3/armv7-m/crti.o
                0x00001cec                _fini
 .fini          0x00001cf0        0x8 c:/microsemi/softconsole_v4.0/arm-none-eabi-gcc/bin/../lib/gcc/arm-none-eabi/4.9.3/armv7-m/crtn.o
                0x00001cf8                PROVIDE (__preinit_array_start, .)
 *(.preinit_array)
                0x00001cf8                PROVIDE (__preinit_array_end, .)
                0x00001cf8                PROVIDE (__init_array_start, .)
 *(SORT(.init_array.*))
 .init_array.00000
                0x00001cf8        0x4 c:/microsemi/softconsole_v4.0/arm-none-eabi-gcc/bin/../lib/gcc/arm-none-eabi/4.9.3/../../../../arm-none-eabi/lib/armv7-m\libg.a(lib_a-__call_atexit.o)
 *(.init_array)
 .init_array    0x00001cfc        0x4 c:/microsemi/softconsole_v4.0/arm-none-eabi-gcc/bin/../lib/gcc/arm-none-eabi/4.9.3/armv7-m/crtbegin.o
                0x00001d00                PROVIDE (__init_array_end, .)
                0x00001d00                PROVIDE (__fini_array_start, .)
 *(.fini_array)
 .fini_array    0x00001d00        0x4 c:/microsemi/softconsole_v4.0/arm-none-eabi-gcc/bin/../lib/gcc/arm-none-eabi/4.9.3/armv7-m/crtbegin.o
 *(SORT(.fini_array.*))
                0x00001d04                PROVIDE (__fini_array_end, .)
                0x00001d10                . = ALIGN (0x10)
 *fill*         0x00001d04        0xc 
                0x00001d10                __exidx_start = .

.v4_bx          0x00001d10        0x0 load address 0x60001d10
 .v4_bx         0x00000000        0x0 linker stubs

.iplt           0x00001d10        0x0 load address 0x60001d10
 .iplt          0x00000000        0x0 c:/microsemi/softconsole_v4.0/arm-none-eabi-gcc/bin/../lib/gcc/arm-none-eabi/4.9.3/armv7-m/crtbegin.o

.rel.dyn        0x00001d10        0x0 load address 0x60001d10
 .rel.iplt      0x00000000        0x0 c:/microsemi/softconsole_v4.0/arm-none-eabi-gcc/bin/../lib/gcc/arm-none-eabi/4.9.3/armv7-m/crtbegin.o

.ARM.exidx
 *(.ARM.exidx* .gnu.linkonce.armexidx.*)
                0x00001d10                __exidx_end = .
                0x00001d10                _etext = .

.data           0x2000f000      0x450 load address 0x60001d10
                0x60001d10                __data_load = LOADADDR (.data)
                0x60001d10                _sidata = LOADADDR (.data)
                0x2000f000                __data_start = .
                0x2000f000                _sdata = .
 *(.jcr)
 .jcr           0x2000f000        0x0 c:/microsemi/softconsole_v4.0/arm-none-eabi-gcc/bin/../lib/gcc/arm-none-eabi/4.9.3/armv7-m/crtbegin.o
 .jcr           0x2000f000        0x4 c:/microsemi/softconsole_v4.0/arm-none-eabi-gcc/bin/../lib/gcc/arm-none-eabi/4.9.3/armv7-m/crtend.o
 *(.got.plt)
 *(.got)
 *(.shdata)
 *(.data .data.* .gnu.linkonce.d.*)
 .data.g_FrequencyFIC64
                0x2000f004        0x4 D:\Home2021\ChroZen-LC\LC_AS\SoC\Ch_AS_SF2_FW-git\SoftConsole4-SF2\SF2_hw_platform\Debug\libSF2_hw_platform.a(system_m2sxxx.o)
                0x2000f004                g_FrequencyFIC64
 .data.g_FrequencyPCLK2
                0x2000f008        0x4 D:\Home2021\ChroZen-LC\LC_AS\SoC\Ch_AS_SF2_FW-git\SoftConsole4-SF2\SF2_hw_platform\Debug\libSF2_hw_platform.a(system_m2sxxx.o)
                0x2000f008                g_FrequencyPCLK2
 .data.g_FrequencyFIC0
                0x2000f00c        0x4 D:\Home2021\ChroZen-LC\LC_AS\SoC\Ch_AS_SF2_FW-git\SoftConsole4-SF2\SF2_hw_platform\Debug\libSF2_hw_platform.a(system_m2sxxx.o)
                0x2000f00c                g_FrequencyFIC0
 .data.g_FrequencyFIC1
                0x2000f010        0x4 D:\Home2021\ChroZen-LC\LC_AS\SoC\Ch_AS_SF2_FW-git\SoftConsole4-SF2\SF2_hw_platform\Debug\libSF2_hw_platform.a(system_m2sxxx.o)
                0x2000f010                g_FrequencyFIC1
 .data.g_FrequencyPCLK0
                0x2000f014        0x4 D:\Home2021\ChroZen-LC\LC_AS\SoC\Ch_AS_SF2_FW-git\SoftConsole4-SF2\SF2_hw_platform\Debug\libSF2_hw_platform.a(system_m2sxxx.o)
                0x2000f014                g_FrequencyPCLK0
 .data.g_FrequencyPCLK1
                0x2000f018        0x4 D:\Home2021\ChroZen-LC\LC_AS\SoC\Ch_AS_SF2_FW-git\SoftConsole4-SF2\SF2_hw_platform\Debug\libSF2_hw_platform.a(system_m2sxxx.o)
                0x2000f018                g_FrequencyPCLK1
 .data.SystemCoreClock
                0x2000f01c        0x4 D:\Home2021\ChroZen-LC\LC_AS\SoC\Ch_AS_SF2_FW-git\SoftConsole4-SF2\SF2_hw_platform\Debug\libSF2_hw_platform.a(system_m2sxxx.o)
                0x2000f01c                SystemCoreClock
 .data.impure_data
                0x2000f020      0x428 c:/microsemi/softconsole_v4.0/arm-none-eabi-gcc/bin/../lib/gcc/arm-none-eabi/4.9.3/../../../../arm-none-eabi/lib/armv7-m\libg.a(lib_a-impure.o)
                0x2000f450                . = ALIGN (0x10)
 *fill*         0x2000f448        0x8 
                0x2000f450                _edata = .

.igot.plt       0x2000f450        0x0 load address 0x60002160
 .igot.plt      0x00000000        0x0 c:/microsemi/softconsole_v4.0/arm-none-eabi-gcc/bin/../lib/gcc/arm-none-eabi/4.9.3/armv7-m/crtbegin.o

.bss            0x2000f450      0x1b0 load address 0x60002160
                0x2000f450                __bss_start__ = .
                0x2000f450                _sbss = .
 *(.shbss)
 *(.bss .bss.* .gnu.linkonce.b.*)
 .bss           0x2000f450       0x1c c:/microsemi/softconsole_v4.0/arm-none-eabi-gcc/bin/../lib/gcc/arm-none-eabi/4.9.3/armv7-m/crtbegin.o
 .bss.g_nCheckStartTime
                0x2000f46c        0x4 ./src/procotol.o
 .bss.Time1mS   0x2000f470        0x4 ./src/timer.o
                0x2000f470                Time1mS
 .bss.g_do_not_lock_page
                0x2000f474        0x1 D:\Home2021\ChroZen-LC\LC_AS\SoC\Ch_AS_SF2_FW-git\SoftConsole4-SF2\SF2_hw_platform\Debug\libSF2_hw_platform.a(mss_nvm.o)
 .bss.g_envm_ctrl_locks
                0x2000f475        0x1 D:\Home2021\ChroZen-LC\LC_AS\SoC\Ch_AS_SF2_FW-git\SoftConsole4-SF2\SF2_hw_platform\Debug\libSF2_hw_platform.a(mss_nvm.o)
 *(COMMON)
 *fill*         0x2000f476        0x2 
 COMMON         0x2000f478      0x100 ./src/storage.o
                0x2000f478                g_tStorageInfo
 COMMON         0x2000f578       0x80 D:\Home2021\ChroZen-LC\LC_AS\SoC\Ch_AS_SF2_FW-git\SoftConsole4-SF2\SF2_hw_platform\Debug\libSF2_hw_platform.a(mss_uart.o)
                0x2000f578                g_mss_uart1
                0x2000f5b8                g_mss_uart0
                0x2000f600                . = ALIGN (0x10)
 *fill*         0x2000f5f8        0x8 
                0x2000f600                __bss_end__ = .
                0x2000f600                _end = .
                0x2000f600                __end = _end
                0x2000f600                _ebss = .
                0x2000f600                PROVIDE (end, .)

.heap           0x2000f600      0x200 load address 0x60002160
                0x2000f600                __heap_start__ = .
                0x2000f600                . = (. + MIN_SIZE_HEAP)
                0x2000f800                . = (. + (((ABSOLUTE (RAM_START_ADDRESS) + RAM_SIZE) - MAIN_STACK_SIZE) - .))
 *fill*         0x2000f600      0x200 
                0x2000f800                _eheap = .

.stack          0x2000f800      0x800 load address 0x60002160
                0x2000f800                __stack_start__ = .
                0x20010000                . = (. + MAIN_STACK_SIZE)
 *fill*         0x2000f800      0x800 
                0x20010000                _estack = .

.stab
 *(.stab)

.stabstr
 *(.stabstr)

.debug
 *(.debug)

.line
 *(.line)

.debug_srcinfo
 *(.debug_srcinfo)

.debug_sfnames
 *(.debug_sfnames)

.debug_aranges  0x00000000      0x580
 *(.debug_aranges)
 .debug_aranges
                0x00000000       0x20 ./src/main.o
 .debug_aranges
                0x00000020       0x58 ./src/procotol.o
 .debug_aranges
                0x00000078       0x38 ./src/run_program.o
 .debug_aranges
                0x000000b0      0x138 ./src/storage.o
 .debug_aranges
                0x000001e8       0x58 ./src/system.o
 .debug_aranges
                0x00000240       0x78 ./src/timer.o
 .debug_aranges
                0x000002b8       0x40 ./src/util.o
 .debug_aranges
                0x000002f8      0x1c0 D:\Home2021\ChroZen-LC\LC_AS\SoC\Ch_AS_SF2_FW-git\SoftConsole4-SF2\SF2_hw_platform\Debug\libSF2_hw_platform.a(mss_uart.o)
 .debug_aranges
                0x000004b8       0x78 D:\Home2021\ChroZen-LC\LC_AS\SoC\Ch_AS_SF2_FW-git\SoftConsole4-SF2\SF2_hw_platform\Debug\libSF2_hw_platform.a(mss_nvm.o)
 .debug_aranges
                0x00000530       0x20 D:\Home2021\ChroZen-LC\LC_AS\SoC\Ch_AS_SF2_FW-git\SoftConsole4-SF2\SF2_hw_platform\Debug\libSF2_hw_platform.a(startup_m2sxxx.o)
 .debug_aranges
                0x00000550       0x30 D:\Home2021\ChroZen-LC\LC_AS\SoC\Ch_AS_SF2_FW-git\SoftConsole4-SF2\SF2_hw_platform\Debug\libSF2_hw_platform.a(system_m2sxxx.o)

.debug_pubnames
 *(.debug_pubnames)

.debug_info     0x00000000     0x8e74
 *(.debug_info .gnu.linkonce.wi.*)
 .debug_info    0x00000000       0xdb ./src/main.o
 .debug_info    0x000000db      0xce5 ./src/procotol.o
 .debug_info    0x00000dc0      0x9ac ./src/run_program.o
 .debug_info    0x0000176c      0xab4 ./src/storage.o
 .debug_info    0x00002220     0x10d1 ./src/system.o
 .debug_info    0x000032f1     0x1006 ./src/timer.o
 .debug_info    0x000042f7      0x234 ./src/util.o
 .debug_info    0x0000452b     0x24c7 D:\Home2021\ChroZen-LC\LC_AS\SoC\Ch_AS_SF2_FW-git\SoftConsole4-SF2\SF2_hw_platform\Debug\libSF2_hw_platform.a(mss_uart.o)
 .debug_info    0x000069f2     0x18c2 D:\Home2021\ChroZen-LC\LC_AS\SoC\Ch_AS_SF2_FW-git\SoftConsole4-SF2\SF2_hw_platform\Debug\libSF2_hw_platform.a(mss_nvm.o)
 .debug_info    0x000082b4       0xab D:\Home2021\ChroZen-LC\LC_AS\SoC\Ch_AS_SF2_FW-git\SoftConsole4-SF2\SF2_hw_platform\Debug\libSF2_hw_platform.a(startup_m2sxxx.o)
 .debug_info    0x0000835f      0xb15 D:\Home2021\ChroZen-LC\LC_AS\SoC\Ch_AS_SF2_FW-git\SoftConsole4-SF2\SF2_hw_platform\Debug\libSF2_hw_platform.a(system_m2sxxx.o)

.debug_abbrev   0x00000000     0x1422
 *(.debug_abbrev)
 .debug_abbrev  0x00000000       0x7b ./src/main.o
 .debug_abbrev  0x0000007b      0x1fe ./src/procotol.o
 .debug_abbrev  0x00000279      0x166 ./src/run_program.o
 .debug_abbrev  0x000003df      0x233 ./src/storage.o
 .debug_abbrev  0x00000612      0x1f2 ./src/system.o
 .debug_abbrev  0x00000804      0x20c ./src/timer.o
 .debug_abbrev  0x00000a10      0x124 ./src/util.o
 .debug_abbrev  0x00000b34      0x3d0 D:\Home2021\ChroZen-LC\LC_AS\SoC\Ch_AS_SF2_FW-git\SoftConsole4-SF2\SF2_hw_platform\Debug\libSF2_hw_platform.a(mss_uart.o)
 .debug_abbrev  0x00000f04      0x319 D:\Home2021\ChroZen-LC\LC_AS\SoC\Ch_AS_SF2_FW-git\SoftConsole4-SF2\SF2_hw_platform\Debug\libSF2_hw_platform.a(mss_nvm.o)
 .debug_abbrev  0x0000121d       0x14 D:\Home2021\ChroZen-LC\LC_AS\SoC\Ch_AS_SF2_FW-git\SoftConsole4-SF2\SF2_hw_platform\Debug\libSF2_hw_platform.a(startup_m2sxxx.o)
 .debug_abbrev  0x00001231      0x1f1 D:\Home2021\ChroZen-LC\LC_AS\SoC\Ch_AS_SF2_FW-git\SoftConsole4-SF2\SF2_hw_platform\Debug\libSF2_hw_platform.a(system_m2sxxx.o)

.debug_line     0x00000000     0x5242
 *(.debug_line)
 .debug_line    0x00000000      0x741 ./src/main.o
 .debug_line    0x00000741      0x845 ./src/procotol.o
 .debug_line    0x00000f86      0x7ac ./src/run_program.o
 .debug_line    0x00001732      0xa70 ./src/storage.o
 .debug_line    0x000021a2      0x7ed ./src/system.o
 .debug_line    0x0000298f      0x81d ./src/timer.o
 .debug_line    0x000031ac      0x7d8 ./src/util.o
 .debug_line    0x00003984      0xdb9 D:\Home2021\ChroZen-LC\LC_AS\SoC\Ch_AS_SF2_FW-git\SoftConsole4-SF2\SF2_hw_platform\Debug\libSF2_hw_platform.a(mss_uart.o)
 .debug_line    0x0000473d      0x6f4 D:\Home2021\ChroZen-LC\LC_AS\SoC\Ch_AS_SF2_FW-git\SoftConsole4-SF2\SF2_hw_platform\Debug\libSF2_hw_platform.a(mss_nvm.o)
 .debug_line    0x00004e31       0xf8 D:\Home2021\ChroZen-LC\LC_AS\SoC\Ch_AS_SF2_FW-git\SoftConsole4-SF2\SF2_hw_platform\Debug\libSF2_hw_platform.a(startup_m2sxxx.o)
 .debug_line    0x00004f29      0x319 D:\Home2021\ChroZen-LC\LC_AS\SoC\Ch_AS_SF2_FW-git\SoftConsole4-SF2\SF2_hw_platform\Debug\libSF2_hw_platform.a(system_m2sxxx.o)

.debug_frame    0x00000000     0x1450
 *(.debug_frame)
 .debug_frame   0x00000000       0x30 ./src/main.o
 .debug_frame   0x00000030      0x154 ./src/procotol.o
 .debug_frame   0x00000184       0x94 ./src/run_program.o
 .debug_frame   0x00000218      0x594 ./src/storage.o
 .debug_frame   0x000007ac      0x110 ./src/system.o
 .debug_frame   0x000008bc      0x1e4 ./src/timer.o
 .debug_frame   0x00000aa0       0xd8 ./src/util.o
 .debug_frame   0x00000b78      0x56c D:\Home2021\ChroZen-LC\LC_AS\SoC\Ch_AS_SF2_FW-git\SoftConsole4-SF2\SF2_hw_platform\Debug\libSF2_hw_platform.a(mss_uart.o)
 .debug_frame   0x000010e4      0x1bc D:\Home2021\ChroZen-LC\LC_AS\SoC\Ch_AS_SF2_FW-git\SoftConsole4-SF2\SF2_hw_platform\Debug\libSF2_hw_platform.a(mss_nvm.o)
 .debug_frame   0x000012a0       0x50 D:\Home2021\ChroZen-LC\LC_AS\SoC\Ch_AS_SF2_FW-git\SoftConsole4-SF2\SF2_hw_platform\Debug\libSF2_hw_platform.a(system_m2sxxx.o)
 .debug_frame   0x000012f0       0x28 c:/microsemi/softconsole_v4.0/arm-none-eabi-gcc/bin/../lib/gcc/arm-none-eabi/4.9.3/../../../../arm-none-eabi/lib/armv7-m\libg.a(lib_a-exit.o)
 .debug_frame   0x00001318       0x2c c:/microsemi/softconsole_v4.0/arm-none-eabi-gcc/bin/../lib/gcc/arm-none-eabi/4.9.3/../../../../arm-none-eabi/lib/armv7-m\libg.a(lib_a-init.o)
 .debug_frame   0x00001344       0x34 c:/microsemi/softconsole_v4.0/arm-none-eabi-gcc/bin/../lib/gcc/arm-none-eabi/4.9.3/../../../../arm-none-eabi/lib/armv7-m\libg.a(lib_a-memset.o)
 .debug_frame   0x00001378       0x50 c:/microsemi/softconsole_v4.0/arm-none-eabi-gcc/bin/../lib/gcc/arm-none-eabi/4.9.3/../../../../arm-none-eabi/lib/armv7-m\libg.a(lib_a-__call_atexit.o)
 .debug_frame   0x000013c8       0x20 c:/microsemi/softconsole_v4.0/arm-none-eabi-gcc/bin/../lib/gcc/arm-none-eabi/4.9.3/../../../../arm-none-eabi/lib/armv7-m\libg.a(lib_a-atexit.o)
 .debug_frame   0x000013e8       0x34 c:/microsemi/softconsole_v4.0/arm-none-eabi-gcc/bin/../lib/gcc/arm-none-eabi/4.9.3/../../../../arm-none-eabi/lib/armv7-m\libg.a(lib_a-fini.o)
 .debug_frame   0x0000141c       0x34 c:/microsemi/softconsole_v4.0/arm-none-eabi-gcc/bin/../lib/gcc/arm-none-eabi/4.9.3/../../../../arm-none-eabi/lib/armv7-m\libg.a(lib_a-__atexit.o)

.debug_str      0x00000000    0x1120f
 *(.debug_str)
 .debug_str     0x00000000     0xd56a ./src/main.o
                               0xd7ef (size before relaxing)
 .debug_str     0x0000d56a      0xa92 ./src/procotol.o
                               0xe322 (size before relaxing)
 .debug_str     0x0000dffc      0x81f ./src/run_program.o
                               0xe028 (size before relaxing)
 .debug_str     0x0000e81b      0x3de ./src/storage.o
                               0xdc9d (size before relaxing)
 .debug_str     0x0000ebf9       0xd8 ./src/system.o
                               0xe6f6 (size before relaxing)
 .debug_str     0x0000ecd1      0x332 ./src/timer.o
                               0xe7b0 (size before relaxing)
 .debug_str     0x0000f003       0x66 ./src/util.o
                               0xd854 (size before relaxing)
 .debug_str     0x0000f069     0x103f D:\Home2021\ChroZen-LC\LC_AS\SoC\Ch_AS_SF2_FW-git\SoftConsole4-SF2\SF2_hw_platform\Debug\libSF2_hw_platform.a(mss_uart.o)
                               0xb10b (size before relaxing)
 .debug_str     0x000100a8      0xc37 D:\Home2021\ChroZen-LC\LC_AS\SoC\Ch_AS_SF2_FW-git\SoftConsole4-SF2\SF2_hw_platform\Debug\libSF2_hw_platform.a(mss_nvm.o)
                               0x9efb (size before relaxing)
 .debug_str     0x00010cdf      0x530 D:\Home2021\ChroZen-LC\LC_AS\SoC\Ch_AS_SF2_FW-git\SoftConsole4-SF2\SF2_hw_platform\Debug\libSF2_hw_platform.a(system_m2sxxx.o)
                               0x9430 (size before relaxing)

.debug_loc      0x00000000     0x2adc
 *(.debug_loc)
 .debug_loc     0x00000000     0x145a D:\Home2021\ChroZen-LC\LC_AS\SoC\Ch_AS_SF2_FW-git\SoftConsole4-SF2\SF2_hw_platform\Debug\libSF2_hw_platform.a(mss_uart.o)
 .debug_loc     0x0000145a     0x15d0 D:\Home2021\ChroZen-LC\LC_AS\SoC\Ch_AS_SF2_FW-git\SoftConsole4-SF2\SF2_hw_platform\Debug\libSF2_hw_platform.a(mss_nvm.o)
 .debug_loc     0x00002a2a       0xb2 D:\Home2021\ChroZen-LC\LC_AS\SoC\Ch_AS_SF2_FW-git\SoftConsole4-SF2\SF2_hw_platform\Debug\libSF2_hw_platform.a(system_m2sxxx.o)

.debug_macinfo
 *(.debug_macinfo)

.debug_weaknames
 *(.debug_weaknames)

.debug_funcnames
 *(.debug_funcnames)

.debug_typenames
 *(.debug_typenames)

.debug_varnames
 *(.debug_varnames)

.note.gnu.arm.ident
 *(.note.gnu.arm.ident)

.ARM.attributes
                0x00000000       0x29
 *(.ARM.attributes)
 .ARM.attributes
                0x00000000       0x1d c:/microsemi/softconsole_v4.0/arm-none-eabi-gcc/bin/../lib/gcc/arm-none-eabi/4.9.3/armv7-m/crti.o
 .ARM.attributes
                0x0000001d       0x2d c:/microsemi/softconsole_v4.0/arm-none-eabi-gcc/bin/../lib/gcc/arm-none-eabi/4.9.3/armv7-m/crtbegin.o
 .ARM.attributes
                0x0000004a       0x1b c:/microsemi/softconsole_v4.0/arm-none-eabi-gcc/bin/../lib/gcc/arm-none-eabi/4.9.3/../../../../arm-none-eabi/lib/armv7-m/crt0.o
 .ARM.attributes
                0x00000065       0x33 ./src/main.o
 .ARM.attributes
                0x00000098       0x33 ./src/procotol.o
 .ARM.attributes
                0x000000cb       0x33 ./src/run_program.o
 .ARM.attributes
                0x000000fe       0x33 ./src/storage.o
 .ARM.attributes
                0x00000131       0x33 ./src/system.o
 .ARM.attributes
                0x00000164       0x33 ./src/timer.o
 .ARM.attributes
                0x00000197       0x33 ./src/util.o
 .ARM.attributes
                0x000001ca       0x33 D:\Home2021\ChroZen-LC\LC_AS\SoC\Ch_AS_SF2_FW-git\SoftConsole4-SF2\SF2_hw_platform\Debug\libSF2_hw_platform.a(mss_uart.o)
 .ARM.attributes
                0x000001fd       0x33 D:\Home2021\ChroZen-LC\LC_AS\SoC\Ch_AS_SF2_FW-git\SoftConsole4-SF2\SF2_hw_platform\Debug\libSF2_hw_platform.a(mss_nvm.o)
 .ARM.attributes
                0x00000230       0x21 D:\Home2021\ChroZen-LC\LC_AS\SoC\Ch_AS_SF2_FW-git\SoftConsole4-SF2\SF2_hw_platform\Debug\libSF2_hw_platform.a(startup_m2sxxx.o)
 .ARM.attributes
                0x00000251       0x33 D:\Home2021\ChroZen-LC\LC_AS\SoC\Ch_AS_SF2_FW-git\SoftConsole4-SF2\SF2_hw_platform\Debug\libSF2_hw_platform.a(system_m2sxxx.o)
 .ARM.attributes
                0x00000284       0x2d c:/microsemi/softconsole_v4.0/arm-none-eabi-gcc/bin/../lib/gcc/arm-none-eabi/4.9.3/../../../../arm-none-eabi/lib/armv7-m\libg.a(lib_a-ctype_.o)
 .ARM.attributes
                0x000002b1       0x2d c:/microsemi/softconsole_v4.0/arm-none-eabi-gcc/bin/../lib/gcc/arm-none-eabi/4.9.3/../../../../arm-none-eabi/lib/armv7-m\libg.a(lib_a-exit.o)
 .ARM.attributes
                0x000002de       0x2d c:/microsemi/softconsole_v4.0/arm-none-eabi-gcc/bin/../lib/gcc/arm-none-eabi/4.9.3/../../../../arm-none-eabi/lib/armv7-m\libg.a(lib_a-impure.o)
 .ARM.attributes
                0x0000030b       0x2d c:/microsemi/softconsole_v4.0/arm-none-eabi-gcc/bin/../lib/gcc/arm-none-eabi/4.9.3/../../../../arm-none-eabi/lib/armv7-m\libg.a(lib_a-init.o)
 .ARM.attributes
                0x00000338       0x1b c:/microsemi/softconsole_v4.0/arm-none-eabi-gcc/bin/../lib/gcc/arm-none-eabi/4.9.3/../../../../arm-none-eabi/lib/armv7-m\libg.a(lib_a-memcpy.o)
 .ARM.attributes
                0x00000353       0x2d c:/microsemi/softconsole_v4.0/arm-none-eabi-gcc/bin/../lib/gcc/arm-none-eabi/4.9.3/../../../../arm-none-eabi/lib/armv7-m\libg.a(lib_a-memset.o)
 .ARM.attributes
                0x00000380       0x2d c:/microsemi/softconsole_v4.0/arm-none-eabi-gcc/bin/../lib/gcc/arm-none-eabi/4.9.3/../../../../arm-none-eabi/lib/armv7-m\libg.a(lib_a-__call_atexit.o)
 .ARM.attributes
                0x000003ad       0x2d c:/microsemi/softconsole_v4.0/arm-none-eabi-gcc/bin/../lib/gcc/arm-none-eabi/4.9.3/../../../../arm-none-eabi/lib/armv7-m\libg.a(lib_a-atexit.o)
 .ARM.attributes
                0x000003da       0x2d c:/microsemi/softconsole_v4.0/arm-none-eabi-gcc/bin/../lib/gcc/arm-none-eabi/4.9.3/../../../../arm-none-eabi/lib/armv7-m\libg.a(lib_a-fini.o)
 .ARM.attributes
                0x00000407       0x2d c:/microsemi/softconsole_v4.0/arm-none-eabi-gcc/bin/../lib/gcc/arm-none-eabi/4.9.3/../../../../arm-none-eabi/lib/armv7-m\libg.a(lib_a-__atexit.o)
 .ARM.attributes
                0x00000434       0x2d c:/microsemi/softconsole_v4.0/arm-none-eabi-gcc/bin/../lib/gcc/arm-none-eabi/4.9.3/armv7-m/crtend.o
 .ARM.attributes
                0x00000461       0x1d c:/microsemi/softconsole_v4.0/arm-none-eabi-gcc/bin/../lib/gcc/arm-none-eabi/4.9.3/armv7-m/crtn.o

/DISCARD/
 *(.note.GNU-stack)
OUTPUT(SF2_Bootloader.elf elf32-littlearm)

.debug_ranges   0x00000000      0x598
 .debug_ranges  0x00000000       0x10 ./src/main.o
 .debug_ranges  0x00000010       0x48 ./src/procotol.o
 .debug_ranges  0x00000058       0x28 ./src/run_program.o
 .debug_ranges  0x00000080      0x128 ./src/storage.o
 .debug_ranges  0x000001a8       0x48 ./src/system.o
 .debug_ranges  0x000001f0       0x68 ./src/timer.o
 .debug_ranges  0x00000258       0x30 ./src/util.o
 .debug_ranges  0x00000288      0x1f8 D:\Home2021\ChroZen-LC\LC_AS\SoC\Ch_AS_SF2_FW-git\SoftConsole4-SF2\SF2_hw_platform\Debug\libSF2_hw_platform.a(mss_uart.o)
 .debug_ranges  0x00000480       0xb0 D:\Home2021\ChroZen-LC\LC_AS\SoC\Ch_AS_SF2_FW-git\SoftConsole4-SF2\SF2_hw_platform\Debug\libSF2_hw_platform.a(mss_nvm.o)
 .debug_ranges  0x00000530       0x68 D:\Home2021\ChroZen-LC\LC_AS\SoC\Ch_AS_SF2_FW-git\SoftConsole4-SF2\SF2_hw_platform\Debug\libSF2_hw_platform.a(system_m2sxxx.o)

.debug_macro    0x00000000     0x5093
 .debug_macro   0x00000000      0x2c1 ./src/main.o
 .debug_macro   0x000002c1      0x862 ./src/main.o
 .debug_macro   0x00000b23       0x58 ./src/main.o
 .debug_macro   0x00000b7b       0x22 ./src/main.o
 .debug_macro   0x00000b9d       0x35 ./src/main.o
 .debug_macro   0x00000bd2       0x9c ./src/main.o
 .debug_macro   0x00000c6e       0xa6 ./src/main.o
 .debug_macro   0x00000d14       0x58 ./src/main.o
 .debug_macro   0x00000d6c       0x1c ./src/main.o
 .debug_macro   0x00000d88       0x4a ./src/main.o
 .debug_macro   0x00000dd2       0x97 ./src/main.o
 .debug_macro   0x00000e69      0x29d ./src/main.o
 .debug_macro   0x00001106       0xef ./src/main.o
 .debug_macro   0x000011f5       0x52 ./src/main.o
 .debug_macro   0x00001247       0x16 ./src/main.o
 .debug_macro   0x0000125d       0x43 ./src/main.o
 .debug_macro   0x000012a0      0x180 ./src/main.o
 .debug_macro   0x00001420       0x10 ./src/main.o
 .debug_macro   0x00001430       0x22 ./src/main.o
 .debug_macro   0x00001452       0x22 ./src/main.o
 .debug_macro   0x00001474       0xbe ./src/main.o
 .debug_macro   0x00001532       0x16 ./src/main.o
 .debug_macro   0x00001548      0x197 ./src/main.o
 .debug_macro   0x000016df       0x16 ./src/main.o
 .debug_macro   0x000016f5       0x35 ./src/main.o
 .debug_macro   0x0000172a       0x16 ./src/main.o
 .debug_macro   0x00001740       0x29 ./src/main.o
 .debug_macro   0x00001769       0x16 ./src/main.o
 .debug_macro   0x0000177f       0x58 ./src/main.o
 .debug_macro   0x000017d7      0x1df ./src/main.o
 .debug_macro   0x000019b6       0x2b ./src/main.o
 .debug_macro   0x000019e1      0x118 ./src/main.o
 .debug_macro   0x00001af9       0x22 ./src/main.o
 .debug_macro   0x00001b1b       0x26 ./src/main.o
 .debug_macro   0x00001b41       0x3a ./src/main.o
 .debug_macro   0x00001b7b       0x34 ./src/main.o
 .debug_macro   0x00001baf      0xc83 ./src/main.o
 .debug_macro   0x00002832      0x265 ./src/main.o
 .debug_macro   0x00002a97       0x3a ./src/main.o
 .debug_macro   0x00002ad1       0x34 ./src/main.o
 .debug_macro   0x00002b05      0x177 ./src/main.o
 .debug_macro   0x00002c7c       0x16 ./src/main.o
 .debug_macro   0x00002c92       0x27 ./src/main.o
 .debug_macro   0x00002cb9       0x1d ./src/main.o
 .debug_macro   0x00002cd6       0x2e ./src/main.o
 .debug_macro   0x00002d04       0x3a ./src/main.o
 .debug_macro   0x00002d3e      0x196 ./src/main.o
 .debug_macro   0x00002ed4       0x4c ./src/main.o
 .debug_macro   0x00002f20      0x302 ./src/procotol.o
 .debug_macro   0x00003222      0x2d3 ./src/run_program.o
 .debug_macro   0x000034f5      0x2c7 ./src/storage.o
 .debug_macro   0x000037bc      0x2c1 ./src/system.o
 .debug_macro   0x00003a7d      0x2c1 ./src/timer.o
 .debug_macro   0x00003d3e      0x2c1 ./src/util.o
 .debug_macro   0x00003fff      0x168 D:\Home2021\ChroZen-LC\LC_AS\SoC\Ch_AS_SF2_FW-git\SoftConsole4-SF2\SF2_hw_platform\Debug\libSF2_hw_platform.a(mss_uart.o)
 .debug_macro   0x00004167      0x874 D:\Home2021\ChroZen-LC\LC_AS\SoC\Ch_AS_SF2_FW-git\SoftConsole4-SF2\SF2_hw_platform\Debug\libSF2_hw_platform.a(mss_uart.o)
 .debug_macro   0x000049db       0x44 D:\Home2021\ChroZen-LC\LC_AS\SoC\Ch_AS_SF2_FW-git\SoftConsole4-SF2\SF2_hw_platform\Debug\libSF2_hw_platform.a(mss_uart.o)
 .debug_macro   0x00004a1f      0x16d D:\Home2021\ChroZen-LC\LC_AS\SoC\Ch_AS_SF2_FW-git\SoftConsole4-SF2\SF2_hw_platform\Debug\libSF2_hw_platform.a(mss_uart.o)
 .debug_macro   0x00004b8c       0xe2 D:\Home2021\ChroZen-LC\LC_AS\SoC\Ch_AS_SF2_FW-git\SoftConsole4-SF2\SF2_hw_platform\Debug\libSF2_hw_platform.a(mss_uart.o)
 .debug_macro   0x00004c6e       0x1c D:\Home2021\ChroZen-LC\LC_AS\SoC\Ch_AS_SF2_FW-git\SoftConsole4-SF2\SF2_hw_platform\Debug\libSF2_hw_platform.a(mss_uart.o)
 .debug_macro   0x00004c8a       0x22 D:\Home2021\ChroZen-LC\LC_AS\SoC\Ch_AS_SF2_FW-git\SoftConsole4-SF2\SF2_hw_platform\Debug\libSF2_hw_platform.a(mss_uart.o)
 .debug_macro   0x00004cac      0x292 D:\Home2021\ChroZen-LC\LC_AS\SoC\Ch_AS_SF2_FW-git\SoftConsole4-SF2\SF2_hw_platform\Debug\libSF2_hw_platform.a(mss_nvm.o)
 .debug_macro   0x00004f3e      0x155 D:\Home2021\ChroZen-LC\LC_AS\SoC\Ch_AS_SF2_FW-git\SoftConsole4-SF2\SF2_hw_platform\Debug\libSF2_hw_platform.a(system_m2sxxx.o)

.comment        0x00000000       0x70
 .comment       0x00000000       0x70 ./src/main.o
                                 0x71 (size before relaxing)
 .comment       0x00000000       0x71 ./src/procotol.o
 .comment       0x00000000       0x71 ./src/run_program.o
 .comment       0x00000000       0x71 ./src/storage.o
 .comment       0x00000000       0x71 ./src/system.o
 .comment       0x00000000       0x71 ./src/timer.o
 .comment       0x00000000       0x71 ./src/util.o
 .comment       0x00000000       0x71 D:\Home2021\ChroZen-LC\LC_AS\SoC\Ch_AS_SF2_FW-git\SoftConsole4-SF2\SF2_hw_platform\Debug\libSF2_hw_platform.a(mss_uart.o)
 .comment       0x00000000       0x71 D:\Home2021\ChroZen-LC\LC_AS\SoC\Ch_AS_SF2_FW-git\SoftConsole4-SF2\SF2_hw_platform\Debug\libSF2_hw_platform.a(mss_nvm.o)
 .comment       0x00000000       0x71 D:\Home2021\ChroZen-LC\LC_AS\SoC\Ch_AS_SF2_FW-git\SoftConsole4-SF2\SF2_hw_platform\Debug\libSF2_hw_platform.a(system_m2sxxx.o)
